157.55.39.0 - - [12/Feb/2023:00:08:15 +0100] "GET /fr/rp-1/bastones-telescopicos-plegables-trekking-verdes-satue.html HTTP/1.1" 200 25435 "-" "Mozilla/5.0 AppleWebKit/537.36 (KHTML, like Gecko; compatible; bingbot/2.0; +http://www.bing.com/bingbot.htm) Chrome/103.0.5060.134 Safari/537.36"
89.141.13.28 - - [12/Feb/2023:00:08:20 +0100] "GET /hombre.html?_=1676156847205&p=4 HTTP/1.1" 200 27037 "https://www.izas-outdoor.com/hombre.html" "Mozilla/5.0 (Linux; Android 12; SM-A336B Build/SP1A.210812.016; wv) AppleWebKit/537.36 (KHTML, like Gecko) Version/4.0 Chrome/109.0.5414.117 Mobile Safari/537.36 [FB_IAB/FB4A;FBAV/401.0.0.24.77;]"
172.31.18.245 - - [12/Feb/2023:00:08:20 +0100] "GET /healthcheck HTTP/1.1" 200 0 "-" "ELB-HealthChecker/2.0"
172.31.18.245 - - [12/Feb/2023:00:08:21 +0100] "GET /healthcheck HTTP/1.1" 200 0 "-" "ELB-HealthChecker/2.0"
172.31.44.91 - - [12/Feb/2023:00:08:21 +0100] "GET /healthcheck HTTP/1.1" 200 0 "-" "ELB-HealthChecker/2.0"
172.31.44.91 - - [12/Feb/2023:00:08:21 +0100] "GET /healthcheck HTTP/1.1" 200 0 "-" "ELB-HealthChecker/2.0"
66.249.70.175 - - [12/Feb/2023:00:08:22 +0100] "GET /fr/pantalon-de-monta-a-gris-y-rosa-mujer-estacional-baltic-w-co.html HTTP/1.1" 200 25862 "-" "Mozilla/5.0 (compatible; Googlebot/2.1; +http://www.google.com/bot.html)"
172.31.18.245 - - [12/Feb/2023:00:08:30 +0100] "GET /healthcheck HTTP/1.1" 200 0 "-" "ELB-HealthChecker/2.0"
172.31.18.245 - - [12/Feb/2023:00:08:31 +0100] "GET /healthcheck HTTP/1.1" 200 0 "-" "ELB-HealthChecker/2.0"
172.31.44.91 - - [12/Feb/2023:00:08:31 +0100] "GET /healthcheck HTTP/1.1" 200 0 "-" "ELB-HealthChecker/2.0"
172.31.44.91 - - [12/Feb/2023:00:08:31 +0100] "GET /healthcheck HTTP/1.1" 200 0 "-" "ELB-HealthChecker/2.0"
172.31.18.245 - - [12/Feb/2023:00:08:40 +0100] "GET /healthcheck HTTP/1.1" 200 0 "-" "ELB-HealthChecker/2.0"
172.31.18.245 - - [12/Feb/2023:00:08:41 +0100] "GET /healthcheck HTTP/1.1" 200 0 "-" "ELB-HealthChecker/2.0"
172.31.44.91 - - [12/Feb/2023:00:08:41 +0100] "GET /healthcheck HTTP/1.1" 200 0 "-" "ELB-HealthChecker/2.0"
172.31.44.91 - - [12/Feb/2023:00:08:41 +0100] "GET /healthcheck HTTP/1.1" 200 0 "-" "ELB-HealthChecker/2.0"
89.141.13.28 - - [12/Feb/2023:00:08:42 +0100] "GET /hombre.html?_=1676156847206&p=5 HTTP/1.1" 200 26834 "https://www.izas-outdoor.com/hombre.html" "Mozilla/5.0 (Linux; Android 12; SM-A336B Build/SP1A.210812.016; wv) AppleWebKit/537.36 (KHTML, like Gecko) Version/4.0 Chrome/109.0.5414.117 Mobile Safari/537.36 [FB_IAB/FB4A;FBAV/401.0.0.24.77;]"
172.31.18.245 - - [12/Feb/2023:00:08:50 +0100] "GET /healthcheck HTTP/1.1" 200 0 "-" "ELB-HealthChecker/2.0"
47.60.50.19 - - [12/Feb/2023:00:08:51 +0100] "GET /es/?gclid=CjwKCAiAlp2fBhBPEiwA2Q10D-f4sO1PDoqCFzJQpeusWk7DYAXEjmFjbDu5sRkunFwZr-dmnb-YehoCeosQAvD_BwE HTTP/1.1" 200 22580 "-" "Mozilla/5.0 (iPhone; CPU iPhone OS 16_1_2 like Mac OS X) AppleWebKit/605.1.15 (KHTML, like Gecko) Version/16.1 Mobile/15E148 Safari/604.1"
172.31.18.245 - - [12/Feb/2023:00:08:51 +0100] "GET /healthcheck HTTP/1.1" 200 0 "-" "ELB-HealthChecker/2.0"
172.31.44.91 - - [12/Feb/2023:00:08:51 +0100] "GET /healthcheck HTTP/1.1" 200 0 "-" "ELB-HealthChecker/2.0"
172.31.44.91 - - [12/Feb/2023:00:08:51 +0100] "GET /healthcheck HTTP/1.1" 200 0 "-" "ELB-HealthChecker/2.0"
89.141.13.28 - - [12/Feb/2023:00:08:52 +0100] "GET /hombre.html?_=1676156847207&p=6 HTTP/1.1" 200 26683 "https://www.izas-outdoor.com/hombre.html" "Mozilla/5.0 (Linux; Android 12; SM-A336B Build/SP1A.210812.016; wv) AppleWebKit/537.36 (KHTML, like Gecko) Version/4.0 Chrome/109.0.5414.117 Mobile Safari/537.36 [FB_IAB/FB4A;FBAV/401.0.0.24.77;]"
47.60.50.19 - - [12/Feb/2023:00:08:53 +0100] "GET /customer/section/load/?sections=cart&force_new_section_timestamp=false&_=1676156932296 HTTP/1.1" 200 617 "https://www.izas-outdoor.com/es/?gclid=CjwKCAiAlp2fBhBPEiwA2Q10D-f4sO1PDoqCFzJQpeusWk7DYAXEjmFjbDu5sRkunFwZr-dmnb-YehoCeosQAvD_BwE" "Mozilla/5.0 (iPhone; CPU iPhone OS 16_1_2 like Mac OS X) AppleWebKit/605.1.15 (KHTML, like Gecko) Version/16.1 Mobile/15E148 Safari/604.1"
47.60.50.19 - - [12/Feb/2023:00:08:53 +0100] "GET /customer/section/load/?sections=cart&force_new_section_timestamp=false&_=1676156932296 HTTP/1.1" 200 617 "https://www.izas-outdoor.com/es/?gclid=CjwKCAiAlp2fBhBPEiwA2Q10D-f4sO1PDoqCFzJQpeusWk7DYAXEjmFjbDu5sRkunFwZr-dmnb-YehoCeosQAvD_BwE" "Mozilla/5.0 (iPhone; CPU iPhone OS 16_1_2 like Mac OS X) AppleWebKit/605.1.15 (KHTML, like Gecko) Version/16.1 Mobile/15E148 Safari/604.1"
47.60.50.19 - - [12/Feb/2023:00:08:53 +0100] "GET /customer/section/load/?sections=cart&force_new_section_timestamp=false&_=1676156932297 HTTP/1.1" 200 617 "https://www.izas-outdoor.com/es/?gclid=CjwKCAiAlp2fBhBPEiwA2Q10D-f4sO1PDoqCFzJQpeusWk7DYAXEjmFjbDu5sRkunFwZr-dmnb-YehoCeosQAvD_BwE" "Mozilla/5.0 (iPhone; CPU iPhone OS 16_1_2 like Mac OS X) AppleWebKit/605.1.15 (KHTML, like Gecko) Version/16.1 Mobile/15E148 Safari/604.1"
47.60.50.19 - - [12/Feb/2023:00:08:53 +0100] "GET /customer/section/load/?sections=cart&force_new_section_timestamp=false&_=1676156932297 HTTP/1.1" 200 617 "https://www.izas-outdoor.com/es/?gclid=CjwKCAiAlp2fBhBPEiwA2Q10D-f4sO1PDoqCFzJQpeusWk7DYAXEjmFjbDu5sRkunFwZr-dmnb-YehoCeosQAvD_BwE" "Mozilla/5.0 (iPhone; CPU iPhone OS 16_1_2 like Mac OS X) AppleWebKit/605.1.15 (KHTML, like Gecko) Version/16.1 Mobile/15E148 Safari/604.1"
186.175.61.78 - - [12/Feb/2023:00:08:54 +0100] "GET /?gclid=EAIaIQobChMIx5PkypDX-wIVVgJcCh0spQarEAEYASAAEgKECPD_BwE HTTP/1.1" 200 21507 "-" "Mozilla/5.0 (Linux; Android 11; moto e20) AppleWebKit/537.36 (KHTML, like Gecko) Chrome/109.0.0.0 Mobile Safari/537.36"
186.175.163.86 - - [12/Feb/2023:00:08:55 +0100] "GET /?gclid=EAIaIQobChMI2vvj1sqO_QIVzb-VAh3CTAxQEAEYASAAEgLNc_D_BwE HTTP/1.1" 200 21507 "-" "Mozilla/5.0 (Linux; Android 11; LM-K510) AppleWebKit/537.36 (KHTML, like Gecko) Chrome/94.0.4606.85 Mobile Safari/537.36"
95.127.225.167 - - [12/Feb/2023:00:08:55 +0100] "GET /customer/section/load/?sections=cart&force_new_section_timestamp=false&_=1676156933428 HTTP/1.1" 200 618 "https://www.izas-outdoor.com/rebajas-ropa-montana.html" "Mozilla/5.0 (Linux; Android 11; SM-A505FN) AppleWebKit/537.36 (KHTML, like Gecko) Chrome/109.0.0.0 Mobile Safari/537.36"
95.127.225.167 - - [12/Feb/2023:00:08:55 +0100] "GET /customer/section/load/?sections=cart&force_new_section_timestamp=false&_=1676156933428 HTTP/1.1" 200 606 "https://www.izas-outdoor.com/rebajas-ropa-montana.html" "Mozilla/5.0 (Linux; Android 11; SM-A505FN) AppleWebKit/537.36 (KHTML, like Gecko) Chrome/109.0.0.0 Mobile Safari/537.36"
95.127.225.167 - - [12/Feb/2023:00:08:55 +0100] "GET /customer/section/load/?sections=cart&force_new_section_timestamp=false&_=1676156933427 HTTP/1.1" 200 618 "https://www.izas-outdoor.com/rebajas-ropa-montana.html" "Mozilla/5.0 (Linux; Android 11; SM-A505FN) AppleWebKit/537.36 (KHTML, like Gecko) Chrome/109.0.0.0 Mobile Safari/537.36"
95.127.225.167 - - [12/Feb/2023:00:08:55 +0100] "GET /customer/section/load/?sections=cart&force_new_section_timestamp=false&_=1676156933427 HTTP/1.1" 200 606 "https://www.izas-outdoor.com/rebajas-ropa-montana.html" "Mozilla/5.0 (Linux; Android 11; SM-A505FN) AppleWebKit/537.36 (KHTML, like Gecko) Chrome/109.0.0.0 Mobile Safari/537.36"
172.31.18.245 - - [12/Feb/2023:00:09:00 +0100] "GET /healthcheck HTTP/1.1" 200 0 "-" "ELB-HealthChecker/2.0"
172.31.18.245 - - [12/Feb/2023:00:09:01 +0100] "GET /healthcheck HTTP/1.1" 200 0 "-" "ELB-HealthChecker/2.0"
172.31.44.91 - - [12/Feb/2023:00:09:01 +0100] "GET /healthcheck HTTP/1.1" 200 0 "-" "ELB-HealthChecker/2.0"
172.31.44.91 - - [12/Feb/2023:00:09:01 +0100] "GET /healthcheck HTTP/1.1" 200 0 "-" "ELB-HealthChecker/2.0"
89.141.13.28 - - [12/Feb/2023:00:09:03 +0100] "GET /hombre.html?_=1676156847208&p=7 HTTP/1.1" 200 26935 "https://www.izas-outdoor.com/hombre.html" "Mozilla/5.0 (Linux; Android 12; SM-A336B Build/SP1A.210812.016; wv) AppleWebKit/537.36 (KHTML, like Gecko) Version/4.0 Chrome/109.0.5414.117 Mobile Safari/537.36 [FB_IAB/FB4A;FBAV/401.0.0.24.77;]"
85.52.203.134 - - [12/Feb/2023:00:09:03 +0100] "GET /es/?gclid=CjwKCAiAlp2fBhBPEiwA2Q10D9xxoQtZDb_HMGhkwALaGZlt3fDGa_sDZryXkc4sWIT4quuikQqu3BoCcnUQAvD_BwE HTTP/1.1" 200 22580 "-" "Mozilla/5.0 (Linux; Android 8.0.0; G3121) AppleWebKit/537.36 (KHTML, like Gecko) Chrome/109.0.0.0 Mobile Safari/537.36"
95.127.225.167 - - [12/Feb/2023:00:09:04 +0100] "GET /catalog/product/view/id/82999/s/pantalon-de-trekking-azul-oscuro-para-mujer-invierno-asgard-w-fw/category/506/ HTTP/1.1" 200 26452 "https://www.izas-outdoor.com/rebajas-ropa-montana.html" "Mozilla/5.0 (Linux; Android 11; SM-A505FN) AppleWebKit/537.36 (KHTML, like Gecko) Chrome/109.0.0.0 Mobile Safari/537.36"
95.127.225.167 - - [12/Feb/2023:00:09:09 +0100] "GET /customer/section/load/?sections=cart&force_new_section_timestamp=false&_=1676156946948 HTTP/1.1" 200 617 "https://www.izas-outdoor.com/catalog/product/view/id/82999/s/pantalon-de-trekking-azul-oscuro-para-mujer-invierno-asgard-w-fw/category/506/" "Mozilla/5.0 (Linux; Android 11; SM-A505FN) AppleWebKit/537.36 (KHTML, like Gecko) Chrome/109.0.0.0 Mobile Safari/537.36"
95.127.225.167 - - [12/Feb/2023:00:09:09 +0100] "GET /customer/section/load/?sections=cart&force_new_section_timestamp=false&_=1676156946948 HTTP/1.1" 200 605 "https://www.izas-outdoor.com/catalog/product/view/id/82999/s/pantalon-de-trekking-azul-oscuro-para-mujer-invierno-asgard-w-fw/category/506/" "Mozilla/5.0 (Linux; Android 11; SM-A505FN) AppleWebKit/537.36 (KHTML, like Gecko) Chrome/109.0.0.0 Mobile Safari/537.36"
47.60.50.19 - - [12/Feb/2023:00:09:09 +0100] "GET /customer/section/load/?sections=cart&force_new_section_timestamp=false&_=1676156949388 HTTP/1.1" 200 617 "https://www.izas-outdoor.com/mujer/zapatos/botas-zapatos-de-trekking.html" "Mozilla/5.0 (iPhone; CPU iPhone OS 16_1_2 like Mac OS X) AppleWebKit/605.1.15 (KHTML, like Gecko) Version/16.1 Mobile/15E148 Safari/604.1"
47.60.50.19 - - [12/Feb/2023:00:09:09 +0100] "GET /customer/section/load/?sections=cart&force_new_section_timestamp=false&_=1676156949388 HTTP/1.1" 200 605 "https://www.izas-outdoor.com/mujer/zapatos/botas-zapatos-de-trekking.html" "Mozilla/5.0 (iPhone; CPU iPhone OS 16_1_2 like Mac OS X) AppleWebKit/605.1.15 (KHTML, like Gecko) Version/16.1 Mobile/15E148 Safari/604.1"
89.141.13.28 - - [12/Feb/2023:00:09:10 +0100] "GET /hombre.html?_=1676156847209&p=8 HTTP/1.1" 200 26554 "https://www.izas-outdoor.com/hombre.html" "Mozilla/5.0 (Linux; Android 12; SM-A336B Build/SP1A.210812.016; wv) AppleWebKit/537.36 (KHTML, like Gecko) Version/4.0 Chrome/109.0.5414.117 Mobile Safari/537.36 [FB_IAB/FB4A;FBAV/401.0.0.24.77;]"
47.60.50.19 - - [12/Feb/2023:00:09:10 +0100] "GET /customer/section/load/?sections=cart&force_new_section_timestamp=false&_=1676156949390 HTTP/1.1" 200 617 "https://www.izas-outdoor.com/mujer/zapatos/botas-zapatos-de-trekking.html" "Mozilla/5.0 (iPhone; CPU iPhone OS 16_1_2 like Mac OS X) AppleWebKit/605.1.15 (KHTML, like Gecko) Version/16.1 Mobile/15E148 Safari/604.1"
47.60.50.19 - - [12/Feb/2023:00:09:10 +0100] "GET /customer/section/load/?sections=cart&force_new_section_timestamp=false&_=1676156949390 HTTP/1.1" 200 605 "https://www.izas-outdoor.com/mujer/zapatos/botas-zapatos-de-trekking.html" "Mozilla/5.0 (iPhone; CPU iPhone OS 16_1_2 like Mac OS X) AppleWebKit/605.1.15 (KHTML, like Gecko) Version/16.1 Mobile/15E148 Safari/604.1"
47.60.50.19 - - [12/Feb/2023:00:09:10 +0100] "GET /customer/section/load/?sections=cart&force_new_section_timestamp=false&_=1676156949389 HTTP/1.1" 200 617 "https://www.izas-outdoor.com/mujer/zapatos/botas-zapatos-de-trekking.html" "Mozilla/5.0 (iPhone; CPU iPhone OS 16_1_2 like Mac OS X) AppleWebKit/605.1.15 (KHTML, like Gecko) Version/16.1 Mobile/15E148 Safari/604.1"
47.60.50.19 - - [12/Feb/2023:00:09:10 +0100] "GET /customer/section/load/?sections=cart&force_new_section_timestamp=false&_=1676156949389 HTTP/1.1" 200 617 "https://www.izas-outdoor.com/mujer/zapatos/botas-zapatos-de-trekking.html" "Mozilla/5.0 (iPhone; CPU iPhone OS 16_1_2 like Mac OS X) AppleWebKit/605.1.15 (KHTML, like Gecko) Version/16.1 Mobile/15E148 Safari/604.1"
172.31.18.245 - - [12/Feb/2023:00:09:10 +0100] "GET /healthcheck HTTP/1.1" 200 0 "-" "ELB-HealthChecker/2.0"
186.175.61.78 - - [12/Feb/2023:00:09:11 +0100] "GET /media/contentmanager/content/ HTTP/1.1" 403 177 "https://ch.izas-outdoor.com/?gclid=EAIaIQobChMIx5PkypDX-wIVVgJcCh0spQarEAEYASAAEgKECPD_BwE" "Mozilla/5.0 (Linux; Android 11; moto e20) AppleWebKit/537.36 (KHTML, like Gecko) Chrome/109.0.0.0 Mobile Safari/537.36"
172.31.18.245 - - [12/Feb/2023:00:09:11 +0100] "GET /healthcheck HTTP/1.1" 200 0 "-" "ELB-HealthChecker/2.0"
89.141.13.28 - - [12/Feb/2023:00:09:11 +0100] "GET /hombre.html?_=1676156847210&p=9 HTTP/1.1" 200 26627 "https://www.izas-outdoor.com/hombre.html" "Mozilla/5.0 (Linux; Android 12; SM-A336B Build/SP1A.210812.016; wv) AppleWebKit/537.36 (KHTML, like Gecko) Version/4.0 Chrome/109.0.5414.117 Mobile Safari/537.36 [FB_IAB/FB4A;FBAV/401.0.0.24.77;]"
172.31.44.91 - - [12/Feb/2023:00:09:11 +0100] "GET /healthcheck HTTP/1.1" 200 0 "-" "ELB-HealthChecker/2.0"
172.31.44.91 - - [12/Feb/2023:00:09:11 +0100] "GET /healthcheck HTTP/1.1" 200 0 "-" "ELB-HealthChecker/2.0"
46.6.164.75 - - [12/Feb/2023:00:09:12 +0100] "GET /media/catalog/product/i/m/imeps01069bk_dg-2.jpg HTTP/1.0" 200 356975 "https://www.izas-outdoor.com/men/forro-hombre-negro-kanjut.html" "Mozilla/5.0 (Linux; Android 10; moto g(7) power) AppleWebKit/537.36 (KHTML, like Gecko) Chrome/109.0.0.0 Mobile Safari/537.36"
46.6.164.75 - - [12/Feb/2023:00:09:12 +0100] "GET /media/catalog/product/i/m/imeps01069bk_dg-2.jpg HTTP/1.1" 200 335976 "https://www.izas-outdoor.com/men/forro-hombre-negro-kanjut.html" "Mozilla/5.0 (Linux; Android 10; moto g(7) power) AppleWebKit/537.36 (KHTML, like Gecko) Chrome/109.0.0.0 Mobile Safari/537.36"
89.141.13.28 - - [12/Feb/2023:00:09:13 +0100] "GET /?fbclid=IwAR327aJurA9aG5XKj86eTmUGgV8ZQ5oqkuBSc3DVqrl1BaVn3hiSo5wl7yo HTTP/1.1" 200 22579 "https://lm.facebook.com/" "Mozilla/5.0 (Linux; Android 12; SM-A336B Build/SP1A.210812.016; wv) AppleWebKit/537.36 (KHTML, like Gecko) Version/4.0 Chrome/109.0.5414.117 Mobile Safari/537.36 [FB_IAB/FB4A;FBAV/401.0.0.24.77;]"
157.55.39.79 - - [12/Feb/2023:00:09:13 +0100] "GET /rebajas-ropa-montana/hombre/zapatos.html HTTP/1.1" 200 24163 "-" "Mozilla/5.0 AppleWebKit/537.36 (KHTML, like Gecko; compatible; bingbot/2.0; +http://www.bing.com/bingbot.htm) Chrome/103.0.5060.134 Safari/537.36"
46.6.164.75 - - [12/Feb/2023:00:09:13 +0100] "GET /media/catalog/product/i/m/imeps01069bk_dg-3.jpg HTTP/1.0" 200 207718 "https://www.izas-outdoor.com/men/forro-hombre-negro-kanjut.html" "Mozilla/5.0 (Linux; Android 10; moto g(7) power) AppleWebKit/537.36 (KHTML, like Gecko) Chrome/109.0.0.0 Mobile Safari/537.36"
46.6.164.75 - - [12/Feb/2023:00:09:13 +0100] "GET /media/catalog/product/i/m/imeps01069bk_dg-3.jpg HTTP/1.1" 200 189249 "https://www.izas-outdoor.com/men/forro-hombre-negro-kanjut.html" "Mozilla/5.0 (Linux; Android 10; moto g(7) power) AppleWebKit/537.36 (KHTML, like Gecko) Chrome/109.0.0.0 Mobile Safari/537.36"
46.6.164.75 - - [12/Feb/2023:00:09:15 +0100] "GET /media/catalog/product/i/m/imeps01069bk_dg-4.jpg HTTP/1.0" 200 956945 "https://www.izas-outdoor.com/men/forro-hombre-negro-kanjut.html" "Mozilla/5.0 (Linux; Android 10; moto g(7) power) AppleWebKit/537.36 (KHTML, like Gecko) Chrome/109.0.0.0 Mobile Safari/537.36"
46.6.164.75 - - [12/Feb/2023:00:09:15 +0100] "GET /media/catalog/product/i/m/imeps01069bk_dg-4.jpg HTTP/1.1" 200 949462 "https://www.izas-outdoor.com/men/forro-hombre-negro-kanjut.html" "Mozilla/5.0 (Linux; Android 10; moto g(7) power) AppleWebKit/537.36 (KHTML, like Gecko) Chrome/109.0.0.0 Mobile Safari/537.36"
2803:c600:8111:f5f3:40fb:1b2a:d644:2806 - - [12/Feb/2023:00:09:15 +0100] "GET /?gclid=CjwKCAiAlp2fBhBPEiwA2Q10D_4xPkOptczbxu7cVUZCBuP8xqhEp9vsYn1b76O6y7OFmj2iOECvdBoCdeIQAvD_BwE HTTP/1.1" 200 21507 "-" "Mozilla/5.0 (Linux; Android 12; 21061119AL) AppleWebKit/537.36 (KHTML, like Gecko) Chrome/110.0.0.0 Mobile Safari/537.36"
2803:c600:8111:f5f3:40fb:1b2a:d644:2806 - - [12/Feb/2023:00:09:15 +0100] "GET /?gclid=CjwKCAiAlp2fBhBPEiwA2Q10D8kXHMME-2EFt7t_qyLCdCVRDk0n6KiP_YqxQ3jKy3uq2gBS7qSWYBoCQkgQAvD_BwE HTTP/1.1" 200 21507 "-" "Mozilla/5.0 (Linux; Android 12; 21061119AL) AppleWebKit/537.36 (KHTML, like Gecko) Chrome/110.0.0.0 Mobile Safari/537.36"
46.6.164.75 - - [12/Feb/2023:00:09:17 +0100] "GET /media/catalog/product/i/m/imeps01069bk_dg-5.jpg HTTP/1.0" 200 208725 "https://www.izas-outdoor.com/men/forro-hombre-negro-kanjut.html" "Mozilla/5.0 (Linux; Android 10; moto g(7) power) AppleWebKit/537.36 (KHTML, like Gecko) Chrome/109.0.0.0 Mobile Safari/537.36"
46.6.164.75 - - [12/Feb/2023:00:09:17 +0100] "GET /media/catalog/product/i/m/imeps01069bk_dg-5.jpg HTTP/1.1" 200 190925 "https://www.izas-outdoor.com/men/forro-hombre-negro-kanjut.html" "Mozilla/5.0 (Linux; Android 10; moto g(7) power) AppleWebKit/537.36 (KHTML, like Gecko) Chrome/109.0.0.0 Mobile Safari/537.36"
46.6.164.75 - - [12/Feb/2023:00:09:18 +0100] "GET /media/catalog/product/i/m/imeps01069bk_dg-6.jpg HTTP/1.0" 200 408411 "https://www.izas-outdoor.com/men/forro-hombre-negro-kanjut.html" "Mozilla/5.0 (Linux; Android 10; moto g(7) power) AppleWebKit/537.36 (KHTML, like Gecko) Chrome/109.0.0.0 Mobile Safari/537.36"
46.6.164.75 - - [12/Feb/2023:00:09:18 +0100] "GET /media/catalog/product/i/m/imeps01069bk_dg-6.jpg HTTP/1.1" 200 386174 "https://www.izas-outdoor.com/men/forro-hombre-negro-kanjut.html" "Mozilla/5.0 (Linux; Android 10; moto g(7) power) AppleWebKit/537.36 (KHTML, like Gecko) Chrome/109.0.0.0 Mobile Safari/537.36"
46.6.164.75 - - [12/Feb/2023:00:09:18 +0100] "GET /media/catalog/product/i/m/imeps01069bk_dg-7.jpg HTTP/1.0" 200 213121 "https://www.izas-outdoor.com/men/forro-hombre-negro-kanjut.html" "Mozilla/5.0 (Linux; Android 10; moto g(7) power) AppleWebKit/537.36 (KHTML, like Gecko) Chrome/109.0.0.0 Mobile Safari/537.36"
46.6.164.75 - - [12/Feb/2023:00:09:18 +0100] "GET /media/catalog/product/i/m/imeps01069bk_dg-7.jpg HTTP/1.1" 200 196637 "https://www.izas-outdoor.com/men/forro-hombre-negro-kanjut.html" "Mozilla/5.0 (Linux; Android 10; moto g(7) power) AppleWebKit/537.36 (KHTML, like Gecko) Chrome/109.0.0.0 Mobile Safari/537.36"
172.31.18.245 - - [12/Feb/2023:00:09:20 +0100] "GET /healthcheck HTTP/1.1" 200 0 "-" "ELB-HealthChecker/2.0"
2803:c600:8111:f5f3:40fb:1b2a:d644:2806 - - [12/Feb/2023:00:09:21 +0100] "GET /media/contentmanager/content/ HTTP/1.1" 403 177 "https://ch.izas-outdoor.com/?gclid=CjwKCAiAlp2fBhBPEiwA2Q10D_4xPkOptczbxu7cVUZCBuP8xqhEp9vsYn1b76O6y7OFmj2iOECvdBoCdeIQAvD_BwE" "Mozilla/5.0 (Linux; Android 12; 21061119AL) AppleWebKit/537.36 (KHTML, like Gecko) Chrome/110.0.0.0 Mobile Safari/537.36"
172.31.18.245 - - [12/Feb/2023:00:09:21 +0100] "GET /healthcheck HTTP/1.1" 200 0 "-" "ELB-HealthChecker/2.0"
172.31.44.91 - - [12/Feb/2023:00:09:21 +0100] "GET /healthcheck HTTP/1.1" 200 0 "-" "ELB-HealthChecker/2.0"
172.31.44.91 - - [12/Feb/2023:00:09:21 +0100] "GET /healthcheck HTTP/1.1" 200 0 "-" "ELB-HealthChecker/2.0"
2803:c600:8111:f5f3:40fb:1b2a:d644:2806 - - [12/Feb/2023:00:09:24 +0100] "GET /media/contentmanager/content/ HTTP/1.1" 403 177 "https://ch.izas-outdoor.com/?gclid=CjwKCAiAlp2fBhBPEiwA2Q10D_4xPkOptczbxu7cVUZCBuP8xqhEp9vsYn1b76O6y7OFmj2iOECvdBoCdeIQAvD_BwE" "Mozilla/5.0 (Linux; Android 12; 21061119AL) AppleWebKit/537.36 (KHTML, like Gecko) Chrome/110.0.0.0 Mobile Safari/537.36"
190.21.244.37 - - [12/Feb/2023:00:09:27 +0100] "GET /?gclid=EAIaIQobChMIuejZpMqO_QIVBcD9BR0A8wndEAEYASAAEgLR8PD_BwE HTTP/1.1" 200 21507 "-" "Mozilla/5.0 (Linux; Android 11; M2003J15SC) AppleWebKit/537.36 (KHTML, like Gecko) Chrome/109.0.0.0 Mobile Safari/537.36"
190.21.244.37 - - [12/Feb/2023:00:09:29 +0100] "GET /media/contentmanager/content/ HTTP/1.1" 403 177 "https://ch.izas-outdoor.com/?gclid=EAIaIQobChMIuejZpMqO_QIVBcD9BR0A8wndEAEYASAAEgLR8PD_BwE" "Mozilla/5.0 (Linux; Android 11; M2003J15SC) AppleWebKit/537.36 (KHTML, like Gecko) Chrome/109.0.0.0 Mobile Safari/537.36"
190.21.244.37 - - [12/Feb/2023:00:09:29 +0100] "GET /media/contentmanager/content/ HTTP/1.1" 403 177 "https://ch.izas-outdoor.com/?gclid=EAIaIQobChMIuejZpMqO_QIVBcD9BR0A8wndEAEYASAAEgLR8PD_BwE" "Mozilla/5.0 (Linux; Android 11; M2003J15SC) AppleWebKit/537.36 (KHTML, like Gecko) Chrome/109.0.0.0 Mobile Safari/537.36"
172.31.18.245 - - [12/Feb/2023:00:09:30 +0100] "GET /healthcheck HTTP/1.1" 200 0 "-" "ELB-HealthChecker/2.0"
172.31.18.245 - - [12/Feb/2023:00:09:31 +0100] "GET /healthcheck HTTP/1.1" 200 0 "-" "ELB-HealthChecker/2.0"
172.31.44.91 - - [12/Feb/2023:00:09:31 +0100] "GET /healthcheck HTTP/1.1" 200 0 "-" "ELB-HealthChecker/2.0"
85.52.203.134 - - [12/Feb/2023:00:09:31 +0100] "GET /?query=pantalones%20trekking HTTP/1.1" 200 22615 "https://www.izas-outdoor.com/es/?gclid=CjwKCAiAlp2fBhBPEiwA2Q10D9xxoQtZDb_HMGhkwALaGZlt3fDGa_sDZryXkc4sWIT4quuikQqu3BoCcnUQAvD_BwE" "Mozilla/5.0 (Linux; Android 8.0.0; G3121) AppleWebKit/537.36 (KHTML, like Gecko) Chrome/109.0.0.0 Mobile Safari/537.36"
172.31.44.91 - - [12/Feb/2023:00:09:31 +0100] "GET /healthcheck HTTP/1.1" 200 0 "-" "ELB-HealthChecker/2.0"
47.60.50.19 - - [12/Feb/2023:00:09:33 +0100] "GET /catalog/product/view/id/20723/ HTTP/1.1" 200 26078 "https://www.izas-outdoor.com/rp-1/botas-de-monta-a-unisex-azul-kabilia.html" "Mozilla/5.0 (iPhone; CPU iPhone OS 16_1_2 like Mac OS X) AppleWebKit/605.1.15 (KHTML, like Gecko) Version/16.1 Mobile/15E148 Safari/604.1"
95.127.225.167 - - [12/Feb/2023:00:09:33 +0100] "GET /catalog/product/view/id/30784/ HTTP/1.1" 200 26008 "https://www.izas-outdoor.com/catalog/product/view/id/82999/s/pantalon-de-trekking-azul-oscuro-para-mujer-invierno-asgard-w-fw/category/506/" "Mozilla/5.0 (Linux; Android 11; SM-A505FN) AppleWebKit/537.36 (KHTML, like Gecko) Chrome/109.0.0.0 Mobile Safari/537.36"
47.60.50.19 - - [12/Feb/2023:00:09:34 +0100] "GET /media/catalog/product/i/m/imfbt01572br_or-2.jpg HTTP/1.0" 200 615196 "https://www.izas-outdoor.com/catalog/product/view/id/20723/" "Mozilla/5.0 (iPhone; CPU iPhone OS 16_1_2 like Mac OS X) AppleWebKit/605.1.15 (KHTML, like Gecko) Version/16.1 Mobile/15E148 Safari/604.1"
47.60.50.19 - - [12/Feb/2023:00:09:34 +0100] "GET /media/catalog/product/i/m/imfbt01572br_or-2.jpg HTTP/1.1" 200 591373 "https://www.izas-outdoor.com/catalog/product/view/id/20723/" "Mozilla/5.0 (iPhone; CPU iPhone OS 16_1_2 like Mac OS X) AppleWebKit/605.1.15 (KHTML, like Gecko) Version/16.1 Mobile/15E148 Safari/604.1"
47.60.50.19 - - [12/Feb/2023:00:09:34 +0100] "GET /media/catalog/product/i/m/imfbt01572br_or-5.jpg HTTP/1.0" 200 547280 "https://www.izas-outdoor.com/catalog/product/view/id/20723/" "Mozilla/5.0 (iPhone; CPU iPhone OS 16_1_2 like Mac OS X) AppleWebKit/605.1.15 (KHTML, like Gecko) Version/16.1 Mobile/15E148 Safari/604.1"
47.60.50.19 - - [12/Feb/2023:00:09:34 +0100] "GET /media/catalog/product/i/m/imfbt01572br_or-5.jpg HTTP/1.1" 200 523138 "https://www.izas-outdoor.com/catalog/product/view/id/20723/" "Mozilla/5.0 (iPhone; CPU iPhone OS 16_1_2 like Mac OS X) AppleWebKit/605.1.15 (KHTML, like Gecko) Version/16.1 Mobile/15E148 Safari/604.1"
47.60.50.19 - - [12/Feb/2023:00:09:34 +0100] "GET /media/catalog/product/i/m/imfbt01572br_or-3.jpg HTTP/1.0" 200 399563 "https://www.izas-outdoor.com/catalog/product/view/id/20723/" "Mozilla/5.0 (iPhone; CPU iPhone OS 16_1_2 like Mac OS X) AppleWebKit/605.1.15 (KHTML, like Gecko) Version/16.1 Mobile/15E148 Safari/604.1"
47.60.50.19 - - [12/Feb/2023:00:09:34 +0100] "GET /media/catalog/product/i/m/imfbt01572br_or-3.jpg HTTP/1.1" 200 375859 "https://www.izas-outdoor.com/catalog/product/view/id/20723/" "Mozilla/5.0 (iPhone; CPU iPhone OS 16_1_2 like Mac OS X) AppleWebKit/605.1.15 (KHTML, like Gecko) Version/16.1 Mobile/15E148 Safari/604.1"
47.60.50.19 - - [12/Feb/2023:00:09:34 +0100] "GET /media/catalog/product/c/a/calzado1-esp_17.png HTTP/1.0" 200 61200 "https://www.izas-outdoor.com/catalog/product/view/id/20723/" "Mozilla/5.0 (iPhone; CPU iPhone OS 16_1_2 like Mac OS X) AppleWebKit/605.1.15 (KHTML, like Gecko) Version/16.1 Mobile/15E148 Safari/604.1"
47.60.50.19 - - [12/Feb/2023:00:09:34 +0100] "GET /media/catalog/product/i/m/imfbt01572br_or-4.jpg HTTP/1.0" 200 336957 "https://www.izas-outdoor.com/catalog/product/view/id/20723/" "Mozilla/5.0 (iPhone; CPU iPhone OS 16_1_2 like Mac OS X) AppleWebKit/605.1.15 (KHTML, like Gecko) Version/16.1 Mobile/15E148 Safari/604.1"
47.60.50.19 - - [12/Feb/2023:00:09:34 +0100] "GET /media/catalog/product/c/a/calzado1-esp_17.png HTTP/1.1" 200 59478 "https://www.izas-outdoor.com/catalog/product/view/id/20723/" "Mozilla/5.0 (iPhone; CPU iPhone OS 16_1_2 like Mac OS X) AppleWebKit/605.1.15 (KHTML, like Gecko) Version/16.1 Mobile/15E148 Safari/604.1"
47.60.50.19 - - [12/Feb/2023:00:09:34 +0100] "GET /media/catalog/product/i/m/imfbt01572br_or-4.jpg HTTP/1.1" 200 313147 "https://www.izas-outdoor.com/catalog/product/view/id/20723/" "Mozilla/5.0 (iPhone; CPU iPhone OS 16_1_2 like Mac OS X) AppleWebKit/605.1.15 (KHTML, like Gecko) Version/16.1 Mobile/15E148 Safari/604.1"
186.175.61.78 - - [12/Feb/2023:00:09:35 +0100] "GET /media/contentmanager/content/ HTTP/1.1" 403 177 "https://ch.izas-outdoor.com/?gclid=EAIaIQobChMIx5PkypDX-wIVVgJcCh0spQarEAEYASAAEgKECPD_BwE" "Mozilla/5.0 (Linux; Android 11; moto e20) AppleWebKit/537.36 (KHTML, like Gecko) Chrome/109.0.0.0 Mobile Safari/537.36"
190.21.244.37 - - [12/Feb/2023:00:09:35 +0100] "GET /customer/section/load/?sections=cart&force_new_section_timestamp=false&_=1676156968510 HTTP/1.1" 200 285 "https://ch.izas-outdoor.com/?gclid=EAIaIQobChMIuejZpMqO_QIVBcD9BR0A8wndEAEYASAAEgLR8PD_BwE" "Mozilla/5.0 (Linux; Android 11; M2003J15SC) AppleWebKit/537.36 (KHTML, like Gecko) Chrome/109.0.0.0 Mobile Safari/537.36"
190.21.244.37 - - [12/Feb/2023:00:09:35 +0100] "GET /customer/section/load/?sections=cart&force_new_section_timestamp=false&_=1676156968511 HTTP/1.1" 200 285 "https://ch.izas-outdoor.com/?gclid=EAIaIQobChMIuejZpMqO_QIVBcD9BR0A8wndEAEYASAAEgLR8PD_BwE" "Mozilla/5.0 (Linux; Android 11; M2003J15SC) AppleWebKit/537.36 (KHTML, like Gecko) Chrome/109.0.0.0 Mobile Safari/537.36"
186.175.61.78 - - [12/Feb/2023:00:09:37 +0100] "GET /media/contentmanager/content/ HTTP/1.1" 403 177 "https://ch.izas-outdoor.com/?gclid=EAIaIQobChMIx5PkypDX-wIVVgJcCh0spQarEAEYASAAEgKECPD_BwE" "Mozilla/5.0 (Linux; Android 11; moto e20) AppleWebKit/537.36 (KHTML, like Gecko) Chrome/109.0.0.0 Mobile Safari/537.36"
2803:c600:8111:f5f3:40fb:1b2a:d644:2806 - - [12/Feb/2023:00:09:38 +0100] "GET /customer/section/load/?sections=cart&force_new_section_timestamp=false&_=1676156961272 HTTP/1.1" 200 285 "https://ch.izas-outdoor.com/?gclid=CjwKCAiAlp2fBhBPEiwA2Q10D_4xPkOptczbxu7cVUZCBuP8xqhEp9vsYn1b76O6y7OFmj2iOECvdBoCdeIQAvD_BwE" "Mozilla/5.0 (Linux; Android 12; 21061119AL) AppleWebKit/537.36 (KHTML, like Gecko) Chrome/110.0.0.0 Mobile Safari/537.36"
2803:c600:8111:f5f3:40fb:1b2a:d644:2806 - - [12/Feb/2023:00:09:38 +0100] "GET /?gclid=CjwKCAiAlp2fBhBPEiwA2Q10D_4xPkOptczbxu7cVUZCBuP8xqhEp9vsYn1b76O6y7OFmj2iOECvdBoCdeIQAvD_BwE HTTP/1.1" 200 21507 "-" "Mozilla/5.0 (Linux; Android 12; 21061119AL) AppleWebKit/537.36 (KHTML, like Gecko) Chrome/110.0.0.0 Mobile Safari/537.36"
2803:c600:8111:f5f3:40fb:1b2a:d644:2806 - - [12/Feb/2023:00:09:38 +0100] "GET /customer/section/load/?sections=cart&force_new_section_timestamp=false&_=1676156961271 HTTP/1.1" 200 285 "https://ch.izas-outdoor.com/?gclid=CjwKCAiAlp2fBhBPEiwA2Q10D_4xPkOptczbxu7cVUZCBuP8xqhEp9vsYn1b76O6y7OFmj2iOECvdBoCdeIQAvD_BwE" "Mozilla/5.0 (Linux; Android 12; 21061119AL) AppleWebKit/537.36 (KHTML, like Gecko) Chrome/110.0.0.0 Mobile Safari/537.36"
46.6.164.75 - - [12/Feb/2023:00:09:39 +0100] "GET /media/catalog/product/i/m/imeps01069bk_bk-2_1.jpg HTTP/1.0" 200 369175 "https://www.izas-outdoor.com/men/chaqueta-polar-stretch-negra-hombre-kanjut-m.html" "Mozilla/5.0 (Linux; Android 10; moto g(7) power) AppleWebKit/537.36 (KHTML, like Gecko) Chrome/109.0.0.0 Mobile Safari/537.36"
46.6.164.75 - - [12/Feb/2023:00:09:39 +0100] "GET /media/catalog/product/i/m/imeps01069bk_bk-2_1.jpg HTTP/1.1" 200 349506 "https://www.izas-outdoor.com/men/chaqueta-polar-stretch-negra-hombre-kanjut-m.html" "Mozilla/5.0 (Linux; Android 10; moto g(7) power) AppleWebKit/537.36 (KHTML, like Gecko) Chrome/109.0.0.0 Mobile Safari/537.36"
46.6.164.75 - - [12/Feb/2023:00:09:39 +0100] "GET /media/catalog/product/i/m/imeps01069bk_bk-4_1.jpg HTTP/1.0" 200 828298 "https://www.izas-outdoor.com/men/chaqueta-polar-stretch-negra-hombre-kanjut-m.html" "Mozilla/5.0 (Linux; Android 10; moto g(7) power) AppleWebKit/537.36 (KHTML, like Gecko) Chrome/109.0.0.0 Mobile Safari/537.36"
46.6.164.75 - - [12/Feb/2023:00:09:39 +0100] "GET /media/catalog/product/i/m/imeps01069bk_bk-4_1.jpg HTTP/1.1" 200 818673 "https://www.izas-outdoor.com/men/chaqueta-polar-stretch-negra-hombre-kanjut-m.html" "Mozilla/5.0 (Linux; Android 10; moto g(7) power) AppleWebKit/537.36 (KHTML, like Gecko) Chrome/109.0.0.0 Mobile Safari/537.36"
46.6.164.75 - - [12/Feb/2023:00:09:39 +0100] "GET /media/catalog/product/i/m/imeps01069bk_bk-5_1.jpg HTTP/1.0" 200 211953 "https://www.izas-outdoor.com/men/chaqueta-polar-stretch-negra-hombre-kanjut-m.html" "Mozilla/5.0 (Linux; Android 10; moto g(7) power) AppleWebKit/537.36 (KHTML, like Gecko) Chrome/109.0.0.0 Mobile Safari/537.36"
46.6.164.75 - - [12/Feb/2023:00:09:39 +0100] "GET /media/catalog/product/i/m/imeps01069bk_bk-5_1.jpg HTTP/1.1" 200 193899 "https://www.izas-outdoor.com/men/chaqueta-polar-stretch-negra-hombre-kanjut-m.html" "Mozilla/5.0 (Linux; Android 10; moto g(7) power) AppleWebKit/537.36 (KHTML, like Gecko) Chrome/109.0.0.0 Mobile Safari/537.36"
46.6.164.75 - - [12/Feb/2023:00:09:39 +0100] "GET /media/catalog/product/i/m/imeps01069bk_bk-7_1.jpg HTTP/1.0" 200 211911 "https://www.izas-outdoor.com/men/chaqueta-polar-stretch-negra-hombre-kanjut-m.html" "Mozilla/5.0 (Linux; Android 10; moto g(7) power) AppleWebKit/537.36 (KHTML, like Gecko) Chrome/109.0.0.0 Mobile Safari/537.36"
46.6.164.75 - - [12/Feb/2023:00:09:39 +0100] "GET /media/catalog/product/i/m/imeps01069bk_bk-7_1.jpg HTTP/1.1" 200 195385 "https://www.izas-outdoor.com/men/chaqueta-polar-stretch-negra-hombre-kanjut-m.html" "Mozilla/5.0 (Linux; Android 10; moto g(7) power) AppleWebKit/537.36 (KHTML, like Gecko) Chrome/109.0.0.0 Mobile Safari/537.36"
2803:c600:8111:f5f3:40fb:1b2a:d644:2806 - - [12/Feb/2023:00:09:39 +0100] "GET /media/contentmanager/content/ HTTP/1.1" 403 177 "https://ch.izas-outdoor.com/?gclid=CjwKCAiAlp2fBhBPEiwA2Q10D_4xPkOptczbxu7cVUZCBuP8xqhEp9vsYn1b76O6y7OFmj2iOECvdBoCdeIQAvD_BwE" "Mozilla/5.0 (Linux; Android 12; 21061119AL) AppleWebKit/537.36 (KHTML, like Gecko) Chrome/110.0.0.0 Mobile Safari/537.36"
46.6.164.75 - - [12/Feb/2023:00:09:39 +0100] "GET /media/catalog/product/i/m/imeps01069bk_bk-3_1.jpg HTTP/1.0" 200 201778 "https://www.izas-outdoor.com/men/chaqueta-polar-stretch-negra-hombre-kanjut-m.html" "Mozilla/5.0 (Linux; Android 10; moto g(7) power) AppleWebKit/537.36 (KHTML, like Gecko) Chrome/109.0.0.0 Mobile Safari/537.36"
46.6.164.75 - - [12/Feb/2023:00:09:39 +0100] "GET /media/catalog/product/i/m/imeps01069bk_bk-3_1.jpg HTTP/1.1" 200 183680 "https://www.izas-outdoor.com/men/chaqueta-polar-stretch-negra-hombre-kanjut-m.html" "Mozilla/5.0 (Linux; Android 10; moto g(7) power) AppleWebKit/537.36 (KHTML, like Gecko) Chrome/109.0.0.0 Mobile Safari/537.36"
46.6.164.75 - - [12/Feb/2023:00:09:40 +0100] "GET /media/catalog/product/i/w/iwjht01744cf-1.jpg HTTP/1.0" 200 369867 "https://www.izas-outdoor.com/men/chaqueta-polar-stretch-negra-hombre-kanjut-m.html" "Mozilla/5.0 (Linux; Android 10; moto g(7) power) AppleWebKit/537.36 (KHTML, like Gecko) Chrome/109.0.0.0 Mobile Safari/537.36"
46.6.164.75 - - [12/Feb/2023:00:09:40 +0100] "GET /media/catalog/product/i/w/iwjht01744cf-1.jpg HTTP/1.1" 200 350120 "https://www.izas-outdoor.com/men/chaqueta-polar-stretch-negra-hombre-kanjut-m.html" "Mozilla/5.0 (Linux; Android 10; moto g(7) power) AppleWebKit/537.36 (KHTML, like Gecko) Chrome/109.0.0.0 Mobile Safari/537.36"
172.31.18.245 - - [12/Feb/2023:00:09:40 +0100] "GET /healthcheck HTTP/1.1" 200 0 "-" "ELB-HealthChecker/2.0"
172.31.18.245 - - [12/Feb/2023:00:09:41 +0100] "GET /healthcheck HTTP/1.1" 200 0 "-" "ELB-HealthChecker/2.0"
172.31.44.91 - - [12/Feb/2023:00:09:41 +0100] "GET /healthcheck HTTP/1.1" 200 0 "-" "ELB-HealthChecker/2.0"
172.31.44.91 - - [12/Feb/2023:00:09:42 +0100] "GET /healthcheck HTTP/1.1" 200 0 "-" "ELB-HealthChecker/2.0"
46.6.164.75 - - [12/Feb/2023:00:09:43 +0100] "GET /media/catalog/product/i/m/imeps01069bk_bk-6_1.jpg HTTP/1.0" 200 332970 "https://www.izas-outdoor.com/men/chaqueta-polar-stretch-negra-hombre-kanjut-m.html" "Mozilla/5.0 (Linux; Android 10; moto g(7) power) AppleWebKit/537.36 (KHTML, like Gecko) Chrome/109.0.0.0 Mobile Safari/537.36"
46.6.164.75 - - [12/Feb/2023:00:09:43 +0100] "GET /media/catalog/product/i/m/imeps01069bk_bk-6_1.jpg HTTP/1.1" 200 314153 "https://www.izas-outdoor.com/men/chaqueta-polar-stretch-negra-hombre-kanjut-m.html" "Mozilla/5.0 (Linux; Android 10; moto g(7) power) AppleWebKit/537.36 (KHTML, like Gecko) Chrome/109.0.0.0 Mobile Safari/537.36"
85.52.203.134 - - [12/Feb/2023:00:09:43 +0100] "GET /customer/section/load/?sections=cart&force_new_section_timestamp=false&_=1676156977070 HTTP/1.1" 200 618 "https://www.izas-outdoor.com/?query=pantalones%20trekking" "Mozilla/5.0 (Linux; Android 8.0.0; G3121) AppleWebKit/537.36 (KHTML, like Gecko) Chrome/109.0.0.0 Mobile Safari/537.36"
85.52.203.134 - - [12/Feb/2023:00:09:43 +0100] "GET /customer/section/load/?sections=cart&force_new_section_timestamp=false&_=1676156977070 HTTP/1.1" 200 606 "https://www.izas-outdoor.com/?query=pantalones%20trekking" "Mozilla/5.0 (Linux; Android 8.0.0; G3121) AppleWebKit/537.36 (KHTML, like Gecko) Chrome/109.0.0.0 Mobile Safari/537.36"
85.52.203.134 - - [12/Feb/2023:00:09:43 +0100] "GET /customer/section/load/?sections=cart&force_new_section_timestamp=false&_=1676156977069 HTTP/1.1" 200 618 "https://www.izas-outdoor.com/?query=pantalones%20trekking" "Mozilla/5.0 (Linux; Android 8.0.0; G3121) AppleWebKit/537.36 (KHTML, like Gecko) Chrome/109.0.0.0 Mobile Safari/537.36"
85.52.203.134 - - [12/Feb/2023:00:09:43 +0100] "GET /customer/section/load/?sections=cart&force_new_section_timestamp=false&_=1676156977069 HTTP/1.1" 200 606 "https://www.izas-outdoor.com/?query=pantalones%20trekking" "Mozilla/5.0 (Linux; Android 8.0.0; G3121) AppleWebKit/537.36 (KHTML, like Gecko) Chrome/109.0.0.0 Mobile Safari/537.36"
85.52.203.134 - - [12/Feb/2023:00:09:46 +0100] "GET /media/catalog/product/i/m/imppa01720at_cr-1.jpg HTTP/1.0" 200 233682 "https://www.izas-outdoor.com/?query=pantalones%20trekking" "Mozilla/5.0 (Linux; Android 8.0.0; G3121) AppleWebKit/537.36 (KHTML, like Gecko) Chrome/109.0.0.0 Mobile Safari/537.36"
85.52.203.134 - - [12/Feb/2023:00:09:46 +0100] "GET /media/catalog/product/i/m/imppa01720nv-1.jpg HTTP/1.0" 200 328823 "https://www.izas-outdoor.com/?query=pantalones%20trekking" "Mozilla/5.0 (Linux; Android 8.0.0; G3121) AppleWebKit/537.36 (KHTML, like Gecko) Chrome/109.0.0.0 Mobile Safari/537.36"
85.52.203.134 - - [12/Feb/2023:00:09:46 +0100] "GET /pub/media/catalog/product/i/m/imppa01720at_cr-1.jpg HTTP/1.1" 200 211013 "https://www.izas-outdoor.com/?query=pantalones%20trekking" "Mozilla/5.0 (Linux; Android 8.0.0; G3121) AppleWebKit/537.36 (KHTML, like Gecko) Chrome/109.0.0.0 Mobile Safari/537.36"
85.52.203.134 - - [12/Feb/2023:00:09:46 +0100] "GET /pub/media/catalog/product/i/m/imppa01720nv-1.jpg HTTP/1.1" 200 243949 "https://www.izas-outdoor.com/?query=pantalones%20trekking" "Mozilla/5.0 (Linux; Android 8.0.0; G3121) AppleWebKit/537.36 (KHTML, like Gecko) Chrome/109.0.0.0 Mobile Safari/537.36"
85.52.203.134 - - [12/Feb/2023:00:09:46 +0100] "GET /media/catalog/product/i/m/imppa01735nv_cf-1.jpg HTTP/1.0" 200 224832 "https://www.izas-outdoor.com/?query=pantalones%20trekking" "Mozilla/5.0 (Linux; Android 8.0.0; G3121) AppleWebKit/537.36 (KHTML, like Gecko) Chrome/109.0.0.0 Mobile Safari/537.36"
85.52.203.134 - - [12/Feb/2023:00:09:46 +0100] "GET /pub/media/catalog/product/i/m/imppa01735nv_cf-1.jpg HTTP/1.1" 200 205911 "https://www.izas-outdoor.com/?query=pantalones%20trekking" "Mozilla/5.0 (Linux; Android 8.0.0; G3121) AppleWebKit/537.36 (KHTML, like Gecko) Chrome/109.0.0.0 Mobile Safari/537.36"
85.52.203.134 - - [12/Feb/2023:00:09:46 +0100] "GET /media/catalog/product/i/w/iwppa01724nv_cf-1.jpg HTTP/1.0" 200 318451 "https://www.izas-outdoor.com/?query=pantalones%20trekking" "Mozilla/5.0 (Linux; Android 8.0.0; G3121) AppleWebKit/537.36 (KHTML, like Gecko) Chrome/109.0.0.0 Mobile Safari/537.36"
85.52.203.134 - - [12/Feb/2023:00:09:46 +0100] "GET /pub/media/catalog/product/i/w/iwppa01724nv_cf-1.jpg HTTP/1.1" 200 233204 "https://www.izas-outdoor.com/?query=pantalones%20trekking" "Mozilla/5.0 (Linux; Android 8.0.0; G3121) AppleWebKit/537.36 (KHTML, like Gecko) Chrome/109.0.0.0 Mobile Safari/537.36"
172.31.18.245 - - [12/Feb/2023:00:09:50 +0100] "GET /healthcheck HTTP/1.1" 200 0 "-" "ELB-HealthChecker/2.0"
85.52.203.134 - - [12/Feb/2023:00:09:51 +0100] "GET /media/catalog/product/i/m/imppa01719bk-1_1.jpg HTTP/1.0" 200 92343 "https://www.izas-outdoor.com/?query=pantalones%20trekking" "Mozilla/5.0 (Linux; Android 8.0.0; G3121) AppleWebKit/537.36 (KHTML, like Gecko) Chrome/109.0.0.0 Mobile Safari/537.36"
85.52.203.134 - - [12/Feb/2023:00:09:51 +0100] "GET /pub/media/catalog/product/i/m/imppa01719bk-1_1.jpg HTTP/1.1" 200 77274 "https://www.izas-outdoor.com/?query=pantalones%20trekking" "Mozilla/5.0 (Linux; Android 8.0.0; G3121) AppleWebKit/537.36 (KHTML, like Gecko) Chrome/109.0.0.0 Mobile Safari/537.36"
85.52.203.134 - - [12/Feb/2023:00:09:51 +0100] "GET /media/catalog/product/i/m/imppa01735mr_rd-1_1.jpg HTTP/1.0" 200 230063 "https://www.izas-outdoor.com/?query=pantalones%20trekking" "Mozilla/5.0 (Linux; Android 8.0.0; G3121) AppleWebKit/537.36 (KHTML, like Gecko) Chrome/109.0.0.0 Mobile Safari/537.36"
85.52.203.134 - - [12/Feb/2023:00:09:51 +0100] "GET /pub/media/catalog/product/i/m/imppa01735mr_rd-1_1.jpg HTTP/1.1" 200 211106 "https://www.izas-outdoor.com/?query=pantalones%20trekking" "Mozilla/5.0 (Linux; Android 8.0.0; G3121) AppleWebKit/537.36 (KHTML, like Gecko) Chrome/109.0.0.0 Mobile Safari/537.36"
172.31.18.245 - - [12/Feb/2023:00:09:51 +0100] "GET /healthcheck HTTP/1.1" 200 0 "-" "ELB-HealthChecker/2.0"
172.31.44.91 - - [12/Feb/2023:00:09:51 +0100] "GET /healthcheck HTTP/1.1" 200 0 "-" "ELB-HealthChecker/2.0"
172.31.44.91 - - [12/Feb/2023:00:09:52 +0100] "GET /healthcheck HTTP/1.1" 200 0 "-" "ELB-HealthChecker/2.0"
85.52.203.134 - - [12/Feb/2023:00:09:53 +0100] "GET /media/catalog/product/i/m/impp302326bk_rd-1_1.jpg HTTP/1.0" 200 224954 "https://www.izas-outdoor.com/?query=pantalones%20trekking" "Mozilla/5.0 (Linux; Android 8.0.0; G3121) AppleWebKit/537.36 (KHTML, like Gecko) Chrome/109.0.0.0 Mobile Safari/537.36"
85.52.203.134 - - [12/Feb/2023:00:09:53 +0100] "GET /pub/media/catalog/product/i/m/impp302326bk_rd-1_1.jpg HTTP/1.1" 200 207377 "https://www.izas-outdoor.com/?query=pantalones%20trekking" "Mozilla/5.0 (Linux; Android 8.0.0; G3121) AppleWebKit/537.36 (KHTML, like Gecko) Chrome/109.0.0.0 Mobile Safari/537.36"
85.52.203.134 - - [12/Feb/2023:00:09:53 +0100] "GET /media/catalog/product/i/m/imppa01711sm_bk-1_1.jpg HTTP/1.0" 200 88107 "https://www.izas-outdoor.com/?query=pantalones%20trekking" "Mozilla/5.0 (Linux; Android 8.0.0; G3121) AppleWebKit/537.36 (KHTML, like Gecko) Chrome/109.0.0.0 Mobile Safari/537.36"
85.52.203.134 - - [12/Feb/2023:00:09:53 +0100] "GET /pub/media/catalog/product/i/m/imppa01711sm_bk-1_1.jpg HTTP/1.1" 200 71987 "https://www.izas-outdoor.com/?query=pantalones%20trekking" "Mozilla/5.0 (Linux; Android 8.0.0; G3121) AppleWebKit/537.36 (KHTML, like Gecko) Chrome/109.0.0.0 Mobile Safari/537.36"
95.127.225.167 - - [12/Feb/2023:00:09:53 +0100] "GET /catalog/product/view/id/30817/ HTTP/1.1" 200 25952 "https://www.izas-outdoor.com/catalog/product/view/id/30784/" "Mozilla/5.0 (Linux; Android 11; SM-A505FN) AppleWebKit/537.36 (KHTML, like Gecko) Chrome/109.0.0.0 Mobile Safari/537.36"
66.249.70.175 - - [12/Feb/2023:00:09:55 +0100] "GET /en/men/bluish-fiber-jacket-green-sindu-6.html HTTP/1.1" 301 5 "-" "Mozilla/5.0 (Linux; Android 6.0.1; Nexus 5X Build/MMB29P) AppleWebKit/537.36 (KHTML, like Gecko) Chrome/109.0.5414.101 Mobile Safari/537.36 (compatible; Googlebot/2.1; +http://www.google.com/bot.html)"
85.52.203.134 - - [12/Feb/2023:00:09:55 +0100] "GET /media/catalog/product/i/m/imppa01720sm_bk-1_1.jpg HTTP/1.0" 200 253501 "https://www.izas-outdoor.com/?query=pantalones%20trekking" "Mozilla/5.0 (Linux; Android 8.0.0; G3121) AppleWebKit/537.36 (KHTML, like Gecko) Chrome/109.0.0.0 Mobile Safari/537.36"
85.52.203.134 - - [12/Feb/2023:00:09:55 +0100] "GET /pub/media/catalog/product/i/m/imppa01720sm_bk-1_1.jpg HTTP/1.1" 200 235914 "https://www.izas-outdoor.com/?query=pantalones%20trekking" "Mozilla/5.0 (Linux; Android 8.0.0; G3121) AppleWebKit/537.36 (KHTML, like Gecko) Chrome/109.0.0.0 Mobile Safari/537.36"
85.52.203.134 - - [12/Feb/2023:00:09:55 +0100] "GET /media/catalog/product/i/m/imppa01735sm_dv-1_1.jpg HTTP/1.0" 200 212104 "https://www.izas-outdoor.com/?query=pantalones%20trekking" "Mozilla/5.0 (Linux; Android 8.0.0; G3121) AppleWebKit/537.36 (KHTML, like Gecko) Chrome/109.0.0.0 Mobile Safari/537.36"
85.52.203.134 - - [12/Feb/2023:00:09:55 +0100] "GET /pub/media/catalog/product/i/m/imppa01735sm_dv-1_1.jpg HTTP/1.1" 200 195785 "https://www.izas-outdoor.com/?query=pantalones%20trekking" "Mozilla/5.0 (Linux; Android 8.0.0; G3121) AppleWebKit/537.36 (KHTML, like Gecko) Chrome/109.0.0.0 Mobile Safari/537.36"
85.52.203.134 - - [12/Feb/2023:00:09:56 +0100] "GET /media/catalog/product/i/m/impp201611nv-1.jpg HTTP/1.0" 200 307168 "https://www.izas-outdoor.com/?query=pantalones%20trekking" "Mozilla/5.0 (Linux; Android 8.0.0; G3121) AppleWebKit/537.36 (KHTML, like Gecko) Chrome/109.0.0.0 Mobile Safari/537.36"
85.52.203.134 - - [12/Feb/2023:00:09:56 +0100] "GET /pub/media/catalog/product/i/m/impp201611nv-1.jpg HTTP/1.1" 200 220300 "https://www.izas-outdoor.com/?query=pantalones%20trekking" "Mozilla/5.0 (Linux; Android 8.0.0; G3121) AppleWebKit/537.36 (KHTML, like Gecko) Chrome/109.0.0.0 Mobile Safari/537.36"
85.52.203.134 - - [12/Feb/2023:00:09:56 +0100] "GET /media/catalog/product/i/m/imppa01720bk-1.jpg HTTP/1.0" 200 78653 "https://www.izas-outdoor.com/?query=pantalones%20trekking" "Mozilla/5.0 (Linux; Android 8.0.0; G3121) AppleWebKit/537.36 (KHTML, like Gecko) Chrome/109.0.0.0 Mobile Safari/537.36"
85.52.203.134 - - [12/Feb/2023:00:09:56 +0100] "GET /pub/media/catalog/product/i/m/imppa01720bk-1.jpg HTTP/1.1" 200 62649 "https://www.izas-outdoor.com/?query=pantalones%20trekking" "Mozilla/5.0 (Linux; Android 8.0.0; G3121) AppleWebKit/537.36 (KHTML, like Gecko) Chrome/109.0.0.0 Mobile Safari/537.36"
85.52.203.134 - - [12/Feb/2023:00:09:58 +0100] "GET /media/catalog/product/i/w/iwpsh02413bk-1.jpg HTTP/1.0" 200 276298 "https://www.izas-outdoor.com/?query=pantalones%20trekking" "Mozilla/5.0 (Linux; Android 8.0.0; G3121) AppleWebKit/537.36 (KHTML, like Gecko) Chrome/109.0.0.0 Mobile Safari/537.36"
85.52.203.134 - - [12/Feb/2023:00:09:58 +0100] "GET /pub/media/catalog/product/i/w/iwpsh02413bk-1.jpg HTTP/1.1" 200 189888 "https://www.izas-outdoor.com/?query=pantalones%20trekking" "Mozilla/5.0 (Linux; Android 8.0.0; G3121) AppleWebKit/537.36 (KHTML, like Gecko) Chrome/109.0.0.0 Mobile Safari/537.36"
85.52.203.134 - - [12/Feb/2023:00:09:58 +0100] "GET /media/catalog/product/i/w/iwppa01617nv_il-1.jpg HTTP/1.0" 200 256256 "https://www.izas-outdoor.com/?query=pantalones%20trekking" "Mozilla/5.0 (Linux; Android 8.0.0; G3121) AppleWebKit/537.36 (KHTML, like Gecko) Chrome/109.0.0.0 Mobile Safari/537.36"
85.52.203.134 - - [12/Feb/2023:00:09:58 +0100] "GET /pub/media/catalog/product/i/w/iwppa01617nv_il-1.jpg HTTP/1.1" 200 167265 "https://www.izas-outdoor.com/?query=pantalones%20trekking" "Mozilla/5.0 (Linux; Android 8.0.0; G3121) AppleWebKit/537.36 (KHTML, like Gecko) Chrome/109.0.0.0 Mobile Safari/537.36"
85.52.203.134 - - [12/Feb/2023:00:09:58 +0100] "GET /media/catalog/product/i/m/imppa01719nv-1_1.jpg HTTP/1.0" 200 316983 "https://www.izas-outdoor.com/?query=pantalones%20trekking" "Mozilla/5.0 (Linux; Android 8.0.0; G3121) AppleWebKit/537.36 (KHTML, like Gecko) Chrome/109.0.0.0 Mobile Safari/537.36"
85.52.203.134 - - [12/Feb/2023:00:09:58 +0100] "GET /media/catalog/product/i/m/imppa01715nv_il-1.jpg HTTP/1.0" 200 319019 "https://www.izas-outdoor.com/?query=pantalones%20trekking" "Mozilla/5.0 (Linux; Android 8.0.0; G3121) AppleWebKit/537.36 (KHTML, like Gecko) Chrome/109.0.0.0 Mobile Safari/537.36"
85.52.203.134 - - [12/Feb/2023:00:09:58 +0100] "GET /pub/media/catalog/product/i/m/imppa01719nv-1_1.jpg HTTP/1.1" 200 230885 "https://www.izas-outdoor.com/?query=pantalones%20trekking" "Mozilla/5.0 (Linux; Android 8.0.0; G3121) AppleWebKit/537.36 (KHTML, like Gecko) Chrome/109.0.0.0 Mobile Safari/537.36"
85.52.203.134 - - [12/Feb/2023:00:09:58 +0100] "GET /pub/media/catalog/product/i/m/imppa01715nv_il-1.jpg HTTP/1.1" 200 233841 "https://www.izas-outdoor.com/?query=pantalones%20trekking" "Mozilla/5.0 (Linux; Android 8.0.0; G3121) AppleWebKit/537.36 (KHTML, like Gecko) Chrome/109.0.0.0 Mobile Safari/537.36"
95.127.225.167 - - [12/Feb/2023:00:10:00 +0100] "GET /catalog/product/view/id/30784/ HTTP/1.1" 200 26008 "https://www.izas-outdoor.com/catalog/product/view/id/82999/s/pantalon-de-trekking-azul-oscuro-para-mujer-invierno-asgard-w-fw/category/506/" "Mozilla/5.0 (Linux; Android 11; SM-A505FN) AppleWebKit/537.36 (KHTML, like Gecko) Chrome/109.0.0.0 Mobile Safari/537.36"
85.52.203.134 - - [12/Feb/2023:00:10:00 +0100] "GET /media/catalog/product/i/w/iwppa01734nv_cf-1.jpg HTTP/1.0" 200 324937 "https://www.izas-outdoor.com/?query=pantalones%20trekking" "Mozilla/5.0 (Linux; Android 8.0.0; G3121) AppleWebKit/537.36 (KHTML, like Gecko) Chrome/109.0.0.0 Mobile Safari/537.36"
85.52.203.134 - - [12/Feb/2023:00:10:00 +0100] "GET /pub/media/catalog/product/i/w/iwppa01734nv_cf-1.jpg HTTP/1.1" 200 241057 "https://www.izas-outdoor.com/?query=pantalones%20trekking" "Mozilla/5.0 (Linux; Android 8.0.0; G3121) AppleWebKit/537.36 (KHTML, like Gecko) Chrome/109.0.0.0 Mobile Safari/537.36"
85.52.203.134 - - [12/Feb/2023:00:10:00 +0100] "GET /media/catalog/product/i/m/imppa01719sm-1_1.jpg HTTP/1.0" 200 86440 "https://www.izas-outdoor.com/?query=pantalones%20trekking" "Mozilla/5.0 (Linux; Android 8.0.0; G3121) AppleWebKit/537.36 (KHTML, like Gecko) Chrome/109.0.0.0 Mobile Safari/537.36"
85.52.203.134 - - [12/Feb/2023:00:10:00 +0100] "GET /pub/media/catalog/product/i/m/imppa01719sm-1_1.jpg HTTP/1.1" 200 69881 "https://www.izas-outdoor.com/?query=pantalones%20trekking" "Mozilla/5.0 (Linux; Android 8.0.0; G3121) AppleWebKit/537.36 (KHTML, like Gecko) Chrome/109.0.0.0 Mobile Safari/537.36"
172.31.18.245 - - [12/Feb/2023:00:10:00 +0100] "GET /healthcheck HTTP/1.1" 200 0 "-" "ELB-HealthChecker/2.0"
172.31.18.245 - - [12/Feb/2023:00:10:01 +0100] "GET /healthcheck HTTP/1.1" 200 0 "-" "ELB-HealthChecker/2.0"
85.52.203.134 - - [12/Feb/2023:00:10:01 +0100] "GET /media/catalog/product/i/w/iwppa01734bk-1.jpg HTTP/1.0" 200 286165 "https://www.izas-outdoor.com/?query=pantalones%20trekking" "Mozilla/5.0 (Linux; Android 8.0.0; G3121) AppleWebKit/537.36 (KHTML, like Gecko) Chrome/109.0.0.0 Mobile Safari/537.36"
85.52.203.134 - - [12/Feb/2023:00:10:01 +0100] "GET /pub/media/catalog/product/i/w/iwppa01734bk-1.jpg HTTP/1.1" 200 200008 "https://www.izas-outdoor.com/?query=pantalones%20trekking" "Mozilla/5.0 (Linux; Android 8.0.0; G3121) AppleWebKit/537.36 (KHTML, like Gecko) Chrome/109.0.0.0 Mobile Safari/537.36"
172.31.44.91 - - [12/Feb/2023:00:10:01 +0100] "GET /healthcheck HTTP/1.1" 200 0 "-" "ELB-HealthChecker/2.0"
85.52.203.134 - - [12/Feb/2023:00:10:01 +0100] "GET /media/catalog/product/i/m/imppa01735bk_fx-1_1.jpg HTTP/1.0" 200 220432 "https://www.izas-outdoor.com/?query=pantalones%20trekking" "Mozilla/5.0 (Linux; Android 8.0.0; G3121) AppleWebKit/537.36 (KHTML, like Gecko) Chrome/109.0.0.0 Mobile Safari/537.36"
85.52.203.134 - - [12/Feb/2023:00:10:01 +0100] "GET /pub/media/catalog/product/i/m/imppa01735bk_fx-1_1.jpg HTTP/1.1" 200 202172 "https://www.izas-outdoor.com/?query=pantalones%20trekking" "Mozilla/5.0 (Linux; Android 8.0.0; G3121) AppleWebKit/537.36 (KHTML, like Gecko) Chrome/109.0.0.0 Mobile Safari/537.36"
85.52.203.134 - - [12/Feb/2023:00:10:01 +0100] "GET /media/catalog/product/i/m/imppa01720mr_rd-1.jpg HTTP/1.0" 200 228457 "https://www.izas-outdoor.com/?query=pantalones%20trekking" "Mozilla/5.0 (Linux; Android 8.0.0; G3121) AppleWebKit/537.36 (KHTML, like Gecko) Chrome/109.0.0.0 Mobile Safari/537.36"
85.52.203.134 - - [12/Feb/2023:00:10:01 +0100] "GET /pub/media/catalog/product/i/m/imppa01720mr_rd-1.jpg HTTP/1.1" 200 206633 "https://www.izas-outdoor.com/?query=pantalones%20trekking" "Mozilla/5.0 (Linux; Android 8.0.0; G3121) AppleWebKit/537.36 (KHTML, like Gecko) Chrome/109.0.0.0 Mobile Safari/537.36"
85.52.203.134 - - [12/Feb/2023:00:10:01 +0100] "GET /media/catalog/product/i/m/imppa01715rd_bk-1.jpg HTTP/1.0" 200 375852 "https://www.izas-outdoor.com/?query=pantalones%20trekking" "Mozilla/5.0 (Linux; Android 8.0.0; G3121) AppleWebKit/537.36 (KHTML, like Gecko) Chrome/109.0.0.0 Mobile Safari/537.36"
85.52.203.134 - - [12/Feb/2023:00:10:01 +0100] "GET /pub/media/catalog/product/i/m/imppa01715rd_bk-1.jpg HTTP/1.1" 200 293485 "https://www.izas-outdoor.com/?query=pantalones%20trekking" "Mozilla/5.0 (Linux; Android 8.0.0; G3121) AppleWebKit/537.36 (KHTML, like Gecko) Chrome/109.0.0.0 Mobile Safari/537.36"
172.31.44.91 - - [12/Feb/2023:00:10:02 +0100] "GET /healthcheck HTTP/1.1" 200 0 "-" "ELB-HealthChecker/2.0"
