95.127.225.167 - - [12/Feb/2023:00:10:03 +0100] "GET /catalog/product/view/id/82999/s/pantalon-de-trekking-azul-oscuro-para-mujer-invierno-asgard-w-fw/category/506/ HTTP/1.1" 200 26452 "https://www.izas-outdoor.com/rebajas-ropa-montana.html" "Mozilla/5.0 (Linux; Android 11; SM-A505FN) AppleWebKit/537.36 (KHTML, like Gecko) Chrome/109.0.0.0 Mobile Safari/537.36"
2800:150:146:d17:ac27:2159:6a92:cd1e - - [12/Feb/2023:00:10:04 +0100] "GET /?gclid=CjwKCAiAlp2fBhBPEiwA2Q10D3irFTKcMfwtfc1-mEXMZYH01FHCTkD0fzefnWhG-BkEFkWFIRGYFRoCpM0QAvD_BwE HTTP/1.1" 200 21507 "-" "Mozilla/5.0 (Linux; Android 11; moto g(20)) AppleWebKit/537.36 (KHTML, like Gecko) Chrome/109.0.0.0 Mobile Safari/537.36"
85.52.203.134 - - [12/Feb/2023:00:10:04 +0100] "GET /media/catalog/product/i/w/iwppa01617bb_dv-1.jpg HTTP/1.0" 200 322267 "https://www.izas-outdoor.com/?query=pantalones%20trekking" "Mozilla/5.0 (Linux; Android 8.0.0; G3121) AppleWebKit/537.36 (KHTML, like Gecko) Chrome/109.0.0.0 Mobile Safari/537.36"
85.52.203.134 - - [12/Feb/2023:00:10:04 +0100] "GET /media/catalog/product/i/w/iwppa01734bb_dv-1.jpg HTTP/1.0" 200 342949 "https://www.izas-outdoor.com/?query=pantalones%20trekking" "Mozilla/5.0 (Linux; Android 8.0.0; G3121) AppleWebKit/537.36 (KHTML, like Gecko) Chrome/109.0.0.0 Mobile Safari/537.36"
85.52.203.134 - - [12/Feb/2023:00:10:04 +0100] "GET /pub/media/catalog/product/i/w/iwppa01617bb_dv-1.jpg HTTP/1.1" 200 235200 "https://www.izas-outdoor.com/?query=pantalones%20trekking" "Mozilla/5.0 (Linux; Android 8.0.0; G3121) AppleWebKit/537.36 (KHTML, like Gecko) Chrome/109.0.0.0 Mobile Safari/537.36"
85.52.203.134 - - [12/Feb/2023:00:10:04 +0100] "GET /pub/media/catalog/product/i/w/iwppa01734bb_dv-1.jpg HTTP/1.1" 200 258073 "https://www.izas-outdoor.com/?query=pantalones%20trekking" "Mozilla/5.0 (Linux; Android 8.0.0; G3121) AppleWebKit/537.36 (KHTML, like Gecko) Chrome/109.0.0.0 Mobile Safari/537.36"
2800:150:146:d17:ac27:2159:6a92:cd1e - - [12/Feb/2023:00:10:05 +0100] "GET /media/contentmanager/content/ HTTP/1.1" 403 177 "https://ch.izas-outdoor.com/?gclid=CjwKCAiAlp2fBhBPEiwA2Q10D3irFTKcMfwtfc1-mEXMZYH01FHCTkD0fzefnWhG-BkEFkWFIRGYFRoCpM0QAvD_BwE" "Mozilla/5.0 (Linux; Android 11; moto g(20)) AppleWebKit/537.36 (KHTML, like Gecko) Chrome/109.0.0.0 Mobile Safari/537.36"
85.52.203.134 - - [12/Feb/2023:00:10:07 +0100] "GET /media/catalog/product/i/m/imppa01712ch_or-1_1.jpg HTTP/1.0" 200 289128 "https://www.izas-outdoor.com/?page=2&query=pantalones%20trekking&scroll=86869" "Mozilla/5.0 (Linux; Android 8.0.0; G3121) AppleWebKit/537.36 (KHTML, like Gecko) Chrome/109.0.0.0 Mobile Safari/537.36"
85.52.203.134 - - [12/Feb/2023:00:10:07 +0100] "GET /pub/media/catalog/product/i/m/imppa01712ch_or-1_1.jpg HTTP/1.1" 200 268737 "https://www.izas-outdoor.com/?page=2&query=pantalones%20trekking&scroll=86869" "Mozilla/5.0 (Linux; Android 8.0.0; G3121) AppleWebKit/537.36 (KHTML, like Gecko) Chrome/109.0.0.0 Mobile Safari/537.36"
85.52.203.134 - - [12/Feb/2023:00:10:07 +0100] "GET /media/catalog/product/i/m/imppa01735at_cr-1.jpg HTTP/1.0" 200 299568 "https://www.izas-outdoor.com/?page=2&query=pantalones%20trekking&scroll=86869" "Mozilla/5.0 (Linux; Android 8.0.0; G3121) AppleWebKit/537.36 (KHTML, like Gecko) Chrome/109.0.0.0 Mobile Safari/537.36"
85.52.203.134 - - [12/Feb/2023:00:10:07 +0100] "GET /pub/media/catalog/product/i/m/imppa01735at_cr-1.jpg HTTP/1.1" 200 279262 "https://www.izas-outdoor.com/?page=2&query=pantalones%20trekking&scroll=86869" "Mozilla/5.0 (Linux; Android 8.0.0; G3121) AppleWebKit/537.36 (KHTML, like Gecko) Chrome/109.0.0.0 Mobile Safari/537.36"
85.52.203.134 - - [12/Feb/2023:00:10:07 +0100] "GET /es/?gclid=CjwKCAiAlp2fBhBPEiwA2Q10D9xxoQtZDb_HMGhkwALaGZlt3fDGa_sDZryXkc4sWIT4quuikQqu3BoCcnUQAvD_BwE HTTP/1.1" 200 22580 "-" "Mozilla/5.0 (Linux; Android 8.0.0; G3121) AppleWebKit/537.36 (KHTML, like Gecko) Chrome/109.0.0.0 Mobile Safari/537.36"
190.114.46.204 - - [12/Feb/2023:00:10:09 +0100] "GET /?gclid=EAIaIQobChMI1qyo1MqO_QIVJ9z9BR2qWAj7EAEYASAAEgKMOvD_BwE HTTP/1.1" 200 21507 "-" "Mozilla/5.0 (Linux; Android 11; M2101K7BL) AppleWebKit/537.36 (KHTML, like Gecko) Chrome/110.0.0.0 Mobile Safari/537.36"
66.249.70.179 - - [12/Feb/2023:00:10:10 +0100] "GET /en/toalla-microfibra-unisex-azul-brema-l.html HTTP/1.1" 200 24034 "-" "Mozilla/5.0 (compatible; Googlebot/2.1; +http://www.google.com/bot.html)"
172.31.18.245 - - [12/Feb/2023:00:10:10 +0100] "GET /healthcheck HTTP/1.1" 200 0 "-" "ELB-HealthChecker/2.0"
172.31.18.245 - - [12/Feb/2023:00:10:11 +0100] "GET /healthcheck HTTP/1.1" 200 0 "-" "ELB-HealthChecker/2.0"
172.31.44.91 - - [12/Feb/2023:00:10:11 +0100] "GET /healthcheck HTTP/1.1" 200 0 "-" "ELB-HealthChecker/2.0"
172.31.44.91 - - [12/Feb/2023:00:10:12 +0100] "GET /healthcheck HTTP/1.1" 200 0 "-" "ELB-HealthChecker/2.0"
190.114.46.204 - - [12/Feb/2023:00:10:12 +0100] "GET /media/contentmanager/content/ HTTP/1.1" 403 177 "https://ch.izas-outdoor.com/?gclid=EAIaIQobChMI1qyo1MqO_QIVJ9z9BR2qWAj7EAEYASAAEgKMOvD_BwE" "Mozilla/5.0 (Linux; Android 11; M2101K7BL) AppleWebKit/537.36 (KHTML, like Gecko) Chrome/110.0.0.0 Mobile Safari/537.36"
190.114.46.204 - - [12/Feb/2023:00:10:13 +0100] "GET /media/contentmanager/content/ HTTP/1.1" 403 177 "https://ch.izas-outdoor.com/?gclid=EAIaIQobChMI1qyo1MqO_QIVJ9z9BR2qWAj7EAEYASAAEgKMOvD_BwE" "Mozilla/5.0 (Linux; Android 11; M2101K7BL) AppleWebKit/537.36 (KHTML, like Gecko) Chrome/110.0.0.0 Mobile Safari/537.36"
190.114.46.204 - - [12/Feb/2023:00:10:14 +0100] "GET /media/contentmanager/content/ HTTP/1.1" 403 177 "https://ch.izas-outdoor.com/?gclid=EAIaIQobChMI1qyo1MqO_QIVJ9z9BR2qWAj7EAEYASAAEgKMOvD_BwE" "Mozilla/5.0 (Linux; Android 11; M2101K7BL) AppleWebKit/537.36 (KHTML, like Gecko) Chrome/110.0.0.0 Mobile Safari/537.36"
40.77.167.202 - - [12/Feb/2023:00:10:19 +0100] "GET /en/sales-mountain-clothing/woman.html?p=6 HTTP/1.1" 200 26079 "-" "Mozilla/5.0 AppleWebKit/537.36 (KHTML, like Gecko; compatible; bingbot/2.0; +http://www.bing.com/bingbot.htm) Chrome/103.0.5060.134 Safari/537.36"
95.127.225.167 - - [12/Feb/2023:00:10:19 +0100] "GET /rebajas-ropa-montana.html?p=2&_=1676157007330 HTTP/1.1" 200 27333 "https://www.izas-outdoor.com/rebajas-ropa-montana.html" "Mozilla/5.0 (Linux; Android 11; SM-A505FN) AppleWebKit/537.36 (KHTML, like Gecko) Chrome/109.0.0.0 Mobile Safari/537.36"
85.57.156.126 - - [12/Feb/2023:00:10:19 +0100] "GET /?gclid=CjwKCAiAlp2fBhBPEiwA2Q10D9cPQ1OhffAdzk6pCkD-S1QFuaxXernERobY4zNcIo8c4ie8jHSpyBoCcFAQAvD_BwE HTTP/1.1" 200 22579 "android-app://com.google.android.googlequicksearchbox/" "Mozilla/5.0 (Linux; Android 10; M2006C3MNG) AppleWebKit/537.36 (KHTML, like Gecko) Chrome/110.0.0.0 Mobile Safari/537.36"
172.31.18.245 - - [12/Feb/2023:00:10:20 +0100] "GET /healthcheck HTTP/1.1" 200 0 "-" "ELB-HealthChecker/2.0"
172.31.18.245 - - [12/Feb/2023:00:10:21 +0100] "GET /healthcheck HTTP/1.1" 200 0 "-" "ELB-HealthChecker/2.0"
172.31.44.91 - - [12/Feb/2023:00:10:21 +0100] "GET /healthcheck HTTP/1.1" 200 0 "-" "ELB-HealthChecker/2.0"
190.114.46.204 - - [12/Feb/2023:00:10:22 +0100] "GET /customer/section/load/?sections=cart&force_new_section_timestamp=false&_=1676157010827 HTTP/1.1" 200 286 "https://ch.izas-outdoor.com/?gclid=EAIaIQobChMI1qyo1MqO_QIVJ9z9BR2qWAj7EAEYASAAEgKMOvD_BwE" "Mozilla/5.0 (Linux; Android 11; M2101K7BL) AppleWebKit/537.36 (KHTML, like Gecko) Chrome/110.0.0.0 Mobile Safari/537.36"
172.31.44.91 - - [12/Feb/2023:00:10:22 +0100] "GET /healthcheck HTTP/1.1" 200 0 "-" "ELB-HealthChecker/2.0"
190.114.46.204 - - [12/Feb/2023:00:10:22 +0100] "GET /customer/section/load/?sections=cart&force_new_section_timestamp=false&_=1676157010828 HTTP/1.1" 200 286 "https://ch.izas-outdoor.com/?gclid=EAIaIQobChMI1qyo1MqO_QIVJ9z9BR2qWAj7EAEYASAAEgKMOvD_BwE" "Mozilla/5.0 (Linux; Android 11; M2101K7BL) AppleWebKit/537.36 (KHTML, like Gecko) Chrome/110.0.0.0 Mobile Safari/537.36"
216.245.221.83 - - [12/Feb/2023:00:10:29 +0100] "HEAD / HTTP/1.1" 200 0 "https://www.izas-outdoor.com/" "Mozilla/5.0+(compatible; UptimeRobot/2.0; http://www.uptimerobot.com/)"
172.31.18.245 - - [12/Feb/2023:00:10:30 +0100] "GET /healthcheck HTTP/1.1" 200 0 "-" "ELB-HealthChecker/2.0"
172.31.18.245 - - [12/Feb/2023:00:10:31 +0100] "GET /healthcheck HTTP/1.1" 200 0 "-" "ELB-HealthChecker/2.0"
172.31.44.91 - - [12/Feb/2023:00:10:31 +0100] "GET /healthcheck HTTP/1.1" 200 0 "-" "ELB-HealthChecker/2.0"
172.31.44.91 - - [12/Feb/2023:00:10:32 +0100] "GET /healthcheck HTTP/1.1" 200 0 "-" "ELB-HealthChecker/2.0"
85.57.156.126 - - [12/Feb/2023:00:10:32 +0100] "GET /customer/section/load/?sections=cart&force_new_section_timestamp=false&_=1676157028268 HTTP/1.1" 200 617 "https://www.izas-outdoor.com/hombre.html" "Mozilla/5.0 (Linux; Android 10; M2006C3MNG) AppleWebKit/537.36 (KHTML, like Gecko) Chrome/110.0.0.0 Mobile Safari/537.36"
85.57.156.126 - - [12/Feb/2023:00:10:32 +0100] "GET /customer/section/load/?sections=cart&force_new_section_timestamp=false&_=1676157028268 HTTP/1.1" 200 605 "https://www.izas-outdoor.com/hombre.html" "Mozilla/5.0 (Linux; Android 10; M2006C3MNG) AppleWebKit/537.36 (KHTML, like Gecko) Chrome/110.0.0.0 Mobile Safari/537.36"
85.57.156.126 - - [12/Feb/2023:00:10:36 +0100] "GET /customer/section/load/?sections=cart&force_new_section_timestamp=false&_=1676157028269 HTTP/1.1" 200 617 "https://www.izas-outdoor.com/hombre.html" "Mozilla/5.0 (Linux; Android 10; M2006C3MNG) AppleWebKit/537.36 (KHTML, like Gecko) Chrome/110.0.0.0 Mobile Safari/537.36"
85.57.156.126 - - [12/Feb/2023:00:10:36 +0100] "GET /customer/section/load/?sections=cart&force_new_section_timestamp=false&_=1676157028269 HTTP/1.1" 200 605 "https://www.izas-outdoor.com/hombre.html" "Mozilla/5.0 (Linux; Android 10; M2006C3MNG) AppleWebKit/537.36 (KHTML, like Gecko) Chrome/110.0.0.0 Mobile Safari/537.36"
47.60.50.19 - - [12/Feb/2023:00:10:36 +0100] "GET /es/?gclid=CjwKCAiAlp2fBhBPEiwA2Q10D-f4sO1PDoqCFzJQpeusWk7DYAXEjmFjbDu5sRkunFwZr-dmnb-YehoCeosQAvD_BwE HTTP/1.1" 200 22580 "-" "Mozilla/5.0 (iPhone; CPU iPhone OS 16_1_2 like Mac OS X) AppleWebKit/605.1.15 (KHTML, like Gecko) Version/16.1 Mobile/15E148 Safari/604.1"
152.172.59.89 - - [12/Feb/2023:00:10:37 +0100] "GET /?gclid=EAIaIQobChMI8bDFlcuO_QIVPeX9BR0gLACLEAEYASAAEgKXw_D_BwE HTTP/1.1" 200 21507 "-" "Mozilla/5.0 (Linux; Android 10; M2010J19SL) AppleWebKit/537.36 (KHTML, like Gecko) Chrome/100.0.4896.79 Mobile Safari/537.36"
172.31.18.245 - - [12/Feb/2023:00:10:40 +0100] "GET /healthcheck HTTP/1.1" 200 0 "-" "ELB-HealthChecker/2.0"
172.31.18.245 - - [12/Feb/2023:00:10:41 +0100] "GET /healthcheck HTTP/1.1" 200 0 "-" "ELB-HealthChecker/2.0"
172.31.44.91 - - [12/Feb/2023:00:10:41 +0100] "GET /healthcheck HTTP/1.1" 200 0 "-" "ELB-HealthChecker/2.0"
172.31.44.91 - - [12/Feb/2023:00:10:42 +0100] "GET /healthcheck HTTP/1.1" 200 0 "-" "ELB-HealthChecker/2.0"
157.55.39.0 - - [12/Feb/2023:00:10:42 +0100] "GET /fr/rp-1/chaqueta-de-ski-negra-hombre-lake-m.html HTTP/1.1" 200 26029 "-" "Mozilla/5.0 AppleWebKit/537.36 (KHTML, like Gecko; compatible; bingbot/2.0; +http://www.bing.com/bingbot.htm) Chrome/103.0.5060.134 Safari/537.36"
35.189.217.37 - - [12/Feb/2023:00:10:42 +0100] "GET / HTTP/1.1" 200 22387 "-" "Apache-HttpClient/4.5.5 (Java/11.0.9)"
35.189.217.37 - - [12/Feb/2023:00:10:42 +0100] "HEAD / HTTP/1.1" 200 0 "-" "Apache-HttpClient/4.5.5 (Java/11.0.9)"
152.172.59.89 - - [12/Feb/2023:00:10:43 +0100] "GET /?gclid=EAIaIQobChMI8bDFlcuO_QIVPeX9BR0gLACLEAEYASAAEgKXw_D_BwE HTTP/1.1" 200 21507 "-" "Mozilla/5.0 (Linux; Android 10; M2010J19SL) AppleWebKit/537.36 (KHTML, like Gecko) Chrome/100.0.4896.79 Mobile Safari/537.36"
152.172.59.89 - - [12/Feb/2023:00:10:44 +0100] "GET /media/contentmanager/content/ HTTP/1.1" 403 177 "https://ch.izas-outdoor.com/?gclid=EAIaIQobChMI8bDFlcuO_QIVPeX9BR0gLACLEAEYASAAEgKXw_D_BwE" "Mozilla/5.0 (Linux; Android 10; M2010J19SL) AppleWebKit/537.36 (KHTML, like Gecko) Chrome/100.0.4896.79 Mobile Safari/537.36"
85.57.156.126 - - [12/Feb/2023:00:10:45 +0100] "GET /?gclid=CjwKCAiAlp2fBhBPEiwA2Q10D9cPQ1OhffAdzk6pCkD-S1QFuaxXernERobY4zNcIo8c4ie8jHSpyBoCcFAQAvD_BwE HTTP/1.1" 200 22579 "android-app://com.google.android.googlequicksearchbox/" "Mozilla/5.0 (Linux; Android 10; M2006C3MNG) AppleWebKit/537.36 (KHTML, like Gecko) Chrome/110.0.0.0 Mobile Safari/537.36"
152.172.59.89 - - [12/Feb/2023:00:10:47 +0100] "GET /media/contentmanager/content/ HTTP/1.1" 403 177 "https://ch.izas-outdoor.com/?gclid=EAIaIQobChMI8bDFlcuO_QIVPeX9BR0gLACLEAEYASAAEgKXw_D_BwE" "Mozilla/5.0 (Linux; Android 10; M2010J19SL) AppleWebKit/537.36 (KHTML, like Gecko) Chrome/100.0.4896.79 Mobile Safari/537.36"
172.31.18.245 - - [12/Feb/2023:00:10:50 +0100] "GET /healthcheck HTTP/1.1" 200 0 "-" "ELB-HealthChecker/2.0"
172.31.18.245 - - [12/Feb/2023:00:10:51 +0100] "GET /healthcheck HTTP/1.1" 200 0 "-" "ELB-HealthChecker/2.0"
172.31.44.91 - - [12/Feb/2023:00:10:51 +0100] "GET /healthcheck HTTP/1.1" 200 0 "-" "ELB-HealthChecker/2.0"
172.31.44.91 - - [12/Feb/2023:00:10:52 +0100] "GET /healthcheck HTTP/1.1" 200 0 "-" "ELB-HealthChecker/2.0"
79.148.43.146 - - [12/Feb/2023:00:10:59 +0100] "POST /rest/es/V1/carts/mine/save-addresses HTTP/1.1" 200 648 "https://www.izas-outdoor.com/checkout/" "Mozilla/5.0 (Macintosh; Intel Mac OS X 10_15_7) AppleWebKit/605.1.15 (KHTML, like Gecko) Version/16.2 Safari/605.1.15"
79.148.43.146 - - [12/Feb/2023:00:10:59 +0100] "POST /rest/es/V1/carts/mine/save-addresses HTTP/1.1" 200 648 "https://www.izas-outdoor.com/checkout/" "Mozilla/5.0 (Macintosh; Intel Mac OS X 10_15_7) AppleWebKit/605.1.15 (KHTML, like Gecko) Version/16.2 Safari/605.1.15"
79.148.43.146 - - [12/Feb/2023:00:11:00 +0100] "POST /rest/es/V1/carts/mine/estimate-shipping-methods HTTP/1.1" 200 184 "https://www.izas-outdoor.com/checkout/" "Mozilla/5.0 (Macintosh; Intel Mac OS X 10_15_7) AppleWebKit/605.1.15 (KHTML, like Gecko) Version/16.2 Safari/605.1.15"
79.148.43.146 - - [12/Feb/2023:00:11:00 +0100] "POST /rest/es/V1/carts/mine/estimate-shipping-methods HTTP/1.1" 200 184 "https://www.izas-outdoor.com/checkout/" "Mozilla/5.0 (Macintosh; Intel Mac OS X 10_15_7) AppleWebKit/605.1.15 (KHTML, like Gecko) Version/16.2 Safari/605.1.15"
79.148.43.146 - - [12/Feb/2023:00:11:00 +0100] "GET /customer/section/load/?sections=messages&force_new_section_timestamp=true&_=1676156696647 HTTP/1.1" 200 71 "https://www.izas-outdoor.com/checkout/" "Mozilla/5.0 (Macintosh; Intel Mac OS X 10_15_7) AppleWebKit/605.1.15 (KHTML, like Gecko) Version/16.2 Safari/605.1.15"
79.148.43.146 - - [12/Feb/2023:00:11:00 +0100] "GET /customer/section/load/?sections=messages&force_new_section_timestamp=true&_=1676156696647 HTTP/1.1" 200 60 "https://www.izas-outdoor.com/checkout/" "Mozilla/5.0 (Macintosh; Intel Mac OS X 10_15_7) AppleWebKit/605.1.15 (KHTML, like Gecko) Version/16.2 Safari/605.1.15"
172.31.18.245 - - [12/Feb/2023:00:11:00 +0100] "GET /healthcheck HTTP/1.1" 200 0 "-" "ELB-HealthChecker/2.0"
172.31.18.245 - - [12/Feb/2023:00:11:01 +0100] "GET /healthcheck HTTP/1.1" 200 0 "-" "ELB-HealthChecker/2.0"
172.31.44.91 - - [12/Feb/2023:00:11:01 +0100] "GET /healthcheck HTTP/1.1" 200 0 "-" "ELB-HealthChecker/2.0"
172.31.44.91 - - [12/Feb/2023:00:11:02 +0100] "GET /healthcheck HTTP/1.1" 200 0 "-" "ELB-HealthChecker/2.0"
95.127.225.167 - - [12/Feb/2023:00:11:04 +0100] "GET /rebajas-ropa-montana.html?p=2&_=1676157041937 HTTP/1.1" 200 27340 "https://www.izas-outdoor.com/rebajas-ropa-montana.html" "Mozilla/5.0 (Linux; Android 11; SM-A505FN) AppleWebKit/537.36 (KHTML, like Gecko) Chrome/109.0.0.0 Mobile Safari/537.36"
181.42.18.17 - - [12/Feb/2023:00:11:08 +0100] "GET /?gclid=CjwKCAiAlp2fBhBPEiwA2Q10D-TPfERtuG1tCFIJL6YDzfVmZbrBfmVnMljTYw-G2Tk_upQzdjyN2xoCdbcQAvD_BwE HTTP/1.1" 200 21507 "-" "Mozilla/5.0 (Linux; Android 12; SAMSUNG SM-A035M) AppleWebKit/537.36 (KHTML, like Gecko) SamsungBrowser/19.0 Chrome/102.0.5005.125 Mobile Safari/537.36"
172.31.18.245 - - [12/Feb/2023:00:11:10 +0100] "GET /healthcheck HTTP/1.1" 200 0 "-" "ELB-HealthChecker/2.0"
172.31.18.245 - - [12/Feb/2023:00:11:11 +0100] "GET /healthcheck HTTP/1.1" 200 0 "-" "ELB-HealthChecker/2.0"
172.31.44.91 - - [12/Feb/2023:00:11:11 +0100] "GET /healthcheck HTTP/1.1" 200 0 "-" "ELB-HealthChecker/2.0"
172.31.44.91 - - [12/Feb/2023:00:11:12 +0100] "GET /healthcheck HTTP/1.1" 200 0 "-" "ELB-HealthChecker/2.0"
181.42.18.17 - - [12/Feb/2023:00:11:14 +0100] "GET /media/contentmanager/content/ HTTP/1.1" 403 177 "https://ch.izas-outdoor.com/?gclid=CjwKCAiAlp2fBhBPEiwA2Q10D-TPfERtuG1tCFIJL6YDzfVmZbrBfmVnMljTYw-G2Tk_upQzdjyN2xoCdbcQAvD_BwE" "Mozilla/5.0 (Linux; Android 12; SAMSUNG SM-A035M) AppleWebKit/537.36 (KHTML, like Gecko) SamsungBrowser/19.0 Chrome/102.0.5005.125 Mobile Safari/537.36"
181.42.18.17 - - [12/Feb/2023:00:11:16 +0100] "GET /media/contentmanager/content/ HTTP/1.1" 403 177 "https://ch.izas-outdoor.com/?gclid=CjwKCAiAlp2fBhBPEiwA2Q10D-TPfERtuG1tCFIJL6YDzfVmZbrBfmVnMljTYw-G2Tk_upQzdjyN2xoCdbcQAvD_BwE" "Mozilla/5.0 (Linux; Android 12; SAMSUNG SM-A035M) AppleWebKit/537.36 (KHTML, like Gecko) SamsungBrowser/19.0 Chrome/102.0.5005.125 Mobile Safari/537.36"
62.99.104.219 - - [12/Feb/2023:00:11:17 +0100] "GET /?gclid=CjwKCAiAlp2fBhBPEiwA2Q10D1zAoO-Ntn0a1AJ_b25xBWaayd7j-ZQah-4gAcmV8MYzgob3uQ_jURoCFvUQAvD_BwE HTTP/1.1" 200 22579 "android-app://com.google.android.googlequicksearchbox/" "Mozilla/5.0 (Linux; Android 12; M2102J20SG) AppleWebKit/537.36 (KHTML, like Gecko) Chrome/109.0.0.0 Mobile Safari/537.36"
181.42.18.17 - - [12/Feb/2023:00:11:20 +0100] "GET /customer/section/load/?sections=cart&force_new_section_timestamp=false&_=1676157073616 HTTP/1.1" 200 285 "https://ch.izas-outdoor.com/?gclid=CjwKCAiAlp2fBhBPEiwA2Q10D-TPfERtuG1tCFIJL6YDzfVmZbrBfmVnMljTYw-G2Tk_upQzdjyN2xoCdbcQAvD_BwE" "Mozilla/5.0 (Linux; Android 12; SAMSUNG SM-A035M) AppleWebKit/537.36 (KHTML, like Gecko) SamsungBrowser/19.0 Chrome/102.0.5005.125 Mobile Safari/537.36"
181.42.18.17 - - [12/Feb/2023:00:11:20 +0100] "GET /customer/section/load/?sections=cart&force_new_section_timestamp=false&_=1676157073617 HTTP/1.1" 200 285 "https://ch.izas-outdoor.com/?gclid=CjwKCAiAlp2fBhBPEiwA2Q10D-TPfERtuG1tCFIJL6YDzfVmZbrBfmVnMljTYw-G2Tk_upQzdjyN2xoCdbcQAvD_BwE" "Mozilla/5.0 (Linux; Android 12; SAMSUNG SM-A035M) AppleWebKit/537.36 (KHTML, like Gecko) SamsungBrowser/19.0 Chrome/102.0.5005.125 Mobile Safari/537.36"
172.31.18.245 - - [12/Feb/2023:00:11:20 +0100] "GET /healthcheck HTTP/1.1" 200 0 "-" "ELB-HealthChecker/2.0"
172.31.18.245 - - [12/Feb/2023:00:11:21 +0100] "GET /healthcheck HTTP/1.1" 200 0 "-" "ELB-HealthChecker/2.0"
172.31.44.91 - - [12/Feb/2023:00:11:21 +0100] "GET /healthcheck HTTP/1.1" 200 0 "-" "ELB-HealthChecker/2.0"
172.31.44.91 - - [12/Feb/2023:00:11:22 +0100] "GET /healthcheck HTTP/1.1" 200 0 "-" "ELB-HealthChecker/2.0"
93.176.131.38 - - [12/Feb/2023:00:11:30 +0100] "GET / HTTP/1.1" 200 22579 "https://www.google.com/" "Mozilla/5.0 (Macintosh; Intel Mac OS X 10_15_7) AppleWebKit/537.36 (KHTML, like Gecko) Chrome/109.0.0.0 Safari/537.36"
172.31.18.245 - - [12/Feb/2023:00:11:30 +0100] "GET /healthcheck HTTP/1.1" 200 0 "-" "ELB-HealthChecker/2.0"
172.31.18.245 - - [12/Feb/2023:00:11:31 +0100] "GET /healthcheck HTTP/1.1" 200 0 "-" "ELB-HealthChecker/2.0"
172.31.44.91 - - [12/Feb/2023:00:11:31 +0100] "GET /healthcheck HTTP/1.1" 200 0 "-" "ELB-HealthChecker/2.0"
172.31.44.91 - - [12/Feb/2023:00:11:32 +0100] "GET /healthcheck HTTP/1.1" 200 0 "-" "ELB-HealthChecker/2.0"
90.167.254.199 - - [12/Feb/2023:00:11:37 +0100] "GET /?gclid=CjwKCAiAlp2fBhBPEiwA2Q10Dw7wIIU5zFtNZ4xv30c1EC7qLUDheVH6s4D1YNZ9IDpLP4o7qcm5ChoCtkwQAvD_BwE HTTP/1.1" 200 22579 "android-app://com.google.android.googlequicksearchbox/" "Mozilla/5.0 (Linux; Android 11; SM-A226B) AppleWebKit/537.36 (KHTML, like Gecko) Chrome/109.0.0.0 Mobile Safari/537.36"
172.31.18.245 - - [12/Feb/2023:00:11:40 +0100] "GET /healthcheck HTTP/1.1" 200 0 "-" "ELB-HealthChecker/2.0"
172.31.18.245 - - [12/Feb/2023:00:11:41 +0100] "GET /healthcheck HTTP/1.1" 200 0 "-" "ELB-HealthChecker/2.0"
172.31.44.91 - - [12/Feb/2023:00:11:41 +0100] "GET /healthcheck HTTP/1.1" 200 0 "-" "ELB-HealthChecker/2.0"
172.31.44.91 - - [12/Feb/2023:00:11:42 +0100] "GET /healthcheck HTTP/1.1" 200 0 "-" "ELB-HealthChecker/2.0"
114.119.150.56 - - [12/Feb/2023:00:11:43 +0100] "GET /pub/media/catalog/product/p/a/padru-darkgrey-black-1-.jpg HTTP/1.1" 403 117 "https://test1.imagicaaworld.com/detail-Board-Shorts-67536.shtm" "Mozilla/5.0 (Linux; Android 7.0;) AppleWebKit/537.36 (KHTML, like Gecko) Mobile Safari/537.36 (compatible; PetalBot;+https://webmaster.petalsearch.com/site/petalbot)"
90.167.254.199 - - [12/Feb/2023:00:11:44 +0100] "GET /customer/section/load/?sections=cart&force_new_section_timestamp=false&_=1676157097939 HTTP/1.1" 200 618 "https://www.izas-outdoor.com/?gclid=CjwKCAiAlp2fBhBPEiwA2Q10Dw7wIIU5zFtNZ4xv30c1EC7qLUDheVH6s4D1YNZ9IDpLP4o7qcm5ChoCtkwQAvD_BwE" "Mozilla/5.0 (Linux; Android 11; SM-A226B) AppleWebKit/537.36 (KHTML, like Gecko) Chrome/109.0.0.0 Mobile Safari/537.36"
90.167.254.199 - - [12/Feb/2023:00:11:44 +0100] "GET /customer/section/load/?sections=cart&force_new_section_timestamp=false&_=1676157097939 HTTP/1.1" 200 606 "https://www.izas-outdoor.com/?gclid=CjwKCAiAlp2fBhBPEiwA2Q10Dw7wIIU5zFtNZ4xv30c1EC7qLUDheVH6s4D1YNZ9IDpLP4o7qcm5ChoCtkwQAvD_BwE" "Mozilla/5.0 (Linux; Android 11; SM-A226B) AppleWebKit/537.36 (KHTML, like Gecko) Chrome/109.0.0.0 Mobile Safari/537.36"
90.167.254.199 - - [12/Feb/2023:00:11:44 +0100] "GET /customer/section/load/?sections=cart&force_new_section_timestamp=false&_=1676157097938 HTTP/1.1" 200 618 "https://www.izas-outdoor.com/?gclid=CjwKCAiAlp2fBhBPEiwA2Q10Dw7wIIU5zFtNZ4xv30c1EC7qLUDheVH6s4D1YNZ9IDpLP4o7qcm5ChoCtkwQAvD_BwE" "Mozilla/5.0 (Linux; Android 11; SM-A226B) AppleWebKit/537.36 (KHTML, like Gecko) Chrome/109.0.0.0 Mobile Safari/537.36"
90.167.254.199 - - [12/Feb/2023:00:11:44 +0100] "GET /customer/section/load/?sections=cart&force_new_section_timestamp=false&_=1676157097938 HTTP/1.1" 200 606 "https://www.izas-outdoor.com/?gclid=CjwKCAiAlp2fBhBPEiwA2Q10Dw7wIIU5zFtNZ4xv30c1EC7qLUDheVH6s4D1YNZ9IDpLP4o7qcm5ChoCtkwQAvD_BwE" "Mozilla/5.0 (Linux; Android 11; SM-A226B) AppleWebKit/537.36 (KHTML, like Gecko) Chrome/109.0.0.0 Mobile Safari/537.36"
172.31.18.245 - - [12/Feb/2023:00:11:50 +0100] "GET /healthcheck HTTP/1.1" 200 0 "-" "ELB-HealthChecker/2.0"
172.31.18.245 - - [12/Feb/2023:00:11:51 +0100] "GET /healthcheck HTTP/1.1" 200 0 "-" "ELB-HealthChecker/2.0"
172.31.44.91 - - [12/Feb/2023:00:11:51 +0100] "GET /healthcheck HTTP/1.1" 200 0 "-" "ELB-HealthChecker/2.0"
172.31.44.91 - - [12/Feb/2023:00:11:52 +0100] "GET /healthcheck HTTP/1.1" 200 0 "-" "ELB-HealthChecker/2.0"
90.167.254.199 - - [12/Feb/2023:00:11:53 +0100] "GET /customer/section/load/?sections=cart&force_new_section_timestamp=false&_=1676157109651 HTTP/1.1" 200 617 "https://www.izas-outdoor.com/rebajas-ropa-montana.html" "Mozilla/5.0 (Linux; Android 11; SM-A226B) AppleWebKit/537.36 (KHTML, like Gecko) Chrome/109.0.0.0 Mobile Safari/537.36"
90.167.254.199 - - [12/Feb/2023:00:11:53 +0100] "GET /customer/section/load/?sections=cart&force_new_section_timestamp=false&_=1676157109651 HTTP/1.1" 200 617 "https://www.izas-outdoor.com/rebajas-ropa-montana.html" "Mozilla/5.0 (Linux; Android 11; SM-A226B) AppleWebKit/537.36 (KHTML, like Gecko) Chrome/109.0.0.0 Mobile Safari/537.36"
2803:2210:d:5a00:a158:d867:2eba:c87 - - [12/Feb/2023:00:11:59 +0100] "GET /?gclid=EAIaIQobChMIjtOpxMuO_QIVkDO5Bh0FtQ7-EAEYASAAEgKtjPD_BwE HTTP/1.1" 200 21507 "-" "Mozilla/5.0 (Linux; Android 11; moto g(20)) AppleWebKit/537.36 (KHTML, like Gecko) Chrome/109.0.0.0 Mobile Safari/537.36"
172.31.18.245 - - [12/Feb/2023:00:12:01 +0100] "GET /healthcheck HTTP/1.1" 200 0 "-" "ELB-HealthChecker/2.0"
172.31.18.245 - - [12/Feb/2023:00:12:01 +0100] "GET /healthcheck HTTP/1.1" 200 0 "-" "ELB-HealthChecker/2.0"
172.31.44.91 - - [12/Feb/2023:00:12:01 +0100] "GET /healthcheck HTTP/1.1" 200 0 "-" "ELB-HealthChecker/2.0"
172.31.44.91 - - [12/Feb/2023:00:12:02 +0100] "GET /healthcheck HTTP/1.1" 200 0 "-" "ELB-HealthChecker/2.0"
103.233.254.136 - - [12/Feb/2023:00:12:02 +0100] "GET /it/customer/account/create/ HTTP/1.1" 403 177 "-" "Mozilla/5.0 (Windows NT 10.0; Win64; x64) AppleWebKit/537.36 (KHTML, like Gecko) Chrome/78.0.3904.108 Safari/537.36"
2803:2210:d:5a00:a158:d867:2eba:c87 - - [12/Feb/2023:00:12:02 +0100] "GET /media/contentmanager/content/ HTTP/1.1" 403 177 "https://ch.izas-outdoor.com/?gclid=EAIaIQobChMIjtOpxMuO_QIVkDO5Bh0FtQ7-EAEYASAAEgKtjPD_BwE" "Mozilla/5.0 (Linux; Android 11; moto g(20)) AppleWebKit/537.36 (KHTML, like Gecko) Chrome/109.0.0.0 Mobile Safari/537.36"
103.233.254.136 - - [12/Feb/2023:00:12:03 +0100] "POST /it/customer/account/createpost/ HTTP/1.1" 403 177 "https://it.izas-outdoor.com/customer/account/create/" "Mozilla/5.0 (Windows NT 6.3; Win64; x64) AppleWebKit/537.36 (KHTML, like Gecko) Chrome/66.0.3359.181 Safari/537.36"
85.208.98.18 - - [12/Feb/2023:00:12:04 +0100] "GET /robots.txt HTTP/1.1" 403 117 "http://www.izas-outdoor.com/robots.txt" "Mozilla/5.0 (compatible; SemrushBot; +http://www.semrush.com/bot.html)"
2803:2210:d:5a00:a158:d867:2eba:c87 - - [12/Feb/2023:00:12:06 +0100] "GET /media/contentmanager/content/ HTTP/1.1" 403 177 "https://ch.izas-outdoor.com/?gclid=EAIaIQobChMIjtOpxMuO_QIVkDO5Bh0FtQ7-EAEYASAAEgKtjPD_BwE" "Mozilla/5.0 (Linux; Android 11; moto g(20)) AppleWebKit/537.36 (KHTML, like Gecko) Chrome/109.0.0.0 Mobile Safari/537.36"
79.148.43.146 - - [12/Feb/2023:00:12:10 +0100] "PUT /rest/es/V1/carts/mine/coupons/IZVALENT5 HTTP/1.1" 404 98 "https://www.izas-outdoor.com/checkout/" "Mozilla/5.0 (Macintosh; Intel Mac OS X 10_15_7) AppleWebKit/605.1.15 (KHTML, like Gecko) Version/16.2 Safari/605.1.15"
79.148.43.146 - - [12/Feb/2023:00:12:10 +0100] "PUT /rest/es/V1/carts/mine/coupons/IZVALENT5 HTTP/1.1" 404 87 "https://www.izas-outdoor.com/checkout/" "Mozilla/5.0 (Macintosh; Intel Mac OS X 10_15_7) AppleWebKit/605.1.15 (KHTML, like Gecko) Version/16.2 Safari/605.1.15"
172.31.18.245 - - [12/Feb/2023:00:12:11 +0100] "GET /healthcheck HTTP/1.1" 200 0 "-" "ELB-HealthChecker/2.0"
172.31.18.245 - - [12/Feb/2023:00:12:11 +0100] "GET /healthcheck HTTP/1.1" 200 0 "-" "ELB-HealthChecker/2.0"
172.31.44.91 - - [12/Feb/2023:00:12:11 +0100] "GET /healthcheck HTTP/1.1" 200 0 "-" "ELB-HealthChecker/2.0"
172.31.44.91 - - [12/Feb/2023:00:12:12 +0100] "GET /healthcheck HTTP/1.1" 200 0 "-" "ELB-HealthChecker/2.0"
66.249.70.165 - - [12/Feb/2023:00:12:16 +0100] "GET /media/wysiwyg/banner-categoria-hombre.jpg HTTP/1.0" 200 192284 "-" "Googlebot-Image/1.0"
66.249.70.165 - - [12/Feb/2023:00:12:16 +0100] "GET /media/wysiwyg/banner-categoria-hombre.jpg HTTP/1.1" 200 189366 "-" "Googlebot-Image/1.0"
172.31.18.245 - - [12/Feb/2023:00:12:21 +0100] "GET /healthcheck HTTP/1.1" 200 0 "-" "ELB-HealthChecker/2.0"
172.31.18.245 - - [12/Feb/2023:00:12:21 +0100] "GET /healthcheck HTTP/1.1" 200 0 "-" "ELB-HealthChecker/2.0"
172.31.44.91 - - [12/Feb/2023:00:12:21 +0100] "GET /healthcheck HTTP/1.1" 200 0 "-" "ELB-HealthChecker/2.0"
172.31.44.91 - - [12/Feb/2023:00:12:22 +0100] "GET /healthcheck HTTP/1.1" 200 0 "-" "ELB-HealthChecker/2.0"
181.43.91.89 - - [12/Feb/2023:00:12:23 +0100] "GET /?gclid=CjwKCAiAlp2fBhBPEiwA2Q10Dyn2DjIPRILAZw6muTJVfS-fO3XIM5qXcYaxdEKxjqPAO7Z4XBqjVxoCDN8QAvD_BwE HTTP/1.1" 200 21507 "-" "Mozilla/5.0 (Linux; Android 11; SAMSUNG SM-A115M) AppleWebKit/537.36 (KHTML, like Gecko) SamsungBrowser/18.0 Chrome/99.0.4844.88 Mobile Safari/537.36"
172.31.18.245 - - [12/Feb/2023:00:12:31 +0100] "GET /healthcheck HTTP/1.1" 200 0 "-" "ELB-HealthChecker/2.0"
172.31.18.245 - - [12/Feb/2023:00:12:31 +0100] "GET /healthcheck HTTP/1.1" 200 0 "-" "ELB-HealthChecker/2.0"
172.31.44.91 - - [12/Feb/2023:00:12:31 +0100] "GET /healthcheck HTTP/1.1" 200 0 "-" "ELB-HealthChecker/2.0"
172.31.44.91 - - [12/Feb/2023:00:12:32 +0100] "GET /healthcheck HTTP/1.1" 200 0 "-" "ELB-HealthChecker/2.0"
83.54.152.74 - - [12/Feb/2023:00:12:34 +0100] "GET /?gclid=CjwKCAiAlp2fBhBPEiwA2Q10D0TLqDrwo9A-W-cHqBw5RpaoGYl1jEoDMsIqHyXvl9DuUVNY4Rjm_RoCCN4QAvD_BwE HTTP/1.1" 200 22579 "android-app://com.google.android.googlequicksearchbox/" "Mozilla/5.0 (Linux; Android 12; M2007J3SG) AppleWebKit/537.36 (KHTML, like Gecko) Chrome/109.0.0.0 Mobile Safari/537.36"
2803:c180:2001:dee5:b10c:dafc:8fa4:b82b - - [12/Feb/2023:00:12:36 +0100] "GET /?gclid=CjwKCAiAlp2fBhBPEiwA2Q10D75cNRpMz4J1adtMthCGRTc-igHC2WsNIUFFJsshdlYExdWg_YSg8xoCdFkQAvD_BwE HTTP/1.1" 200 21507 "-" "Mozilla/5.0 (Linux; Android 10; moto e(7)) AppleWebKit/537.36 (KHTML, like Gecko) Chrome/109.0.0.0 Mobile Safari/537.36"
83.54.152.74 - - [12/Feb/2023:00:12:37 +0100] "GET /customer/section/load/?sections=cart&force_new_section_timestamp=false&_=1676157155078 HTTP/1.1" 200 616 "https://www.izas-outdoor.com/?gclid=CjwKCAiAlp2fBhBPEiwA2Q10D0TLqDrwo9A-W-cHqBw5RpaoGYl1jEoDMsIqHyXvl9DuUVNY4Rjm_RoCCN4QAvD_BwE" "Mozilla/5.0 (Linux; Android 12; M2007J3SG) AppleWebKit/537.36 (KHTML, like Gecko) Chrome/109.0.0.0 Mobile Safari/537.36"
83.54.152.74 - - [12/Feb/2023:00:12:37 +0100] "GET /customer/section/load/?sections=cart&force_new_section_timestamp=false&_=1676157155078 HTTP/1.1" 200 616 "https://www.izas-outdoor.com/?gclid=CjwKCAiAlp2fBhBPEiwA2Q10D0TLqDrwo9A-W-cHqBw5RpaoGYl1jEoDMsIqHyXvl9DuUVNY4Rjm_RoCCN4QAvD_BwE" "Mozilla/5.0 (Linux; Android 12; M2007J3SG) AppleWebKit/537.36 (KHTML, like Gecko) Chrome/109.0.0.0 Mobile Safari/537.36"
2803:c180:2000:bcbb:4d1:318f:4053:a4f6 - - [12/Feb/2023:00:12:37 +0100] "GET /?gclid=EAIaIQobChMIvdHhvcuO_QIVm0TCBR3ZpAxUEAEYASAAEgJ3rfD_BwE HTTP/1.1" 200 21507 "-" "Mozilla/5.0 (Linux; Android 8.1.0; DUB-LX3) AppleWebKit/537.36 (KHTML, like Gecko) Chrome/109.0.0.0 Mobile Safari/537.36"
83.54.152.74 - - [12/Feb/2023:00:12:37 +0100] "GET /customer/section/load/?sections=cart&force_new_section_timestamp=false&_=1676157155077 HTTP/1.1" 200 616 "https://www.izas-outdoor.com/?gclid=CjwKCAiAlp2fBhBPEiwA2Q10D0TLqDrwo9A-W-cHqBw5RpaoGYl1jEoDMsIqHyXvl9DuUVNY4Rjm_RoCCN4QAvD_BwE" "Mozilla/5.0 (Linux; Android 12; M2007J3SG) AppleWebKit/537.36 (KHTML, like Gecko) Chrome/109.0.0.0 Mobile Safari/537.36"
83.54.152.74 - - [12/Feb/2023:00:12:37 +0100] "GET /customer/section/load/?sections=cart&force_new_section_timestamp=false&_=1676157155077 HTTP/1.1" 200 616 "https://www.izas-outdoor.com/?gclid=CjwKCAiAlp2fBhBPEiwA2Q10D0TLqDrwo9A-W-cHqBw5RpaoGYl1jEoDMsIqHyXvl9DuUVNY4Rjm_RoCCN4QAvD_BwE" "Mozilla/5.0 (Linux; Android 12; M2007J3SG) AppleWebKit/537.36 (KHTML, like Gecko) Chrome/109.0.0.0 Mobile Safari/537.36"
172.31.18.245 - - [12/Feb/2023:00:12:41 +0100] "GET /healthcheck HTTP/1.1" 200 0 "-" "ELB-HealthChecker/2.0"
172.31.18.245 - - [12/Feb/2023:00:12:41 +0100] "GET /healthcheck HTTP/1.1" 200 0 "-" "ELB-HealthChecker/2.0"
172.31.44.91 - - [12/Feb/2023:00:12:41 +0100] "GET /healthcheck HTTP/1.1" 200 0 "-" "ELB-HealthChecker/2.0"
172.31.44.91 - - [12/Feb/2023:00:12:42 +0100] "GET /healthcheck HTTP/1.1" 200 0 "-" "ELB-HealthChecker/2.0"
2803:c180:2001:dee5:b10c:dafc:8fa4:b82b - - [12/Feb/2023:00:12:42 +0100] "GET /media/contentmanager/content/ HTTP/1.1" 403 177 "https://ch.izas-outdoor.com/?gclid=CjwKCAiAlp2fBhBPEiwA2Q10D75cNRpMz4J1adtMthCGRTc-igHC2WsNIUFFJsshdlYExdWg_YSg8xoCdFkQAvD_BwE" "Mozilla/5.0 (Linux; Android 10; moto e(7)) AppleWebKit/537.36 (KHTML, like Gecko) Chrome/109.0.0.0 Mobile Safari/537.36"
2803:c180:2001:dee5:b10c:dafc:8fa4:b82b - - [12/Feb/2023:00:12:48 +0100] "GET /media/contentmanager/content/ HTTP/1.1" 403 177 "https://ch.izas-outdoor.com/?gclid=CjwKCAiAlp2fBhBPEiwA2Q10D75cNRpMz4J1adtMthCGRTc-igHC2WsNIUFFJsshdlYExdWg_YSg8xoCdFkQAvD_BwE" "Mozilla/5.0 (Linux; Android 10; moto e(7)) AppleWebKit/537.36 (KHTML, like Gecko) Chrome/109.0.0.0 Mobile Safari/537.36"
66.249.70.165 - - [12/Feb/2023:00:12:50 +0100] "GET /en/women/gray-wedding-trousers-i-forata.html HTTP/1.1" 200 22362 "-" "Mozilla/5.0 (Linux; Android 6.0.1; Nexus 5X Build/MMB29P) AppleWebKit/537.36 (KHTML, like Gecko) Chrome/109.0.5414.101 Mobile Safari/537.36 (compatible; Googlebot/2.1; +http://www.google.com/bot.html)"
172.31.18.245 - - [12/Feb/2023:00:12:51 +0100] "GET /healthcheck HTTP/1.1" 200 0 "-" "ELB-HealthChecker/2.0"
172.31.18.245 - - [12/Feb/2023:00:12:51 +0100] "GET /healthcheck HTTP/1.1" 200 0 "-" "ELB-HealthChecker/2.0"
172.31.44.91 - - [12/Feb/2023:00:12:51 +0100] "GET /healthcheck HTTP/1.1" 200 0 "-" "ELB-HealthChecker/2.0"
172.31.44.91 - - [12/Feb/2023:00:12:52 +0100] "GET /healthcheck HTTP/1.1" 200 0 "-" "ELB-HealthChecker/2.0"
95.127.225.167 - - [12/Feb/2023:00:12:53 +0100] "GET /catalog/product/view/id/82988/s/pantalon-de-trekking-rojo-para-mujer-invierno-asgard-w-fw/ HTTP/1.1" 200 26023 "https://www.izas-outdoor.com/rp-1/pantalon-mujer-azul-willow-w.html" "Mozilla/5.0 (Linux; Android 11; SM-A505FN) AppleWebKit/537.36 (KHTML, like Gecko) Chrome/109.0.0.0 Mobile Safari/537.36"
95.127.225.167 - - [12/Feb/2023:00:12:53 +0100] "GET /catalog/product/view/id/82988/s/pantalon-de-trekking-rojo-para-mujer-invierno-asgard-w-fw/ HTTP/1.1" 200 26400 "https://www.izas-outdoor.com/rp-1/pantalon-mujer-azul-willow-w.html" "Mozilla/5.0 (Linux; Android 11; SM-A505FN) AppleWebKit/537.36 (KHTML, like Gecko) Chrome/109.0.0.0 Mobile Safari/537.36"
2800:150:133:1aed:90a6:9d89:4825:4559 - - [12/Feb/2023:00:12:59 +0100] "GET /?gclid=CjwKCAiAlp2fBhBPEiwA2Q10D4mWrzSIrlaz0r5PbHZu5Avv93nP1V9YOrGKMi-6Gta3V6agh3ib8RoCvVMQAvD_BwE HTTP/1.1" 200 21507 "-" "Mozilla/5.0 (Linux; Android 12; 21061119AL) AppleWebKit/537.36 (KHTML, like Gecko) Chrome/109.0.0.0 Mobile Safari/537.36"
2800:150:133:1aed:90a6:9d89:4825:4559 - - [12/Feb/2023:00:13:00 +0100] "GET /?gclid=CjwKCAiAlp2fBhBPEiwA2Q10D4mWrzSIrlaz0r5PbHZu5Avv93nP1V9YOrGKMi-6Gta3V6agh3ib8RoCvVMQAvD_BwE HTTP/1.1" 200 21507 "-" "Mozilla/5.0 (Linux; Android 12; 21061119AL) AppleWebKit/537.36 (KHTML, like Gecko) Chrome/109.0.0.0 Mobile Safari/537.36"
2800:150:133:1aed:90a6:9d89:4825:4559 - - [12/Feb/2023:00:13:01 +0100] "GET /?gclid=CjwKCAiAlp2fBhBPEiwA2Q10D4mWrzSIrlaz0r5PbHZu5Avv93nP1V9YOrGKMi-6Gta3V6agh3ib8RoCvVMQAvD_BwE HTTP/1.1" 200 21507 "-" "Mozilla/5.0 (Linux; Android 12; 21061119AL) AppleWebKit/537.36 (KHTML, like Gecko) Chrome/109.0.0.0 Mobile Safari/537.36"
172.31.18.245 - - [12/Feb/2023:00:13:01 +0100] "GET /healthcheck HTTP/1.1" 200 0 "-" "ELB-HealthChecker/2.0"
172.31.18.245 - - [12/Feb/2023:00:13:01 +0100] "GET /healthcheck HTTP/1.1" 200 0 "-" "ELB-HealthChecker/2.0"
172.31.44.91 - - [12/Feb/2023:00:13:01 +0100] "GET /healthcheck HTTP/1.1" 200 0 "-" "ELB-HealthChecker/2.0"
2800:150:133:1aed:90a6:9d89:4825:4559 - - [12/Feb/2023:00:13:01 +0100] "GET /?gclid=CjwKCAiAlp2fBhBPEiwA2Q10D4mWrzSIrlaz0r5PbHZu5Avv93nP1V9YOrGKMi-6Gta3V6agh3ib8RoCvVMQAvD_BwE HTTP/1.1" 200 21507 "-" "Mozilla/5.0 (Linux; Android 12; 21061119AL) AppleWebKit/537.36 (KHTML, like Gecko) Chrome/109.0.0.0 Mobile Safari/537.36"
172.31.44.91 - - [12/Feb/2023:00:13:02 +0100] "GET /healthcheck HTTP/1.1" 200 0 "-" "ELB-HealthChecker/2.0"
2800:150:133:1aed:90a6:9d89:4825:4559 - - [12/Feb/2023:00:13:02 +0100] "GET /?gclid=CjwKCAiAlp2fBhBPEiwA2Q10D4mWrzSIrlaz0r5PbHZu5Avv93nP1V9YOrGKMi-6Gta3V6agh3ib8RoCvVMQAvD_BwE HTTP/1.1" 200 21507 "-" "Mozilla/5.0 (Linux; Android 12; 21061119AL) AppleWebKit/537.36 (KHTML, like Gecko) Chrome/109.0.0.0 Mobile Safari/537.36"
186.175.61.78 - - [12/Feb/2023:00:13:04 +0100] "GET /customer/section/load/?sections=cart&force_new_section_timestamp=false&_=1676157005226 HTTP/1.1" 200 286 "https://ch.izas-outdoor.com/?gclid=EAIaIQobChMIx5PkypDX-wIVVgJcCh0spQarEAEYASAAEgKECPD_BwE" "Mozilla/5.0 (Linux; Android 11; moto e20) AppleWebKit/537.36 (KHTML, like Gecko) Chrome/109.0.0.0 Mobile Safari/537.36"
186.175.61.78 - - [12/Feb/2023:00:13:05 +0100] "GET /customer/section/load/?sections=cart&force_new_section_timestamp=false&_=1676157005227 HTTP/1.1" 200 285 "https://ch.izas-outdoor.com/?gclid=EAIaIQobChMIx5PkypDX-wIVVgJcCh0spQarEAEYASAAEgKECPD_BwE" "Mozilla/5.0 (Linux; Android 11; moto e20) AppleWebKit/537.36 (KHTML, like Gecko) Chrome/109.0.0.0 Mobile Safari/537.36"
190.5.55.174 - - [12/Feb/2023:00:13:09 +0100] "GET /?gclid=EAIaIQobChMIyMGB8MuJ_QIVHFUPAh0mHgysEAEYASAAEgJQVfD_BwE HTTP/1.1" 200 21507 "-" "Mozilla/5.0 (Linux; Android 11; moto g(9) play) AppleWebKit/537.36 (KHTML, like Gecko) Chrome/110.0.0.0 Mobile Safari/537.36"
83.54.152.74 - - [12/Feb/2023:00:13:09 +0100] "GET /mujer.html?p=2&_=1676157168895 HTTP/1.1" 200 27049 "https://www.izas-outdoor.com/mujer.html" "Mozilla/5.0 (Linux; Android 12; M2007J3SG) AppleWebKit/537.36 (KHTML, like Gecko) Chrome/109.0.0.0 Mobile Safari/537.36"
83.54.152.74 - - [12/Feb/2023:00:13:10 +0100] "GET /?gclid=CjwKCAiAlp2fBhBPEiwA2Q10D0TLqDrwo9A-W-cHqBw5RpaoGYl1jEoDMsIqHyXvl9DuUVNY4Rjm_RoCCN4QAvD_BwE HTTP/1.1" 200 22579 "android-app://com.google.android.googlequicksearchbox/" "Mozilla/5.0 (Linux; Android 12; M2007J3SG) AppleWebKit/537.36 (KHTML, like Gecko) Chrome/109.0.0.0 Mobile Safari/537.36"
172.31.18.245 - - [12/Feb/2023:00:13:11 +0100] "GET /healthcheck HTTP/1.1" 200 0 "-" "ELB-HealthChecker/2.0"
178.237.226.185 - - [12/Feb/2023:00:13:11 +0100] "GET /es/ HTTP/1.1" 200 22580 "-" "Mozilla/5.0 (iPhone; CPU iPhone OS 16_1 like Mac OS X) AppleWebKit/605.1.15 (KHTML, like Gecko) GSA/250.0.505561494 Mobile/15E148 Safari/604.1"
172.31.18.245 - - [12/Feb/2023:00:13:11 +0100] "GET /healthcheck HTTP/1.1" 200 0 "-" "ELB-HealthChecker/2.0"
190.5.55.174 - - [12/Feb/2023:00:13:11 +0100] "GET /media/contentmanager/content/ HTTP/1.1" 403 177 "https://ch.izas-outdoor.com/?gclid=EAIaIQobChMIyMGB8MuJ_QIVHFUPAh0mHgysEAEYASAAEgJQVfD_BwE" "Mozilla/5.0 (Linux; Android 11; moto g(9) play) AppleWebKit/537.36 (KHTML, like Gecko) Chrome/110.0.0.0 Mobile Safari/537.36"
172.31.44.91 - - [12/Feb/2023:00:13:11 +0100] "GET /healthcheck HTTP/1.1" 200 0 "-" "ELB-HealthChecker/2.0"
172.31.44.91 - - [12/Feb/2023:00:13:12 +0100] "GET /healthcheck HTTP/1.1" 200 0 "-" "ELB-HealthChecker/2.0"
178.237.226.185 - - [12/Feb/2023:00:13:12 +0100] "GET /customer/section/load/?sections=cart&force_new_section_timestamp=false&_=1676157191893 HTTP/1.1" 200 617 "https://www.izas-outdoor.com/es/" "Mozilla/5.0 (iPhone; CPU iPhone OS 16_1 like Mac OS X) AppleWebKit/605.1.15 (KHTML, like Gecko) GSA/250.0.505561494 Mobile/15E148 Safari/604.1"
178.237.226.185 - - [12/Feb/2023:00:13:12 +0100] "GET /customer/section/load/?sections=cart&force_new_section_timestamp=false&_=1676157191893 HTTP/1.1" 200 617 "https://www.izas-outdoor.com/es/" "Mozilla/5.0 (iPhone; CPU iPhone OS 16_1 like Mac OS X) AppleWebKit/605.1.15 (KHTML, like Gecko) GSA/250.0.505561494 Mobile/15E148 Safari/604.1"
178.237.226.185 - - [12/Feb/2023:00:13:12 +0100] "GET /customer/section/load/?sections=cart&force_new_section_timestamp=false&_=1676157191894 HTTP/1.1" 200 617 "https://www.izas-outdoor.com/es/" "Mozilla/5.0 (iPhone; CPU iPhone OS 16_1 like Mac OS X) AppleWebKit/605.1.15 (KHTML, like Gecko) GSA/250.0.505561494 Mobile/15E148 Safari/604.1"
178.237.226.185 - - [12/Feb/2023:00:13:12 +0100] "GET /customer/section/load/?sections=cart&force_new_section_timestamp=false&_=1676157191894 HTTP/1.1" 200 617 "https://www.izas-outdoor.com/es/" "Mozilla/5.0 (iPhone; CPU iPhone OS 16_1 like Mac OS X) AppleWebKit/605.1.15 (KHTML, like Gecko) GSA/250.0.505561494 Mobile/15E148 Safari/604.1"
54.236.1.13 - - [12/Feb/2023:00:13:15 +0100] "GET /zapatilla-de-trekking-gris-oscuro-y-rosa-mujer-creta.html?color=gris HTTP/1.1" 200 25296 "-" "Mozilla/5.0 (compatible; Pinterestbot/1.0; +http://www.pinterest.com/bot.html)"
190.5.55.174 - - [12/Feb/2023:00:13:15 +0100] "GET /media/contentmanager/content/ HTTP/1.1" 403 177 "https://ch.izas-outdoor.com/?gclid=EAIaIQobChMIyMGB8MuJ_QIVHFUPAh0mHgysEAEYASAAEgJQVfD_BwE" "Mozilla/5.0 (Linux; Android 11; moto g(9) play) AppleWebKit/537.36 (KHTML, like Gecko) Chrome/110.0.0.0 Mobile Safari/537.36"
38.7.223.135 - - [12/Feb/2023:00:13:16 +0100] "GET /?gclid=EAIaIQobChMIyfb4tMuO_QIV-Su5Bh3CrA5XEAEYASAAEgL5svD_BwE HTTP/1.1" 200 21507 "-" "Mozilla/5.0 (Linux; Android 10; moto e(7)) AppleWebKit/537.36 (KHTML, like Gecko) Chrome/110.0.0.0 Mobile Safari/537.36"
103.233.254.136 - - [12/Feb/2023:00:13:17 +0100] "GET /it/customer/account/create/ HTTP/1.1" 403 177 "-" "Mozilla/5.0 (Windows NT 10.0; Win64; x64) AppleWebKit/537.36 (KHTML, like Gecko) Chrome/78.0.3904.108 Safari/537.36"
103.233.254.136 - - [12/Feb/2023:00:13:18 +0100] "POST /it/customer/account/createpost/ HTTP/1.1" 403 177 "https://it.izas-outdoor.com/customer/account/create/" "Mozilla/5.0 (Windows NT 6.3; Win64; x64) AppleWebKit/537.36 (KHTML, like Gecko) Chrome/66.0.3359.181 Safari/537.36"
38.7.223.135 - - [12/Feb/2023:00:13:19 +0100] "GET /?gclid=EAIaIQobChMIyfb4tMuO_QIV-Su5Bh3CrA5XEAEYASAAEgL5svD_BwE HTTP/1.1" 200 21507 "-" "Mozilla/5.0 (Linux; Android 10; moto e(7)) AppleWebKit/537.36 (KHTML, like Gecko) Chrome/110.0.0.0 Mobile Safari/537.36"
134.122.137.45 - - [12/Feb/2023:00:13:20 +0100] "GET /data/admin/allowurl.txt HTTP/1.1" 404 18635 "-" "Mozilla/5.0 (Windows NT 10.0; WOW64; rv:48.0) Gecko/20100101 Firefox/48.0"
134.122.137.45 - - [12/Feb/2023:00:13:20 +0100] "GET /data/admin/allowurl.txt HTTP/1.1" 404 18966 "-" "Mozilla/5.0 (Windows NT 10.0; WOW64; rv:48.0) Gecko/20100101 Firefox/48.0"
172.31.18.245 - - [12/Feb/2023:00:13:21 +0100] "GET /healthcheck HTTP/1.1" 200 0 "-" "ELB-HealthChecker/2.0"
172.31.18.245 - - [12/Feb/2023:00:13:21 +0100] "GET /healthcheck HTTP/1.1" 200 0 "-" "ELB-HealthChecker/2.0"
172.31.44.91 - - [12/Feb/2023:00:13:21 +0100] "GET /healthcheck HTTP/1.1" 200 0 "-" "ELB-HealthChecker/2.0"
38.7.223.135 - - [12/Feb/2023:00:13:22 +0100] "GET /media/contentmanager/content/ HTTP/1.1" 403 177 "https://ch.izas-outdoor.com/?gclid=EAIaIQobChMIyfb4tMuO_QIV-Su5Bh3CrA5XEAEYASAAEgL5svD_BwE" "Mozilla/5.0 (Linux; Android 10; moto e(7)) AppleWebKit/537.36 (KHTML, like Gecko) Chrome/110.0.0.0 Mobile Safari/537.36"
172.31.44.91 - - [12/Feb/2023:00:13:22 +0100] "GET /healthcheck HTTP/1.1" 200 0 "-" "ELB-HealthChecker/2.0"
46.222.222.140 - - [12/Feb/2023:00:13:22 +0100] "GET /customer/section/load/?sections=cart&force_new_section_timestamp=false&_=1676157200562 HTTP/1.1" 200 617 "https://www.izas-outdoor.com/ninos/ni-o.html" "Mozilla/5.0 (Linux; Android 10; M2007J20CG) AppleWebKit/537.36 (KHTML, like Gecko) Chrome/109.0.0.0 Mobile Safari/537.36"
46.222.222.140 - - [12/Feb/2023:00:13:22 +0100] "GET /customer/section/load/?sections=cart&force_new_section_timestamp=false&_=1676157200562 HTTP/1.1" 200 605 "https://www.izas-outdoor.com/ninos/ni-o.html" "Mozilla/5.0 (Linux; Android 10; M2007J20CG) AppleWebKit/537.36 (KHTML, like Gecko) Chrome/109.0.0.0 Mobile Safari/537.36"
46.222.222.140 - - [12/Feb/2023:00:13:22 +0100] "GET /customer/section/load/?sections=cart&force_new_section_timestamp=false&_=1676157200563 HTTP/1.1" 200 617 "https://www.izas-outdoor.com/ninos/ni-o.html" "Mozilla/5.0 (Linux; Android 10; M2007J20CG) AppleWebKit/537.36 (KHTML, like Gecko) Chrome/109.0.0.0 Mobile Safari/537.36"
46.222.222.140 - - [12/Feb/2023:00:13:22 +0100] "GET /customer/section/load/?sections=cart&force_new_section_timestamp=false&_=1676157200563 HTTP/1.1" 200 605 "https://www.izas-outdoor.com/ninos/ni-o.html" "Mozilla/5.0 (Linux; Android 10; M2007J20CG) AppleWebKit/537.36 (KHTML, like Gecko) Chrome/109.0.0.0 Mobile Safari/537.36"
178.237.226.185 - - [12/Feb/2023:00:13:23 +0100] "GET /customer/section/load/?sections=cart&force_new_section_timestamp=false&_=1676157202466 HTTP/1.1" 200 617 "https://www.izas-outdoor.com/hombre.html" "Mozilla/5.0 (iPhone; CPU iPhone OS 16_1 like Mac OS X) AppleWebKit/605.1.15 (KHTML, like Gecko) GSA/250.0.505561494 Mobile/15E148 Safari/604.1"
178.237.226.185 - - [12/Feb/2023:00:13:23 +0100] "GET /customer/section/load/?sections=cart&force_new_section_timestamp=false&_=1676157202466 HTTP/1.1" 200 617 "https://www.izas-outdoor.com/hombre.html" "Mozilla/5.0 (iPhone; CPU iPhone OS 16_1 like Mac OS X) AppleWebKit/605.1.15 (KHTML, like Gecko) GSA/250.0.505561494 Mobile/15E148 Safari/604.1"
178.237.226.185 - - [12/Feb/2023:00:13:23 +0100] "GET /customer/section/load/?sections=cart&force_new_section_timestamp=false&_=1676157202467 HTTP/1.1" 200 617 "https://www.izas-outdoor.com/hombre.html" "Mozilla/5.0 (iPhone; CPU iPhone OS 16_1 like Mac OS X) AppleWebKit/605.1.15 (KHTML, like Gecko) GSA/250.0.505561494 Mobile/15E148 Safari/604.1"
178.237.226.185 - - [12/Feb/2023:00:13:23 +0100] "GET /customer/section/load/?sections=cart&force_new_section_timestamp=false&_=1676157202467 HTTP/1.1" 200 617 "https://www.izas-outdoor.com/hombre.html" "Mozilla/5.0 (iPhone; CPU iPhone OS 16_1 like Mac OS X) AppleWebKit/605.1.15 (KHTML, like Gecko) GSA/250.0.505561494 Mobile/15E148 Safari/604.1"
178.237.226.185 - - [12/Feb/2023:00:13:23 +0100] "GET /customer/section/load/?sections=cart&force_new_section_timestamp=false&_=1676157202468 HTTP/1.1" 200 617 "https://www.izas-outdoor.com/hombre.html" "Mozilla/5.0 (iPhone; CPU iPhone OS 16_1 like Mac OS X) AppleWebKit/605.1.15 (KHTML, like Gecko) GSA/250.0.505561494 Mobile/15E148 Safari/604.1"
178.237.226.185 - - [12/Feb/2023:00:13:23 +0100] "GET /customer/section/load/?sections=cart&force_new_section_timestamp=false&_=1676157202468 HTTP/1.1" 200 617 "https://www.izas-outdoor.com/hombre.html" "Mozilla/5.0 (iPhone; CPU iPhone OS 16_1 like Mac OS X) AppleWebKit/605.1.15 (KHTML, like Gecko) GSA/250.0.505561494 Mobile/15E148 Safari/604.1"
38.7.223.135 - - [12/Feb/2023:00:13:24 +0100] "GET /media/contentmanager/content/ HTTP/1.1" 403 177 "https://ch.izas-outdoor.com/?gclid=EAIaIQobChMIyfb4tMuO_QIV-Su5Bh3CrA5XEAEYASAAEgL5svD_BwE" "Mozilla/5.0 (Linux; Android 10; moto e(7)) AppleWebKit/537.36 (KHTML, like Gecko) Chrome/110.0.0.0 Mobile Safari/537.36"
38.7.223.135 - - [12/Feb/2023:00:13:29 +0100] "GET /customer/section/load/?sections=cart&force_new_section_timestamp=false&_=1676157201703 HTTP/1.1" 200 286 "https://ch.izas-outdoor.com/?gclid=EAIaIQobChMIyfb4tMuO_QIV-Su5Bh3CrA5XEAEYASAAEgL5svD_BwE" "Mozilla/5.0 (Linux; Android 10; moto e(7)) AppleWebKit/537.36 (KHTML, like Gecko) Chrome/110.0.0.0 Mobile Safari/537.36"
172.31.18.245 - - [12/Feb/2023:00:13:31 +0100] "GET /healthcheck HTTP/1.1" 200 0 "-" "ELB-HealthChecker/2.0"
45.232.93.37 - - [12/Feb/2023:00:13:31 +0100] "GET /?gclid=EAIaIQobChMI5trpj8yO_QIVwQm5Bh3ocgeYEAEYASAAEgJ3k_D_BwE HTTP/1.1" 200 21507 "-" "Mozilla/5.0 (Linux; Android 11; M2004J19C) AppleWebKit/537.36 (KHTML, like Gecko) Chrome/107.0.0.0 Mobile Safari/537.36"
172.31.18.245 - - [12/Feb/2023:00:13:31 +0100] "GET /healthcheck HTTP/1.1" 200 0 "-" "ELB-HealthChecker/2.0"
172.31.44.91 - - [12/Feb/2023:00:13:31 +0100] "GET /healthcheck HTTP/1.1" 200 0 "-" "ELB-HealthChecker/2.0"
172.31.44.91 - - [12/Feb/2023:00:13:32 +0100] "GET /healthcheck HTTP/1.1" 200 0 "-" "ELB-HealthChecker/2.0"
38.7.223.135 - - [12/Feb/2023:00:13:34 +0100] "GET /customer/section/load/?sections=cart&force_new_section_timestamp=false&_=1676157201704 HTTP/1.1" 200 286 "https://ch.izas-outdoor.com/?gclid=EAIaIQobChMIyfb4tMuO_QIV-Su5Bh3CrA5XEAEYASAAEgL5svD_BwE" "Mozilla/5.0 (Linux; Android 10; moto e(7)) AppleWebKit/537.36 (KHTML, like Gecko) Chrome/110.0.0.0 Mobile Safari/537.36"
95.127.225.167 - - [12/Feb/2023:00:13:36 +0100] "GET /catalog/product/view/id/30817/ HTTP/1.1" 200 25952 "https://www.izas-outdoor.com/rp-1/pantalon-de-trekking-verde-azulado-para-mujer-invierno-asgard-w-fw.html" "Mozilla/5.0 (Linux; Android 11; SM-A505FN) AppleWebKit/537.36 (KHTML, like Gecko) Chrome/109.0.0.0 Mobile Safari/537.36"
2a0c:5a86:2100:400:4c2d:7bbb:92f8:b17d - - [12/Feb/2023:00:13:40 +0100] "GET /?gclid=CjwKCAiAlp2fBhBPEiwA2Q10D5ksr-DsBN8uQYpuDiH7sunacFkl3ussXWicXR6ceReMFB6JoyOFExoCbuUQAvD_BwE HTTP/1.1" 200 22579 "android-app://com.google.android.googlequicksearchbox/" "Mozilla/5.0 (Linux; Android 11; SM-A405FN) AppleWebKit/537.36 (KHTML, like Gecko) Chrome/109.0.0.0 Mobile Safari/537.36"
172.31.18.245 - - [12/Feb/2023:00:13:41 +0100] "GET /healthcheck HTTP/1.1" 200 0 "-" "ELB-HealthChecker/2.0"
172.31.18.245 - - [12/Feb/2023:00:13:41 +0100] "GET /healthcheck HTTP/1.1" 200 0 "-" "ELB-HealthChecker/2.0"
172.31.44.91 - - [12/Feb/2023:00:13:41 +0100] "GET /healthcheck HTTP/1.1" 200 0 "-" "ELB-HealthChecker/2.0"
172.31.44.91 - - [12/Feb/2023:00:13:42 +0100] "GET /healthcheck HTTP/1.1" 200 0 "-" "ELB-HealthChecker/2.0"
186.107.46.24 - - [12/Feb/2023:00:13:45 +0100] "GET /?gclid=CjwKCAiAlp2fBhBPEiwA2Q10D1g7482jgUYdT2d3DUsIJRCOb1Ucz8WsN-nJ7yr-jnS9RIJuj224UxoCKsMQAvD_BwE HTTP/1.1" 200 21507 "-" "Mozilla/5.0 (Linux; Android 11; M2004J19C) AppleWebKit/537.36 (KHTML, like Gecko) Chrome/110.0.0.0 Mobile Safari/537.36"
2a0c:5a86:2100:400:4c2d:7bbb:92f8:b17d - - [12/Feb/2023:00:13:47 +0100] "GET /customer/section/load/?sections=cart&force_new_section_timestamp=false&_=1676157221510 HTTP/1.1" 200 617 "https://www.izas-outdoor.com/?gclid=CjwKCAiAlp2fBhBPEiwA2Q10D5ksr-DsBN8uQYpuDiH7sunacFkl3ussXWicXR6ceReMFB6JoyOFExoCbuUQAvD_BwE" "Mozilla/5.0 (Linux; Android 11; SM-A405FN) AppleWebKit/537.36 (KHTML, like Gecko) Chrome/109.0.0.0 Mobile Safari/537.36"
2a0c:5a86:2100:400:4c2d:7bbb:92f8:b17d - - [12/Feb/2023:00:13:47 +0100] "GET /customer/section/load/?sections=cart&force_new_section_timestamp=false&_=1676157221510 HTTP/1.1" 200 605 "https://www.izas-outdoor.com/?gclid=CjwKCAiAlp2fBhBPEiwA2Q10D5ksr-DsBN8uQYpuDiH7sunacFkl3ussXWicXR6ceReMFB6JoyOFExoCbuUQAvD_BwE" "Mozilla/5.0 (Linux; Android 11; SM-A405FN) AppleWebKit/537.36 (KHTML, like Gecko) Chrome/109.0.0.0 Mobile Safari/537.36"
2a0c:5a86:2100:400:4c2d:7bbb:92f8:b17d - - [12/Feb/2023:00:13:47 +0100] "GET /customer/section/load/?sections=cart&force_new_section_timestamp=false&_=1676157221511 HTTP/1.1" 200 617 "https://www.izas-outdoor.com/?gclid=CjwKCAiAlp2fBhBPEiwA2Q10D5ksr-DsBN8uQYpuDiH7sunacFkl3ussXWicXR6ceReMFB6JoyOFExoCbuUQAvD_BwE" "Mozilla/5.0 (Linux; Android 11; SM-A405FN) AppleWebKit/537.36 (KHTML, like Gecko) Chrome/109.0.0.0 Mobile Safari/537.36"
