88.14.222.197 - - [12/Feb/2023:00:02:20 +0100] "GET /hombre.html?_=1676156492550&p=4 HTTP/1.1" 200 27037 "https://www.izas-outdoor.com/hombre.html" "Mozilla/5.0 (Linux; Android 8.1.0; Redmi Note 6 Pro) AppleWebKit/537.36 (KHTML, like Gecko) Chrome/105.0.0.0 Mobile Safari/537.36"
172.31.18.245 - - [12/Feb/2023:00:02:20 +0100] "GET /healthcheck HTTP/1.1" 200 0 "-" "ELB-HealthChecker/2.0"
172.31.18.245 - - [12/Feb/2023:00:02:20 +0100] "GET /healthcheck HTTP/1.1" 200 0 "-" "ELB-HealthChecker/2.0"
79.149.223.248 - - [12/Feb/2023:00:02:20 +0100] "GET / HTTP/1.1" 200 22579 "https://www.google.com/" "Mozilla/5.0 (Windows NT 10.0; Win64; x64) AppleWebKit/537.36 (KHTML, like Gecko) Chrome/110.0.0.0 Safari/537.36"
172.31.44.91 - - [12/Feb/2023:00:02:21 +0100] "GET /healthcheck HTTP/1.1" 200 0 "-" "ELB-HealthChecker/2.0"
172.31.44.91 - - [12/Feb/2023:00:02:21 +0100] "GET /healthcheck HTTP/1.1" 200 0 "-" "ELB-HealthChecker/2.0"
149.74.169.44 - - [12/Feb/2023:00:02:21 +0100] "GET /?gclid=CjwKCAiAlp2fBhBPEiwA2Q10D4RUJNGjX0BmfPjvD8d4BrD5q5fpvxKCXqBC7rIng-OCDYi3B5-ARhoCJJcQAvD_BwE HTTP/1.1" 200 22579 "android-app://com.google.android.googlequicksearchbox/" "Mozilla/5.0 (Linux; Android 13; SM-A528B) AppleWebKit/537.36 (KHTML, like Gecko) Chrome/109.0.0.0 Mobile Safari/537.36"
66.249.70.165 - - [12/Feb/2023:00:02:22 +0100] "GET /hombre/camiseta-tecnica-hombre-roja-y-negra-abi-m.html HTTP/1.1" 200 25230 "-" "Mozilla/5.0 (Linux; Android 6.0.1; Nexus 5X Build/MMB29P) AppleWebKit/537.36 (KHTML, like Gecko) Chrome/109.0.5414.101 Mobile Safari/537.36 (compatible; Googlebot/2.1; +http://www.google.com/bot.html)"
87.219.204.42 - - [12/Feb/2023:00:02:24 +0100] "GET /es/ HTTP/1.1" 200 22580 "https://www.google.com/" "Mozilla/5.0 (Linux; Android 6.0.1; SM-G903F) AppleWebKit/537.36 (KHTML, like Gecko) Chrome/106.0.0.0 Mobile Safari/537.36"
79.149.223.248 - - [12/Feb/2023:00:02:28 +0100] "GET /customer/section/load/?sections=cart&force_new_section_timestamp=false&_=1676156548110 HTTP/1.1" 200 618 "https://www.izas-outdoor.com/hombre/chaquetas-y-chalecos.html" "Mozilla/5.0 (Windows NT 10.0; Win64; x64) AppleWebKit/537.36 (KHTML, like Gecko) Chrome/110.0.0.0 Safari/537.36"
79.149.223.248 - - [12/Feb/2023:00:02:28 +0100] "GET /customer/section/load/?sections=cart&force_new_section_timestamp=false&_=1676156548110 HTTP/1.1" 200 606 "https://www.izas-outdoor.com/hombre/chaquetas-y-chalecos.html" "Mozilla/5.0 (Windows NT 10.0; Win64; x64) AppleWebKit/537.36 (KHTML, like Gecko) Chrome/110.0.0.0 Safari/537.36"
79.149.223.248 - - [12/Feb/2023:00:02:28 +0100] "GET /customer/section/load/?sections=cart&force_new_section_timestamp=false&_=1676156548111 HTTP/1.1" 200 618 "https://www.izas-outdoor.com/hombre/chaquetas-y-chalecos.html" "Mozilla/5.0 (Windows NT 10.0; Win64; x64) AppleWebKit/537.36 (KHTML, like Gecko) Chrome/110.0.0.0 Safari/537.36"
79.149.223.248 - - [12/Feb/2023:00:02:28 +0100] "GET /customer/section/load/?sections=cart&force_new_section_timestamp=false&_=1676156548111 HTTP/1.1" 200 606 "https://www.izas-outdoor.com/hombre/chaquetas-y-chalecos.html" "Mozilla/5.0 (Windows NT 10.0; Win64; x64) AppleWebKit/537.36 (KHTML, like Gecko) Chrome/110.0.0.0 Safari/537.36"
79.148.43.146 - - [12/Feb/2023:00:02:30 +0100] "GET /rebajas-ropa-montana/mujer/zapatos.html HTTP/1.1" 200 24901 "https://www.izas-outdoor.com/rebajas-ropa-montana/mujer/accesorios.html" "Mozilla/5.0 (Macintosh; Intel Mac OS X 10_15_7) AppleWebKit/605.1.15 (KHTML, like Gecko) Version/16.2 Safari/605.1.15"
172.31.18.245 - - [12/Feb/2023:00:02:30 +0100] "GET /healthcheck HTTP/1.1" 200 0 "-" "ELB-HealthChecker/2.0"
172.31.18.245 - - [12/Feb/2023:00:02:30 +0100] "GET /healthcheck HTTP/1.1" 200 0 "-" "ELB-HealthChecker/2.0"
172.31.44.91 - - [12/Feb/2023:00:02:31 +0100] "GET /healthcheck HTTP/1.1" 200 0 "-" "ELB-HealthChecker/2.0"
172.31.44.91 - - [12/Feb/2023:00:02:31 +0100] "GET /healthcheck HTTP/1.1" 200 0 "-" "ELB-HealthChecker/2.0"
79.148.43.146 - - [12/Feb/2023:00:02:31 +0100] "POST //rest/V1/stripe/payments/get_prapi_params HTTP/1.1" 200 243 "https://www.izas-outdoor.com/rebajas-ropa-montana/mujer/zapatos.html" "Mozilla/5.0 (Macintosh; Intel Mac OS X 10_15_7) AppleWebKit/605.1.15 (KHTML, like Gecko) Version/16.2 Safari/605.1.15"
79.148.43.146 - - [12/Feb/2023:00:02:31 +0100] "POST //rest/V1/stripe/payments/get_prapi_params HTTP/1.1" 200 243 "https://www.izas-outdoor.com/rebajas-ropa-montana/mujer/zapatos.html" "Mozilla/5.0 (Macintosh; Intel Mac OS X 10_15_7) AppleWebKit/605.1.15 (KHTML, like Gecko) Version/16.2 Safari/605.1.15"
87.219.204.42 - - [12/Feb/2023:00:02:33 +0100] "GET /customer/section/load/?sections=cart&force_new_section_timestamp=false&_=1676156544942 HTTP/1.1" 200 618 "https://www.izas-outdoor.com/es/" "Mozilla/5.0 (Linux; Android 6.0.1; SM-G903F) AppleWebKit/537.36 (KHTML, like Gecko) Chrome/106.0.0.0 Mobile Safari/537.36"
87.219.204.42 - - [12/Feb/2023:00:02:33 +0100] "GET /customer/section/load/?sections=cart&force_new_section_timestamp=false&_=1676156544942 HTTP/1.1" 200 606 "https://www.izas-outdoor.com/es/" "Mozilla/5.0 (Linux; Android 6.0.1; SM-G903F) AppleWebKit/537.36 (KHTML, like Gecko) Chrome/106.0.0.0 Mobile Safari/537.36"
87.219.204.42 - - [12/Feb/2023:00:02:33 +0100] "GET /customer/section/load/?sections=cart&force_new_section_timestamp=false&_=1676156544943 HTTP/1.1" 200 618 "https://www.izas-outdoor.com/es/" "Mozilla/5.0 (Linux; Android 6.0.1; SM-G903F) AppleWebKit/537.36 (KHTML, like Gecko) Chrome/106.0.0.0 Mobile Safari/537.36"
87.219.204.42 - - [12/Feb/2023:00:02:33 +0100] "GET /customer/section/load/?sections=cart&force_new_section_timestamp=false&_=1676156544943 HTTP/1.1" 200 606 "https://www.izas-outdoor.com/es/" "Mozilla/5.0 (Linux; Android 6.0.1; SM-G903F) AppleWebKit/537.36 (KHTML, like Gecko) Chrome/106.0.0.0 Mobile Safari/537.36"
87.219.204.42 - - [12/Feb/2023:00:02:37 +0100] "GET /?query=pantalones%20trekking HTTP/1.1" 200 22615 "https://www.izas-outdoor.com/es/" "Mozilla/5.0 (Linux; Android 6.0.1; SM-G903F) AppleWebKit/537.36 (KHTML, like Gecko) Chrome/106.0.0.0 Mobile Safari/537.36"
172.31.18.245 - - [12/Feb/2023:00:02:40 +0100] "GET /healthcheck HTTP/1.1" 200 0 "-" "ELB-HealthChecker/2.0"
170.239.190.12 - - [12/Feb/2023:00:02:40 +0100] "GET /customer/section/load/?sections=cart&force_new_section_timestamp=false&_=1676156550910 HTTP/1.1" 200 285 "https://ch.izas-outdoor.com/new-collection.html" "Mozilla/5.0 (Linux; Android 11; M2101K7BL) AppleWebKit/537.36 (KHTML, like Gecko) Chrome/109.0.0.0 Mobile Safari/537.36"
79.149.223.248 - - [12/Feb/2023:00:02:40 +0100] "GET /customer/section/load/?sections=cart&force_new_section_timestamp=false&_=1676156561343 HTTP/1.1" 200 617 "https://www.izas-outdoor.com/mujer/chaquetas-y-chalecos/chaquetas-de-pluma-rellenas.html" "Mozilla/5.0 (Windows NT 10.0; Win64; x64) AppleWebKit/537.36 (KHTML, like Gecko) Chrome/110.0.0.0 Safari/537.36"
79.149.223.248 - - [12/Feb/2023:00:02:40 +0100] "GET /customer/section/load/?sections=cart&force_new_section_timestamp=false&_=1676156561343 HTTP/1.1" 200 605 "https://www.izas-outdoor.com/mujer/chaquetas-y-chalecos/chaquetas-de-pluma-rellenas.html" "Mozilla/5.0 (Windows NT 10.0; Win64; x64) AppleWebKit/537.36 (KHTML, like Gecko) Chrome/110.0.0.0 Safari/537.36"
172.31.18.245 - - [12/Feb/2023:00:02:40 +0100] "GET /healthcheck HTTP/1.1" 200 0 "-" "ELB-HealthChecker/2.0"
170.239.190.12 - - [12/Feb/2023:00:02:41 +0100] "GET /customer/section/load/?sections=cart&force_new_section_timestamp=false&_=1676156550911 HTTP/1.1" 200 285 "https://ch.izas-outdoor.com/new-collection.html" "Mozilla/5.0 (Linux; Android 11; M2101K7BL) AppleWebKit/537.36 (KHTML, like Gecko) Chrome/109.0.0.0 Mobile Safari/537.36"
172.31.44.91 - - [12/Feb/2023:00:02:41 +0100] "GET /healthcheck HTTP/1.1" 200 0 "-" "ELB-HealthChecker/2.0"
172.31.44.91 - - [12/Feb/2023:00:02:41 +0100] "GET /healthcheck HTTP/1.1" 200 0 "-" "ELB-HealthChecker/2.0"
88.14.222.197 - - [12/Feb/2023:00:02:41 +0100] "GET /media/catalog/product/i/m/imlpf02041wh-1.jpg HTTP/1.0" 200 272200 "https://www.izas-outdoor.com/hombre.html?query=chaqueta%20hombre" "Mozilla/5.0 (Linux; Android 8.1.0; Redmi Note 6 Pro) AppleWebKit/537.36 (KHTML, like Gecko) Chrome/105.0.0.0 Mobile Safari/537.36"
88.14.222.197 - - [12/Feb/2023:00:02:41 +0100] "GET /pub/media/catalog/product/i/m/imlpf02041wh-1.jpg HTTP/1.1" 200 251304 "https://www.izas-outdoor.com/hombre.html?query=chaqueta%20hombre" "Mozilla/5.0 (Linux; Android 8.1.0; Redmi Note 6 Pro) AppleWebKit/537.36 (KHTML, like Gecko) Chrome/105.0.0.0 Mobile Safari/537.36"
87.219.204.42 - - [12/Feb/2023:00:02:42 +0100] "GET /customer/section/load/?sections=cart&force_new_section_timestamp=false&_=1676156557122 HTTP/1.1" 200 617 "https://www.izas-outdoor.com/?query=pantalones%20trekking" "Mozilla/5.0 (Linux; Android 6.0.1; SM-G903F) AppleWebKit/537.36 (KHTML, like Gecko) Chrome/106.0.0.0 Mobile Safari/537.36"
87.219.204.42 - - [12/Feb/2023:00:02:42 +0100] "GET /customer/section/load/?sections=cart&force_new_section_timestamp=false&_=1676156557122 HTTP/1.1" 200 617 "https://www.izas-outdoor.com/?query=pantalones%20trekking" "Mozilla/5.0 (Linux; Android 6.0.1; SM-G903F) AppleWebKit/537.36 (KHTML, like Gecko) Chrome/106.0.0.0 Mobile Safari/537.36"
88.14.222.197 - - [12/Feb/2023:00:02:44 +0100] "GET /media/catalog/product/i/m/imjlw01670gh-1_1.jpg HTTP/1.0" 200 575828 "https://www.izas-outdoor.com/hombre.html?query=chaqueta%20hombre" "Mozilla/5.0 (Linux; Android 8.1.0; Redmi Note 6 Pro) AppleWebKit/537.36 (KHTML, like Gecko) Chrome/105.0.0.0 Mobile Safari/537.36"
88.14.222.197 - - [12/Feb/2023:00:02:44 +0100] "GET /pub/media/catalog/product/i/m/imjlw01670gh-1_1.jpg HTTP/1.1" 200 550685 "https://www.izas-outdoor.com/hombre.html?query=chaqueta%20hombre" "Mozilla/5.0 (Linux; Android 8.1.0; Redmi Note 6 Pro) AppleWebKit/537.36 (KHTML, like Gecko) Chrome/105.0.0.0 Mobile Safari/537.36"
88.14.222.197 - - [12/Feb/2023:00:02:46 +0100] "GET /media/catalog/product/i/m/imypd02976nv-7.jpg HTTP/1.0" 200 317232 "https://www.izas-outdoor.com/hombre.html?query=chaqueta%20hombre" "Mozilla/5.0 (Linux; Android 8.1.0; Redmi Note 6 Pro) AppleWebKit/537.36 (KHTML, like Gecko) Chrome/105.0.0.0 Mobile Safari/537.36"
88.14.222.197 - - [12/Feb/2023:00:02:46 +0100] "GET /pub/media/catalog/product/i/m/imypd02976nv-7.jpg HTTP/1.1" 200 298724 "https://www.izas-outdoor.com/hombre.html?query=chaqueta%20hombre" "Mozilla/5.0 (Linux; Android 8.1.0; Redmi Note 6 Pro) AppleWebKit/537.36 (KHTML, like Gecko) Chrome/105.0.0.0 Mobile Safari/537.36"
79.148.43.146 - - [12/Feb/2023:00:02:46 +0100] "GET /rebajas-ropa-montana/mujer/zapatos.html?p=2&_=1676156550506 HTTP/1.1" 200 23184 "https://www.izas-outdoor.com/rebajas-ropa-montana/mujer/zapatos.html" "Mozilla/5.0 (Macintosh; Intel Mac OS X 10_15_7) AppleWebKit/605.1.15 (KHTML, like Gecko) Version/16.2 Safari/605.1.15"
91.126.233.77 - - [12/Feb/2023:00:02:47 +0100] "GET / HTTP/1.1" 200 22579 "https://www.google.com/" "Mozilla/5.0 (Linux; Android 12; DN2103) AppleWebKit/537.36 (KHTML, like Gecko) Chrome/109.0.0.0 Mobile Safari/537.36"
87.219.204.42 - - [12/Feb/2023:00:02:48 +0100] "GET /?query=pantalones%20trekking HTTP/1.1" 200 22615 "https://www.izas-outdoor.com/es/" "Mozilla/5.0 (Linux; Android 6.0.1; SM-G903F) AppleWebKit/537.36 (KHTML, like Gecko) Chrome/106.0.0.0 Mobile Safari/537.36"
91.126.233.77 - - [12/Feb/2023:00:02:48 +0100] "GET /customer/section/load/?sections=cart&force_new_section_timestamp=false&_=1676156566988 HTTP/1.1" 200 618 "https://www.izas-outdoor.com/" "Mozilla/5.0 (Linux; Android 12; DN2103) AppleWebKit/537.36 (KHTML, like Gecko) Chrome/109.0.0.0 Mobile Safari/537.36"
91.126.233.77 - - [12/Feb/2023:00:02:48 +0100] "GET /customer/section/load/?sections=cart&force_new_section_timestamp=false&_=1676156566988 HTTP/1.1" 200 606 "https://www.izas-outdoor.com/" "Mozilla/5.0 (Linux; Android 12; DN2103) AppleWebKit/537.36 (KHTML, like Gecko) Chrome/109.0.0.0 Mobile Safari/537.36"
87.219.204.42 - - [12/Feb/2023:00:02:49 +0100] "GET /es/ HTTP/1.1" 200 22580 "https://www.google.com/" "Mozilla/5.0 (Linux; Android 6.0.1; SM-G903F) AppleWebKit/537.36 (KHTML, like Gecko) Chrome/106.0.0.0 Mobile Safari/537.36"
79.149.223.248 - - [12/Feb/2023:00:02:50 +0100] "GET /mujer/chaquetas-y-chalecos/chaquetas-de-pluma-rellenas.html?size=1048 HTTP/1.1" 200 23417 "https://www.izas-outdoor.com/mujer/chaquetas-y-chalecos/chaquetas-de-pluma-rellenas.html" "Mozilla/5.0 (Windows NT 10.0; Win64; x64) AppleWebKit/537.36 (KHTML, like Gecko) Chrome/110.0.0.0 Safari/537.36"
172.31.18.245 - - [12/Feb/2023:00:02:50 +0100] "GET /healthcheck HTTP/1.1" 200 0 "-" "ELB-HealthChecker/2.0"
172.31.18.245 - - [12/Feb/2023:00:02:50 +0100] "GET /healthcheck HTTP/1.1" 200 0 "-" "ELB-HealthChecker/2.0"
172.31.44.91 - - [12/Feb/2023:00:02:51 +0100] "GET /healthcheck HTTP/1.1" 200 0 "-" "ELB-HealthChecker/2.0"
46.222.160.188 - - [12/Feb/2023:00:02:51 +0100] "GET /?gclid=CjwKCAiAlp2fBhBPEiwA2Q10DwgSeB3o5X7JyeRmbUp-UHktKEKvG9QIFLHnKQs7LY7CLEBY6-hCOhoCuhYQAvD_BwE HTTP/1.1" 200 22579 "android-app://com.google.android.googlequicksearchbox/" "Mozilla/5.0 (Linux; Android 11; RMX2001) AppleWebKit/537.36 (KHTML, like Gecko) Chrome/109.0.0.0 Mobile Safari/537.36"
194.158.87.249 - - [12/Feb/2023:00:02:51 +0100] "GET /?gclid=CjwKCAiAlp2fBhBPEiwA2Q10D3d2ulvn9Pq_pgGoMh_hFaJ4V0iT6BIo3qlsUqnydhpv5grTCwALDBoCoDYQAvD_BwE HTTP/1.1" 200 21832 "android-app://com.google.android.googlequicksearchbox/" "Mozilla/5.0 (Linux; Android 13; 2109119DG) AppleWebKit/537.36 (KHTML, like Gecko) Chrome/109.0.0.0 Mobile Safari/537.36"
172.31.44.91 - - [12/Feb/2023:00:02:51 +0100] "GET /healthcheck HTTP/1.1" 200 0 "-" "ELB-HealthChecker/2.0"
88.14.222.197 - - [12/Feb/2023:00:02:53 +0100] "GET /media/catalog/product/i/m/imypd01954nv-7.jpg HTTP/1.0" 200 333709 "https://www.izas-outdoor.com/hombre.html?query=chaqueta%20hombre" "Mozilla/5.0 (Linux; Android 8.1.0; Redmi Note 6 Pro) AppleWebKit/537.36 (KHTML, like Gecko) Chrome/105.0.0.0 Mobile Safari/537.36"
88.14.222.197 - - [12/Feb/2023:00:02:53 +0100] "GET /pub/media/catalog/product/i/m/imypd01954nv-7.jpg HTTP/1.1" 200 314683 "https://www.izas-outdoor.com/hombre.html?query=chaqueta%20hombre" "Mozilla/5.0 (Linux; Android 8.1.0; Redmi Note 6 Pro) AppleWebKit/537.36 (KHTML, like Gecko) Chrome/105.0.0.0 Mobile Safari/537.36"
194.158.87.249 - - [12/Feb/2023:00:02:53 +0100] "GET /en/customer/section/load/?sections=cart&force_new_section_timestamp=false&_=1676156571553 HTTP/1.1" 200 604 "https://www.izas-outdoor.com/?gclid=CjwKCAiAlp2fBhBPEiwA2Q10D3d2ulvn9Pq_pgGoMh_hFaJ4V0iT6BIo3qlsUqnydhpv5grTCwALDBoCoDYQAvD_BwE" "Mozilla/5.0 (Linux; Android 13; 2109119DG) AppleWebKit/537.36 (KHTML, like Gecko) Chrome/109.0.0.0 Mobile Safari/537.36"
194.158.87.249 - - [12/Feb/2023:00:02:53 +0100] "GET /en/customer/section/load/?sections=cart&force_new_section_timestamp=false&_=1676156571553 HTTP/1.1" 200 592 "https://www.izas-outdoor.com/?gclid=CjwKCAiAlp2fBhBPEiwA2Q10D3d2ulvn9Pq_pgGoMh_hFaJ4V0iT6BIo3qlsUqnydhpv5grTCwALDBoCoDYQAvD_BwE" "Mozilla/5.0 (Linux; Android 13; 2109119DG) AppleWebKit/537.36 (KHTML, like Gecko) Chrome/109.0.0.0 Mobile Safari/537.36"
194.158.87.249 - - [12/Feb/2023:00:02:54 +0100] "GET /en/customer/section/load/?sections=cart&force_new_section_timestamp=false&_=1676156571554 HTTP/1.1" 200 604 "https://www.izas-outdoor.com/?gclid=CjwKCAiAlp2fBhBPEiwA2Q10D3d2ulvn9Pq_pgGoMh_hFaJ4V0iT6BIo3qlsUqnydhpv5grTCwALDBoCoDYQAvD_BwE" "Mozilla/5.0 (Linux; Android 13; 2109119DG) AppleWebKit/537.36 (KHTML, like Gecko) Chrome/109.0.0.0 Mobile Safari/537.36"
194.158.87.249 - - [12/Feb/2023:00:02:54 +0100] "GET /en/customer/section/load/?sections=cart&force_new_section_timestamp=false&_=1676156571554 HTTP/1.1" 200 592 "https://www.izas-outdoor.com/?gclid=CjwKCAiAlp2fBhBPEiwA2Q10D3d2ulvn9Pq_pgGoMh_hFaJ4V0iT6BIo3qlsUqnydhpv5grTCwALDBoCoDYQAvD_BwE" "Mozilla/5.0 (Linux; Android 13; 2109119DG) AppleWebKit/537.36 (KHTML, like Gecko) Chrome/109.0.0.0 Mobile Safari/537.36"
46.6.164.75 - - [12/Feb/2023:00:02:54 +0100] "GET /hombre/camisetas-capas-intermedias.html HTTP/1.1" 200 24549 "https://www.izas-outdoor.com/hombre/camisetas-capas-intermedias/polares.html" "Mozilla/5.0 (Linux; Android 10; moto g(7) power) AppleWebKit/537.36 (KHTML, like Gecko) Chrome/109.0.0.0 Mobile Safari/537.36"
88.14.222.197 - - [12/Feb/2023:00:02:56 +0100] "GET /media/catalog/product/i/m/imjlw01669ry-3.jpg HTTP/1.0" 200 253000 "https://www.izas-outdoor.com/chaqueta-polar-de-punto-azul-cian-hombre-samaun-m.html?color=azul" "Mozilla/5.0 (Linux; Android 8.1.0; Redmi Note 6 Pro) AppleWebKit/537.36 (KHTML, like Gecko) Chrome/105.0.0.0 Mobile Safari/537.36"
88.14.222.197 - - [12/Feb/2023:00:02:56 +0100] "GET /media/catalog/product/i/m/imjlw01669ry-3.jpg HTTP/1.1" 200 229580 "https://www.izas-outdoor.com/chaqueta-polar-de-punto-azul-cian-hombre-samaun-m.html?color=azul" "Mozilla/5.0 (Linux; Android 8.1.0; Redmi Note 6 Pro) AppleWebKit/537.36 (KHTML, like Gecko) Chrome/105.0.0.0 Mobile Safari/537.36"
88.14.222.197 - - [12/Feb/2023:00:02:56 +0100] "GET /media/catalog/product/i/m/imjlw01669ry-1.jpg HTTP/1.0" 200 501825 "https://www.izas-outdoor.com/chaqueta-polar-de-punto-azul-cian-hombre-samaun-m.html?color=azul" "Mozilla/5.0 (Linux; Android 8.1.0; Redmi Note 6 Pro) AppleWebKit/537.36 (KHTML, like Gecko) Chrome/105.0.0.0 Mobile Safari/537.36"
194.158.87.249 - - [12/Feb/2023:00:02:56 +0100] "GET /en/new-collection/men.html HTTP/1.1" 200 25839 "https://www.izas-outdoor.com/?gclid=CjwKCAiAlp2fBhBPEiwA2Q10D3d2ulvn9Pq_pgGoMh_hFaJ4V0iT6BIo3qlsUqnydhpv5grTCwALDBoCoDYQAvD_BwE" "Mozilla/5.0 (Linux; Android 13; 2109119DG) AppleWebKit/537.36 (KHTML, like Gecko) Chrome/109.0.0.0 Mobile Safari/537.36"
88.14.222.197 - - [12/Feb/2023:00:02:56 +0100] "GET /media/catalog/product/i/m/imjlw01669ry-6.jpg HTTP/1.0" 200 327031 "https://www.izas-outdoor.com/chaqueta-polar-de-punto-azul-cian-hombre-samaun-m.html?color=azul" "Mozilla/5.0 (Linux; Android 8.1.0; Redmi Note 6 Pro) AppleWebKit/537.36 (KHTML, like Gecko) Chrome/105.0.0.0 Mobile Safari/537.36"
88.14.222.197 - - [12/Feb/2023:00:02:56 +0100] "GET /media/catalog/product/i/m/imjlw01669ry-1.jpg HTTP/1.1" 200 474546 "https://www.izas-outdoor.com/chaqueta-polar-de-punto-azul-cian-hombre-samaun-m.html?color=azul" "Mozilla/5.0 (Linux; Android 8.1.0; Redmi Note 6 Pro) AppleWebKit/537.36 (KHTML, like Gecko) Chrome/105.0.0.0 Mobile Safari/537.36"
88.14.222.197 - - [12/Feb/2023:00:02:56 +0100] "GET /media/catalog/product/i/m/imjlw01669ry-6.jpg HTTP/1.1" 200 239902 "https://www.izas-outdoor.com/chaqueta-polar-de-punto-azul-cian-hombre-samaun-m.html?color=azul" "Mozilla/5.0 (Linux; Android 8.1.0; Redmi Note 6 Pro) AppleWebKit/537.36 (KHTML, like Gecko) Chrome/105.0.0.0 Mobile Safari/537.36"
88.14.222.197 - - [12/Feb/2023:00:02:56 +0100] "GET /media/catalog/product/i/m/imjlw01669ry-7.jpg HTTP/1.0" 200 300817 "https://www.izas-outdoor.com/chaqueta-polar-de-punto-azul-cian-hombre-samaun-m.html?color=azul" "Mozilla/5.0 (Linux; Android 8.1.0; Redmi Note 6 Pro) AppleWebKit/537.36 (KHTML, like Gecko) Chrome/105.0.0.0 Mobile Safari/537.36"
88.14.222.197 - - [12/Feb/2023:00:02:56 +0100] "GET /media/catalog/product/i/m/imjlw01669ry-7.jpg HTTP/1.1" 200 281501 "https://www.izas-outdoor.com/chaqueta-polar-de-punto-azul-cian-hombre-samaun-m.html?color=azul" "Mozilla/5.0 (Linux; Android 8.1.0; Redmi Note 6 Pro) AppleWebKit/537.36 (KHTML, like Gecko) Chrome/105.0.0.0 Mobile Safari/537.36"
88.14.222.197 - - [12/Feb/2023:00:02:56 +0100] "GET /media/catalog/product/i/m/imjlw01669ry-8.jpg HTTP/1.0" 200 305376 "https://www.izas-outdoor.com/chaqueta-polar-de-punto-azul-cian-hombre-samaun-m.html?color=azul" "Mozilla/5.0 (Linux; Android 8.1.0; Redmi Note 6 Pro) AppleWebKit/537.36 (KHTML, like Gecko) Chrome/105.0.0.0 Mobile Safari/537.36"
88.14.222.197 - - [12/Feb/2023:00:02:56 +0100] "GET /media/catalog/product/i/m/imjlw01669ry-4.jpg HTTP/1.0" 200 1581816 "https://www.izas-outdoor.com/chaqueta-polar-de-punto-azul-cian-hombre-samaun-m.html?color=azul" "Mozilla/5.0 (Linux; Android 8.1.0; Redmi Note 6 Pro) AppleWebKit/537.36 (KHTML, like Gecko) Chrome/105.0.0.0 Mobile Safari/537.36"
88.14.222.197 - - [12/Feb/2023:00:02:56 +0100] "GET /media/catalog/product/i/m/imjlw01669ry-8.jpg HTTP/1.1" 200 290141 "https://www.izas-outdoor.com/chaqueta-polar-de-punto-azul-cian-hombre-samaun-m.html?color=azul" "Mozilla/5.0 (Linux; Android 8.1.0; Redmi Note 6 Pro) AppleWebKit/537.36 (KHTML, like Gecko) Chrome/105.0.0.0 Mobile Safari/537.36"
88.14.222.197 - - [12/Feb/2023:00:02:56 +0100] "GET /media/catalog/product/i/m/imjlw01669ry-2.jpg HTTP/1.0" 200 566192 "https://www.izas-outdoor.com/chaqueta-polar-de-punto-azul-cian-hombre-samaun-m.html?color=azul" "Mozilla/5.0 (Linux; Android 8.1.0; Redmi Note 6 Pro) AppleWebKit/537.36 (KHTML, like Gecko) Chrome/105.0.0.0 Mobile Safari/537.36"
88.14.222.197 - - [12/Feb/2023:00:02:56 +0100] "GET /media/catalog/product/i/m/imjlw01669ry-2.jpg HTTP/1.1" 200 540312 "https://www.izas-outdoor.com/chaqueta-polar-de-punto-azul-cian-hombre-samaun-m.html?color=azul" "Mozilla/5.0 (Linux; Android 8.1.0; Redmi Note 6 Pro) AppleWebKit/537.36 (KHTML, like Gecko) Chrome/105.0.0.0 Mobile Safari/537.36"
88.14.222.197 - - [12/Feb/2023:00:02:56 +0100] "GET /media/catalog/product/i/m/imjlw01669ry-5.jpg HTTP/1.0" 200 1750518 "https://www.izas-outdoor.com/chaqueta-polar-de-punto-azul-cian-hombre-samaun-m.html?color=azul" "Mozilla/5.0 (Linux; Android 8.1.0; Redmi Note 6 Pro) AppleWebKit/537.36 (KHTML, like Gecko) Chrome/105.0.0.0 Mobile Safari/537.36"
88.14.222.197 - - [12/Feb/2023:00:02:56 +0100] "GET /media/catalog/product/i/m/imjlw01669ry-4.jpg HTTP/1.1" 200 1572559 "https://www.izas-outdoor.com/chaqueta-polar-de-punto-azul-cian-hombre-samaun-m.html?color=azul" "Mozilla/5.0 (Linux; Android 8.1.0; Redmi Note 6 Pro) AppleWebKit/537.36 (KHTML, like Gecko) Chrome/105.0.0.0 Mobile Safari/537.36"
88.14.222.197 - - [12/Feb/2023:00:02:56 +0100] "GET /media/catalog/product/cache/a264eab3c129b6f2e18447177329035c/i/m/imjlw01669ry-1.jpg HTTP/1.0" 200 1231 "https://www.izas-outdoor.com/chaqueta-polar-de-punto-azul-cian-hombre-samaun-m.html?color=azul" "Mozilla/5.0 (Linux; Android 8.1.0; Redmi Note 6 Pro) AppleWebKit/537.36 (KHTML, like Gecko) Chrome/105.0.0.0 Mobile Safari/537.36"
88.14.222.197 - - [12/Feb/2023:00:02:56 +0100] "GET /media/catalog/product/cache/a264eab3c129b6f2e18447177329035c/i/m/imjlw01669ry-1.jpg HTTP/1.1" 200 1080 "https://www.izas-outdoor.com/chaqueta-polar-de-punto-azul-cian-hombre-samaun-m.html?color=azul" "Mozilla/5.0 (Linux; Android 8.1.0; Redmi Note 6 Pro) AppleWebKit/537.36 (KHTML, like Gecko) Chrome/105.0.0.0 Mobile Safari/537.36"
88.14.222.197 - - [12/Feb/2023:00:02:56 +0100] "GET /media/catalog/product/i/m/imjlw01669ry-5.jpg HTTP/1.1" 200 1743307 "https://www.izas-outdoor.com/chaqueta-polar-de-punto-azul-cian-hombre-samaun-m.html?color=azul" "Mozilla/5.0 (Linux; Android 8.1.0; Redmi Note 6 Pro) AppleWebKit/537.36 (KHTML, like Gecko) Chrome/105.0.0.0 Mobile Safari/537.36"
194.158.87.249 - - [12/Feb/2023:00:02:57 +0100] "GET /media/catalog/product/cache/2c814ea0ef5c8fc16ee3f615f3a37e6c/i/m/imksk02975ry-1_1.jpg HTTP/1.0" 200 30599 "https://www.izas-outdoor.com/en/new-collection/men.html" "Mozilla/5.0 (Linux; Android 13; 2109119DG) AppleWebKit/537.36 (KHTML, like Gecko) Chrome/109.0.0.0 Mobile Safari/537.36"
194.158.87.249 - - [12/Feb/2023:00:02:57 +0100] "GET /media/catalog/product/cache/2c814ea0ef5c8fc16ee3f615f3a37e6c/i/m/imksk02975ry-1_1.jpg HTTP/1.1" 200 28317 "https://www.izas-outdoor.com/en/new-collection/men.html" "Mozilla/5.0 (Linux; Android 13; 2109119DG) AppleWebKit/537.36 (KHTML, like Gecko) Chrome/109.0.0.0 Mobile Safari/537.36"
194.158.87.249 - - [12/Feb/2023:00:02:57 +0100] "GET /media/catalog/product/cache/2c814ea0ef5c8fc16ee3f615f3a37e6c/i/m/imksk02975bk-1_1.jpg HTTP/1.0" 200 27625 "https://www.izas-outdoor.com/en/new-collection/men.html" "Mozilla/5.0 (Linux; Android 13; 2109119DG) AppleWebKit/537.36 (KHTML, like Gecko) Chrome/109.0.0.0 Mobile Safari/537.36"
194.158.87.249 - - [12/Feb/2023:00:02:57 +0100] "GET /media/catalog/product/cache/2c814ea0ef5c8fc16ee3f615f3a37e6c/i/m/imksk02975bk-1_1.jpg HTTP/1.1" 200 25352 "https://www.izas-outdoor.com/en/new-collection/men.html" "Mozilla/5.0 (Linux; Android 13; 2109119DG) AppleWebKit/537.36 (KHTML, like Gecko) Chrome/109.0.0.0 Mobile Safari/537.36"
194.158.87.249 - - [12/Feb/2023:00:02:57 +0100] "GET /media/catalog/product/cache/2c814ea0ef5c8fc16ee3f615f3a37e6c/i/m/imkkp02972bk-1_1.jpg HTTP/1.0" 200 24790 "https://www.izas-outdoor.com/en/new-collection/men.html" "Mozilla/5.0 (Linux; Android 13; 2109119DG) AppleWebKit/537.36 (KHTML, like Gecko) Chrome/109.0.0.0 Mobile Safari/537.36"
194.158.87.249 - - [12/Feb/2023:00:02:57 +0100] "GET /media/catalog/product/cache/2c814ea0ef5c8fc16ee3f615f3a37e6c/i/m/imkkp02972bk-1_1.jpg HTTP/1.1" 200 22490 "https://www.izas-outdoor.com/en/new-collection/men.html" "Mozilla/5.0 (Linux; Android 13; 2109119DG) AppleWebKit/537.36 (KHTML, like Gecko) Chrome/109.0.0.0 Mobile Safari/537.36"
194.158.87.249 - - [12/Feb/2023:00:02:57 +0100] "GET /media/catalog/product/cache/2c814ea0ef5c8fc16ee3f615f3a37e6c/i/m/imkkp02972sp-1_1.jpg HTTP/1.0" 200 26413 "https://www.izas-outdoor.com/en/new-collection/men.html" "Mozilla/5.0 (Linux; Android 13; 2109119DG) AppleWebKit/537.36 (KHTML, like Gecko) Chrome/109.0.0.0 Mobile Safari/537.36"
194.158.87.249 - - [12/Feb/2023:00:02:57 +0100] "GET /media/catalog/product/cache/2c814ea0ef5c8fc16ee3f615f3a37e6c/i/m/imkkp02972sp-1_1.jpg HTTP/1.1" 200 24101 "https://www.izas-outdoor.com/en/new-collection/men.html" "Mozilla/5.0 (Linux; Android 13; 2109119DG) AppleWebKit/537.36 (KHTML, like Gecko) Chrome/109.0.0.0 Mobile Safari/537.36"
194.158.87.249 - - [12/Feb/2023:00:02:57 +0100] "GET /media/catalog/product/cache/2c814ea0ef5c8fc16ee3f615f3a37e6c/i/m/imppw01592lg-1.jpg HTTP/1.0" 200 28576 "https://www.izas-outdoor.com/en/new-collection/men.html" "Mozilla/5.0 (Linux; Android 13; 2109119DG) AppleWebKit/537.36 (KHTML, like Gecko) Chrome/109.0.0.0 Mobile Safari/537.36"
194.158.87.249 - - [12/Feb/2023:00:02:57 +0100] "GET /media/catalog/product/cache/2c814ea0ef5c8fc16ee3f615f3a37e6c/i/m/imppw01592ry-1.jpg HTTP/1.0" 200 27244 "https://www.izas-outdoor.com/en/new-collection/men.html" "Mozilla/5.0 (Linux; Android 13; 2109119DG) AppleWebKit/537.36 (KHTML, like Gecko) Chrome/109.0.0.0 Mobile Safari/537.36"
194.158.87.249 - - [12/Feb/2023:00:02:57 +0100] "GET /media/catalog/product/cache/2c814ea0ef5c8fc16ee3f615f3a37e6c/i/m/imppw01592lg-1.jpg HTTP/1.1" 200 26054 "https://www.izas-outdoor.com/en/new-collection/men.html" "Mozilla/5.0 (Linux; Android 13; 2109119DG) AppleWebKit/537.36 (KHTML, like Gecko) Chrome/109.0.0.0 Mobile Safari/537.36"
194.158.87.249 - - [12/Feb/2023:00:02:57 +0100] "GET /media/catalog/product/cache/2c814ea0ef5c8fc16ee3f615f3a37e6c/i/m/imppw01592ry-1.jpg HTTP/1.1" 200 24920 "https://www.izas-outdoor.com/en/new-collection/men.html" "Mozilla/5.0 (Linux; Android 13; 2109119DG) AppleWebKit/537.36 (KHTML, like Gecko) Chrome/109.0.0.0 Mobile Safari/537.36"
194.158.87.249 - - [12/Feb/2023:00:02:57 +0100] "GET /media/catalog/product/cache/2c814ea0ef5c8fc16ee3f615f3a37e6c/i/m/imppw01592bk-1_2.jpg HTTP/1.0" 200 25209 "https://www.izas-outdoor.com/en/new-collection/men.html" "Mozilla/5.0 (Linux; Android 13; 2109119DG) AppleWebKit/537.36 (KHTML, like Gecko) Chrome/109.0.0.0 Mobile Safari/537.36"
194.158.87.249 - - [12/Feb/2023:00:02:57 +0100] "GET /media/catalog/product/cache/2c814ea0ef5c8fc16ee3f615f3a37e6c/i/m/imppw01592bk-1_2.jpg HTTP/1.1" 200 22950 "https://www.izas-outdoor.com/en/new-collection/men.html" "Mozilla/5.0 (Linux; Android 13; 2109119DG) AppleWebKit/537.36 (KHTML, like Gecko) Chrome/109.0.0.0 Mobile Safari/537.36"
194.158.87.249 - - [12/Feb/2023:00:02:57 +0100] "GET /media/catalog/product/cache/2c814ea0ef5c8fc16ee3f615f3a37e6c/i/m/imddw01945bk-7.jpg HTTP/1.0" 200 30622 "https://www.izas-outdoor.com/en/new-collection/men.html" "Mozilla/5.0 (Linux; Android 13; 2109119DG) AppleWebKit/537.36 (KHTML, like Gecko) Chrome/109.0.0.0 Mobile Safari/537.36"
194.158.87.249 - - [12/Feb/2023:00:02:57 +0100] "GET /media/catalog/product/cache/2c814ea0ef5c8fc16ee3f615f3a37e6c/i/m/imddw01945bk-7.jpg HTTP/1.1" 200 28275 "https://www.izas-outdoor.com/en/new-collection/men.html" "Mozilla/5.0 (Linux; Android 13; 2109119DG) AppleWebKit/537.36 (KHTML, like Gecko) Chrome/109.0.0.0 Mobile Safari/537.36"
194.158.87.249 - - [12/Feb/2023:00:02:57 +0100] "GET /media/catalog/product/cache/2c814ea0ef5c8fc16ee3f615f3a37e6c/i/m/imwsf01091rd-1.jpg HTTP/1.0" 200 35988 "https://www.izas-outdoor.com/en/new-collection/men.html" "Mozilla/5.0 (Linux; Android 13; 2109119DG) AppleWebKit/537.36 (KHTML, like Gecko) Chrome/109.0.0.0 Mobile Safari/537.36"
194.158.87.249 - - [12/Feb/2023:00:02:57 +0100] "GET /media/catalog/product/cache/2c814ea0ef5c8fc16ee3f615f3a37e6c/i/m/imwsf01091rd-1.jpg HTTP/1.1" 200 33879 "https://www.izas-outdoor.com/en/new-collection/men.html" "Mozilla/5.0 (Linux; Android 13; 2109119DG) AppleWebKit/537.36 (KHTML, like Gecko) Chrome/109.0.0.0 Mobile Safari/537.36"
194.158.87.249 - - [12/Feb/2023:00:02:57 +0100] "GET /media/catalog/product/cache/2c814ea0ef5c8fc16ee3f615f3a37e6c/i/m/imwsf01091bk-1.jpg HTTP/1.0" 200 34637 "https://www.izas-outdoor.com/en/new-collection/men.html" "Mozilla/5.0 (Linux; Android 13; 2109119DG) AppleWebKit/537.36 (KHTML, like Gecko) Chrome/109.0.0.0 Mobile Safari/537.36"
194.158.87.249 - - [12/Feb/2023:00:02:57 +0100] "GET /media/catalog/product/cache/2c814ea0ef5c8fc16ee3f615f3a37e6c/i/m/imwsf01091bk-1.jpg HTTP/1.1" 200 32547 "https://www.izas-outdoor.com/en/new-collection/men.html" "Mozilla/5.0 (Linux; Android 13; 2109119DG) AppleWebKit/537.36 (KHTML, like Gecko) Chrome/109.0.0.0 Mobile Safari/537.36"
194.158.87.249 - - [12/Feb/2023:00:02:57 +0100] "GET /media/catalog/product/cache/2c814ea0ef5c8fc16ee3f615f3a37e6c/i/m/imh2l02508dq_rd-1.jpg HTTP/1.0" 200 35790 "https://www.izas-outdoor.com/en/new-collection/men.html" "Mozilla/5.0 (Linux; Android 13; 2109119DG) AppleWebKit/537.36 (KHTML, like Gecko) Chrome/109.0.0.0 Mobile Safari/537.36"
194.158.87.249 - - [12/Feb/2023:00:02:57 +0100] "GET /media/catalog/product/cache/2c814ea0ef5c8fc16ee3f615f3a37e6c/i/m/imh2l02508dq_rd-1.jpg HTTP/1.1" 200 33742 "https://www.izas-outdoor.com/en/new-collection/men.html" "Mozilla/5.0 (Linux; Android 13; 2109119DG) AppleWebKit/537.36 (KHTML, like Gecko) Chrome/109.0.0.0 Mobile Safari/537.36"
194.158.87.249 - - [12/Feb/2023:00:02:57 +0100] "GET /media/catalog/product/cache/2c814ea0ef5c8fc16ee3f615f3a37e6c/i/m/imh2l02508bk-1.jpg HTTP/1.0" 200 22616 "https://www.izas-outdoor.com/en/new-collection/men.html" "Mozilla/5.0 (Linux; Android 13; 2109119DG) AppleWebKit/537.36 (KHTML, like Gecko) Chrome/109.0.0.0 Mobile Safari/537.36"
194.158.87.249 - - [12/Feb/2023:00:02:57 +0100] "GET /media/catalog/product/cache/2c814ea0ef5c8fc16ee3f615f3a37e6c/i/m/imh2l02508bk-1.jpg HTTP/1.1" 200 20152 "https://www.izas-outdoor.com/en/new-collection/men.html" "Mozilla/5.0 (Linux; Android 13; 2109119DG) AppleWebKit/537.36 (KHTML, like Gecko) Chrome/109.0.0.0 Mobile Safari/537.36"
194.158.87.249 - - [12/Feb/2023:00:02:57 +0100] "GET /media/catalog/product/cache/2c814ea0ef5c8fc16ee3f615f3a37e6c/i/m/imjhw02502rd_bk-1_1.jpg HTTP/1.0" 200 37121 "https://www.izas-outdoor.com/en/new-collection/men.html" "Mozilla/5.0 (Linux; Android 13; 2109119DG) AppleWebKit/537.36 (KHTML, like Gecko) Chrome/109.0.0.0 Mobile Safari/537.36"
194.158.87.249 - - [12/Feb/2023:00:02:57 +0100] "GET /media/catalog/product/cache/2c814ea0ef5c8fc16ee3f615f3a37e6c/i/m/imjhw02502rd_bk-1_1.jpg HTTP/1.1" 200 34966 "https://www.izas-outdoor.com/en/new-collection/men.html" "Mozilla/5.0 (Linux; Android 13; 2109119DG) AppleWebKit/537.36 (KHTML, like Gecko) Chrome/109.0.0.0 Mobile Safari/537.36"
194.158.87.249 - - [12/Feb/2023:00:02:57 +0100] "GET /media/catalog/product/cache/2c814ea0ef5c8fc16ee3f615f3a37e6c/i/u/iuu00016wh-6.jpg HTTP/1.0" 200 19650 "https://www.izas-outdoor.com/en/new-collection/men.html" "Mozilla/5.0 (Linux; Android 13; 2109119DG) AppleWebKit/537.36 (KHTML, like Gecko) Chrome/109.0.0.0 Mobile Safari/537.36"
194.158.87.249 - - [12/Feb/2023:00:02:57 +0100] "GET /media/catalog/product/cache/2c814ea0ef5c8fc16ee3f615f3a37e6c/i/m/imjhw02502nv_il-1.jpg HTTP/1.0" 200 33200 "https://www.izas-outdoor.com/en/new-collection/men.html" "Mozilla/5.0 (Linux; Android 13; 2109119DG) AppleWebKit/537.36 (KHTML, like Gecko) Chrome/109.0.0.0 Mobile Safari/537.36"
194.158.87.249 - - [12/Feb/2023:00:02:57 +0100] "GET /media/catalog/product/cache/2c814ea0ef5c8fc16ee3f615f3a37e6c/i/u/iuu00016wh-6.jpg HTTP/1.1" 200 17499 "https://www.izas-outdoor.com/en/new-collection/men.html" "Mozilla/5.0 (Linux; Android 13; 2109119DG) AppleWebKit/537.36 (KHTML, like Gecko) Chrome/109.0.0.0 Mobile Safari/537.36"
194.158.87.249 - - [12/Feb/2023:00:02:57 +0100] "GET /media/catalog/product/cache/2c814ea0ef5c8fc16ee3f615f3a37e6c/i/m/imjhw02502nv_il-1.jpg HTTP/1.1" 200 30941 "https://www.izas-outdoor.com/en/new-collection/men.html" "Mozilla/5.0 (Linux; Android 13; 2109119DG) AppleWebKit/537.36 (KHTML, like Gecko) Chrome/109.0.0.0 Mobile Safari/537.36"
194.158.87.249 - - [12/Feb/2023:00:02:57 +0100] "GET /media/catalog/product/cache/2c814ea0ef5c8fc16ee3f615f3a37e6c/i/m/imu00332bk-1.jpg HTTP/1.0" 200 26749 "https://www.izas-outdoor.com/en/new-collection/men.html" "Mozilla/5.0 (Linux; Android 13; 2109119DG) AppleWebKit/537.36 (KHTML, like Gecko) Chrome/109.0.0.0 Mobile Safari/537.36"
194.158.87.249 - - [12/Feb/2023:00:02:57 +0100] "GET /media/catalog/product/cache/2c814ea0ef5c8fc16ee3f615f3a37e6c/i/m/imu00332bk-1.jpg HTTP/1.1" 200 24395 "https://www.izas-outdoor.com/en/new-collection/men.html" "Mozilla/5.0 (Linux; Android 13; 2109119DG) AppleWebKit/537.36 (KHTML, like Gecko) Chrome/109.0.0.0 Mobile Safari/537.36"
194.158.87.249 - - [12/Feb/2023:00:02:57 +0100] "GET /media/catalog/product/cache/2c814ea0ef5c8fc16ee3f615f3a37e6c/i/m/imu00011bk-1.jpg HTTP/1.0" 200 27298 "https://www.izas-outdoor.com/en/new-collection/men.html" "Mozilla/5.0 (Linux; Android 13; 2109119DG) AppleWebKit/537.36 (KHTML, like Gecko) Chrome/109.0.0.0 Mobile Safari/537.36"
194.158.87.249 - - [12/Feb/2023:00:02:57 +0100] "GET /media/catalog/product/cache/2c814ea0ef5c8fc16ee3f615f3a37e6c/i/m/imu00011bk-1.jpg HTTP/1.1" 200 24982 "https://www.izas-outdoor.com/en/new-collection/men.html" "Mozilla/5.0 (Linux; Android 13; 2109119DG) AppleWebKit/537.36 (KHTML, like Gecko) Chrome/109.0.0.0 Mobile Safari/537.36"
194.158.87.249 - - [12/Feb/2023:00:02:57 +0100] "GET /media/catalog/product/cache/2c814ea0ef5c8fc16ee3f615f3a37e6c/i/m/imu00014gr-1.jpg HTTP/1.0" 200 33287 "https://www.izas-outdoor.com/en/new-collection/men.html" "Mozilla/5.0 (Linux; Android 13; 2109119DG) AppleWebKit/537.36 (KHTML, like Gecko) Chrome/109.0.0.0 Mobile Safari/537.36"
194.158.87.249 - - [12/Feb/2023:00:02:57 +0100] "GET /media/catalog/product/cache/2c814ea0ef5c8fc16ee3f615f3a37e6c/i/m/imu00014gr-1.jpg HTTP/1.1" 200 30975 "https://www.izas-outdoor.com/en/new-collection/men.html" "Mozilla/5.0 (Linux; Android 13; 2109119DG) AppleWebKit/537.36 (KHTML, like Gecko) Chrome/109.0.0.0 Mobile Safari/537.36"
194.158.87.249 - - [12/Feb/2023:00:02:57 +0100] "GET /media/catalog/product/cache/2c814ea0ef5c8fc16ee3f615f3a37e6c/i/m/imjhw02502sv_bk-1_1.jpg HTTP/1.0" 200 29974 "https://www.izas-outdoor.com/en/new-collection/men.html" "Mozilla/5.0 (Linux; Android 13; 2109119DG) AppleWebKit/537.36 (KHTML, like Gecko) Chrome/109.0.0.0 Mobile Safari/537.36"
194.158.87.249 - - [12/Feb/2023:00:02:57 +0100] "GET /media/catalog/product/cache/2c814ea0ef5c8fc16ee3f615f3a37e6c/i/m/imjhw02502sv_bk-1_1.jpg HTTP/1.1" 200 27678 "https://www.izas-outdoor.com/en/new-collection/men.html" "Mozilla/5.0 (Linux; Android 13; 2109119DG) AppleWebKit/537.36 (KHTML, like Gecko) Chrome/109.0.0.0 Mobile Safari/537.36"
194.158.87.249 - - [12/Feb/2023:00:02:57 +0100] "GET /media/catalog/product/cache/2c814ea0ef5c8fc16ee3f615f3a37e6c/i/m/imu00334gr-6.jpg HTTP/1.0" 200 44970 "https://www.izas-outdoor.com/en/new-collection/men.html" "Mozilla/5.0 (Linux; Android 13; 2109119DG) AppleWebKit/537.36 (KHTML, like Gecko) Chrome/109.0.0.0 Mobile Safari/537.36"
194.158.87.249 - - [12/Feb/2023:00:02:57 +0100] "GET /media/catalog/product/cache/2c814ea0ef5c8fc16ee3f615f3a37e6c/i/m/imu00334gr-6.jpg HTTP/1.1" 200 43106 "https://www.izas-outdoor.com/en/new-collection/men.html" "Mozilla/5.0 (Linux; Android 13; 2109119DG) AppleWebKit/537.36 (KHTML, like Gecko) Chrome/109.0.0.0 Mobile Safari/537.36"
194.158.87.249 - - [12/Feb/2023:00:02:57 +0100] "GET /media/catalog/product/cache/2c814ea0ef5c8fc16ee3f615f3a37e6c/i/m/imp00003gr-1.jpg HTTP/1.0" 200 28609 "https://www.izas-outdoor.com/en/new-collection/men.html" "Mozilla/5.0 (Linux; Android 13; 2109119DG) AppleWebKit/537.36 (KHTML, like Gecko) Chrome/109.0.0.0 Mobile Safari/537.36"
194.158.87.249 - - [12/Feb/2023:00:02:57 +0100] "GET /media/catalog/product/cache/2c814ea0ef5c8fc16ee3f615f3a37e6c/i/m/imp00003gr-1.jpg HTTP/1.1" 200 26234 "https://www.izas-outdoor.com/en/new-collection/men.html" "Mozilla/5.0 (Linux; Android 13; 2109119DG) AppleWebKit/537.36 (KHTML, like Gecko) Chrome/109.0.0.0 Mobile Safari/537.36"
194.158.87.249 - - [12/Feb/2023:00:02:57 +0100] "GET /media/catalog/product/cache/2c814ea0ef5c8fc16ee3f615f3a37e6c/i/m/imu00336wh-6.jpg HTTP/1.0" 200 19611 "https://www.izas-outdoor.com/en/new-collection/men.html" "Mozilla/5.0 (Linux; Android 13; 2109119DG) AppleWebKit/537.36 (KHTML, like Gecko) Chrome/109.0.0.0 Mobile Safari/537.36"
194.158.87.249 - - [12/Feb/2023:00:02:57 +0100] "GET /media/catalog/product/cache/2c814ea0ef5c8fc16ee3f615f3a37e6c/i/m/imu00336wh-6.jpg HTTP/1.1" 200 17578 "https://www.izas-outdoor.com/en/new-collection/men.html" "Mozilla/5.0 (Linux; Android 13; 2109119DG) AppleWebKit/537.36 (KHTML, like Gecko) Chrome/109.0.0.0 Mobile Safari/537.36"
194.158.87.249 - - [12/Feb/2023:00:02:57 +0100] "GET /media/catalog/product/cache/2c814ea0ef5c8fc16ee3f615f3a37e6c/i/m/imu00338wh_bl-6.jpg HTTP/1.0" 200 18983 "https://www.izas-outdoor.com/en/new-collection/men.html" "Mozilla/5.0 (Linux; Android 13; 2109119DG) AppleWebKit/537.36 (KHTML, like Gecko) Chrome/109.0.0.0 Mobile Safari/537.36"
194.158.87.249 - - [12/Feb/2023:00:02:57 +0100] "GET /media/catalog/product/cache/2c814ea0ef5c8fc16ee3f615f3a37e6c/i/m/imu00340bl-6.jpg HTTP/1.0" 200 33870 "https://www.izas-outdoor.com/en/new-collection/men.html" "Mozilla/5.0 (Linux; Android 13; 2109119DG) AppleWebKit/537.36 (KHTML, like Gecko) Chrome/109.0.0.0 Mobile Safari/537.36"
194.158.87.249 - - [12/Feb/2023:00:02:57 +0100] "GET /media/catalog/product/cache/2c814ea0ef5c8fc16ee3f615f3a37e6c/i/m/imu00338wh_bl-6.jpg HTTP/1.1" 200 16916 "https://www.izas-outdoor.com/en/new-collection/men.html" "Mozilla/5.0 (Linux; Android 13; 2109119DG) AppleWebKit/537.36 (KHTML, like Gecko) Chrome/109.0.0.0 Mobile Safari/537.36"
194.158.87.249 - - [12/Feb/2023:00:02:57 +0100] "GET /media/catalog/product/cache/2c814ea0ef5c8fc16ee3f615f3a37e6c/i/m/imu00340bl-6.jpg HTTP/1.1" 200 31934 "https://www.izas-outdoor.com/en/new-collection/men.html" "Mozilla/5.0 (Linux; Android 13; 2109119DG) AppleWebKit/537.36 (KHTML, like Gecko) Chrome/109.0.0.0 Mobile Safari/537.36"
194.158.87.249 - - [12/Feb/2023:00:02:57 +0100] "GET /media/catalog/product/cache/2c814ea0ef5c8fc16ee3f615f3a37e6c/i/m/imp00005bl-6.jpg HTTP/1.0" 200 17612 "https://www.izas-outdoor.com/en/new-collection/men.html" "Mozilla/5.0 (Linux; Android 13; 2109119DG) AppleWebKit/537.36 (KHTML, like Gecko) Chrome/109.0.0.0 Mobile Safari/537.36"
194.158.87.249 - - [12/Feb/2023:00:02:57 +0100] "GET /media/catalog/product/cache/2c814ea0ef5c8fc16ee3f615f3a37e6c/i/m/imp00005bl-6.jpg HTTP/1.1" 200 14808 "https://www.izas-outdoor.com/en/new-collection/men.html" "Mozilla/5.0 (Linux; Android 13; 2109119DG) AppleWebKit/537.36 (KHTML, like Gecko) Chrome/109.0.0.0 Mobile Safari/537.36"
194.158.87.249 - - [12/Feb/2023:00:02:57 +0100] "GET /media/catalog/product/cache/2c814ea0ef5c8fc16ee3f615f3a37e6c/i/m/imu00020bl-6.jpg HTTP/1.0" 200 34812 "https://www.izas-outdoor.com/en/new-collection/men.html" "Mozilla/5.0 (Linux; Android 13; 2109119DG) AppleWebKit/537.36 (KHTML, like Gecko) Chrome/109.0.0.0 Mobile Safari/537.36"
194.158.87.249 - - [12/Feb/2023:00:02:57 +0100] "GET /media/catalog/product/cache/2c814ea0ef5c8fc16ee3f615f3a37e6c/i/m/imu00020bl-6.jpg HTTP/1.1" 200 32683 "https://www.izas-outdoor.com/en/new-collection/men.html" "Mozilla/5.0 (Linux; Android 13; 2109119DG) AppleWebKit/537.36 (KHTML, like Gecko) Chrome/109.0.0.0 Mobile Safari/537.36"
194.158.87.249 - - [12/Feb/2023:00:02:57 +0100] "GET /media/catalog/product/cache/2c814ea0ef5c8fc16ee3f615f3a37e6c/i/m/imu00018wh_bl-6_1_1.jpg HTTP/1.0" 200 21687 "https://www.izas-outdoor.com/en/new-collection/men.html" "Mozilla/5.0 (Linux; Android 13; 2109119DG) AppleWebKit/537.36 (KHTML, like Gecko) Chrome/109.0.0.0 Mobile Safari/537.36"
194.158.87.249 - - [12/Feb/2023:00:02:57 +0100] "GET /media/catalog/product/cache/2c814ea0ef5c8fc16ee3f615f3a37e6c/i/m/imu00018wh_bl-6_1_1.jpg HTTP/1.1" 200 19482 "https://www.izas-outdoor.com/en/new-collection/men.html" "Mozilla/5.0 (Linux; Android 13; 2109119DG) AppleWebKit/537.36 (KHTML, like Gecko) Chrome/109.0.0.0 Mobile Safari/537.36"
194.158.87.249 - - [12/Feb/2023:00:02:58 +0100] "GET /en/customer/section/load/?sections=cart&force_new_section_timestamp=false&_=1676156571552 HTTP/1.1" 200 604 "https://www.izas-outdoor.com/?gclid=CjwKCAiAlp2fBhBPEiwA2Q10D3d2ulvn9Pq_pgGoMh_hFaJ4V0iT6BIo3qlsUqnydhpv5grTCwALDBoCoDYQAvD_BwE" "Mozilla/5.0 (Linux; Android 13; 2109119DG) AppleWebKit/537.36 (KHTML, like Gecko) Chrome/109.0.0.0 Mobile Safari/537.36"
194.158.87.249 - - [12/Feb/2023:00:02:58 +0100] "GET /en/customer/section/load/?sections=cart&force_new_section_timestamp=false&_=1676156571552 HTTP/1.1" 200 592 "https://www.izas-outdoor.com/?gclid=CjwKCAiAlp2fBhBPEiwA2Q10D3d2ulvn9Pq_pgGoMh_hFaJ4V0iT6BIo3qlsUqnydhpv5grTCwALDBoCoDYQAvD_BwE" "Mozilla/5.0 (Linux; Android 13; 2109119DG) AppleWebKit/537.36 (KHTML, like Gecko) Chrome/109.0.0.0 Mobile Safari/537.36"
83.60.165.163 - - [12/Feb/2023:00:02:58 +0100] "GET /customer/section/load/?sections=cart&force_new_section_timestamp=false&_=1676156577282 HTTP/1.1" 200 1112 "https://www.izas-outdoor.com/new-collection/pantalon-de-monta-a-negro-hombre-invierno-baltic-m-fw.html?color=negro" "Mozilla/5.0 (iPhone; CPU iPhone OS 16_2 like Mac OS X) AppleWebKit/605.1.15 (KHTML, like Gecko) Version/16.2 Mobile/15E148 Safari/604.1"
83.60.165.163 - - [12/Feb/2023:00:02:58 +0100] "GET /customer/section/load/?sections=cart&force_new_section_timestamp=false&_=1676156577282 HTTP/1.1" 200 1112 "https://www.izas-outdoor.com/new-collection/pantalon-de-monta-a-negro-hombre-invierno-baltic-m-fw.html?color=negro" "Mozilla/5.0 (iPhone; CPU iPhone OS 16_2 like Mac OS X) AppleWebKit/605.1.15 (KHTML, like Gecko) Version/16.2 Mobile/15E148 Safari/604.1"
83.60.165.163 - - [12/Feb/2023:00:02:59 +0100] "POST //rest/V1/stripe/payments/get_prapi_params HTTP/1.1" 200 231 "https://www.izas-outdoor.com/new-collection/pantalon-de-monta-a-negro-hombre-invierno-baltic-m-fw.html?color=negro" "Mozilla/5.0 (iPhone; CPU iPhone OS 16_2 like Mac OS X) AppleWebKit/605.1.15 (KHTML, like Gecko) Version/16.2 Mobile/15E148 Safari/604.1"
83.60.165.163 - - [12/Feb/2023:00:02:59 +0100] "POST //rest/V1/stripe/payments/get_prapi_params HTTP/1.1" 200 220 "https://www.izas-outdoor.com/new-collection/pantalon-de-monta-a-negro-hombre-invierno-baltic-m-fw.html?color=negro" "Mozilla/5.0 (iPhone; CPU iPhone OS 16_2 like Mac OS X) AppleWebKit/605.1.15 (KHTML, like Gecko) Version/16.2 Mobile/15E148 Safari/604.1"
172.31.18.245 - - [12/Feb/2023:00:03:00 +0100] "GET /healthcheck HTTP/1.1" 200 0 "-" "ELB-HealthChecker/2.0"
172.31.18.245 - - [12/Feb/2023:00:03:00 +0100] "GET /healthcheck HTTP/1.1" 200 0 "-" "ELB-HealthChecker/2.0"
172.31.44.91 - - [12/Feb/2023:00:03:01 +0100] "GET /healthcheck HTTP/1.1" 200 0 "-" "ELB-HealthChecker/2.0"
172.31.44.91 - - [12/Feb/2023:00:03:01 +0100] "GET /healthcheck HTTP/1.1" 200 0 "-" "ELB-HealthChecker/2.0"
66.249.70.166 - - [12/Feb/2023:00:03:01 +0100] "GET /it/rp-1/visera-unisex-blanco-samper.html HTTP/1.1" 200 24289 "-" "Mozilla/5.0 (compatible; Googlebot/2.1; +http://www.google.com/bot.html)"
77.27.98.48 - - [12/Feb/2023:00:03:03 +0100] "GET /customer/section/load/?sections=cart&force_new_section_timestamp=false&_=1676156579626 HTTP/1.1" 200 618 "https://www.izas-outdoor.com/hombre/pantalones/pantalones-de-trekking.html" "Mozilla/5.0 (Windows NT 10.0; Win64; x64) AppleWebKit/537.36 (KHTML, like Gecko) Chrome/109.0.0.0 Safari/537.36"
77.27.98.48 - - [12/Feb/2023:00:03:03 +0100] "GET /customer/section/load/?sections=cart&force_new_section_timestamp=false&_=1676156579626 HTTP/1.1" 200 606 "https://www.izas-outdoor.com/hombre/pantalones/pantalones-de-trekking.html" "Mozilla/5.0 (Windows NT 10.0; Win64; x64) AppleWebKit/537.36 (KHTML, like Gecko) Chrome/109.0.0.0 Safari/537.36"
77.27.98.48 - - [12/Feb/2023:00:03:03 +0100] "GET /customer/section/load/?sections=cart&force_new_section_timestamp=false&_=1676156579625 HTTP/1.1" 200 618 "https://www.izas-outdoor.com/hombre/pantalones/pantalones-de-trekking.html" "Mozilla/5.0 (Windows NT 10.0; Win64; x64) AppleWebKit/537.36 (KHTML, like Gecko) Chrome/109.0.0.0 Safari/537.36"
77.27.98.48 - - [12/Feb/2023:00:03:03 +0100] "GET /customer/section/load/?sections=cart&force_new_section_timestamp=false&_=1676156579625 HTTP/1.1" 200 606 "https://www.izas-outdoor.com/hombre/pantalones/pantalones-de-trekking.html" "Mozilla/5.0 (Windows NT 10.0; Win64; x64) AppleWebKit/537.36 (KHTML, like Gecko) Chrome/109.0.0.0 Safari/537.36"
79.148.43.146 - - [12/Feb/2023:00:03:04 +0100] "GET /catalog/product/view/id/84646/s/sandalias-trekking-mujer-verde-azulado-ancelle/category/518/ HTTP/1.1" 200 25785 "https://www.izas-outdoor.com/rebajas-ropa-montana/mujer/zapatos.html" "Mozilla/5.0 (Macintosh; Intel Mac OS X 10_15_7) AppleWebKit/605.1.15 (KHTML, like Gecko) Version/16.2 Safari/605.1.15"
79.148.43.146 - - [12/Feb/2023:00:03:04 +0100] "GET /catalog/product/view/id/84646/s/sandalias-trekking-mujer-verde-azulado-ancelle/category/518/ HTTP/1.1" 200 26152 "https://www.izas-outdoor.com/rebajas-ropa-montana/mujer/zapatos.html" "Mozilla/5.0 (Macintosh; Intel Mac OS X 10_15_7) AppleWebKit/605.1.15 (KHTML, like Gecko) Version/16.2 Safari/605.1.15"
40.77.167.202 - - [12/Feb/2023:00:03:05 +0100] "GET /media/catalog/product/i/m/imypd00918mr_or-3.jpg HTTP/1.0" 200 246372 "-" "Mozilla/5.0 AppleWebKit/537.36 (KHTML, like Gecko; compatible; bingbot/2.0; +http://www.bing.com/bingbot.htm) Chrome/103.0.5060.134 Safari/537.36"
40.77.167.202 - - [12/Feb/2023:00:03:05 +0100] "GET /media/catalog/product/i/m/imypd00918mr_or-3.jpg HTTP/1.1" 200 224095 "-" "Mozilla/5.0 AppleWebKit/537.36 (KHTML, like Gecko; compatible; bingbot/2.0; +http://www.bing.com/bingbot.htm) Chrome/103.0.5060.134 Safari/537.36"
88.14.222.197 - - [12/Feb/2023:00:03:05 +0100] "GET /media/catalog/product/i/m/imjlw01669nb-5.jpg HTTP/1.0" 200 571432 "https://www.izas-outdoor.com/men/chaqueta-polar-de-punto-azul-oscuro-hombre-samaun-m.html" "Mozilla/5.0 (Linux; Android 8.1.0; Redmi Note 6 Pro) AppleWebKit/537.36 (KHTML, like Gecko) Chrome/105.0.0.0 Mobile Safari/537.36"
88.14.222.197 - - [12/Feb/2023:00:03:05 +0100] "GET /media/catalog/product/i/m/imjlw01669nb-5.jpg HTTP/1.1" 200 566116 "https://www.izas-outdoor.com/men/chaqueta-polar-de-punto-azul-oscuro-hombre-samaun-m.html" "Mozilla/5.0 (Linux; Android 8.1.0; Redmi Note 6 Pro) AppleWebKit/537.36 (KHTML, like Gecko) Chrome/105.0.0.0 Mobile Safari/537.36"
79.148.43.146 - - [12/Feb/2023:00:03:06 +0100] "POST //rest/V1/stripe/payments/get_prapi_params HTTP/1.1" 200 243 "https://www.izas-outdoor.com/catalog/product/view/id/84646/s/sandalias-trekking-mujer-verde-azulado-ancelle/category/518/" "Mozilla/5.0 (Macintosh; Intel Mac OS X 10_15_7) AppleWebKit/605.1.15 (KHTML, like Gecko) Version/16.2 Safari/605.1.15"
79.148.43.146 - - [12/Feb/2023:00:03:06 +0100] "POST //rest/V1/stripe/payments/get_prapi_params HTTP/1.1" 200 232 "https://www.izas-outdoor.com/catalog/product/view/id/84646/s/sandalias-trekking-mujer-verde-azulado-ancelle/category/518/" "Mozilla/5.0 (Macintosh; Intel Mac OS X 10_15_7) AppleWebKit/605.1.15 (KHTML, like Gecko) Version/16.2 Safari/605.1.15"
172.31.18.245 - - [12/Feb/2023:00:03:10 +0100] "GET /healthcheck HTTP/1.1" 200 0 "-" "ELB-HealthChecker/2.0"
172.31.18.245 - - [12/Feb/2023:00:03:10 +0100] "GET /healthcheck HTTP/1.1" 200 0 "-" "ELB-HealthChecker/2.0"
172.31.44.91 - - [12/Feb/2023:00:03:11 +0100] "GET /healthcheck HTTP/1.1" 200 0 "-" "ELB-HealthChecker/2.0"
157.55.39.79 - - [12/Feb/2023:00:03:11 +0100] "GET /media/catalog/product/cache/e3eea890e9d6464767f54ecb20b6faef/i/w/iwppa01731bk-1.jpg HTTP/1.0" 200 5523 "-" "Mozilla/5.0 AppleWebKit/537.36 (KHTML, like Gecko; compatible; bingbot/2.0; +http://www.bing.com/bingbot.htm) Chrome/103.0.5060.134 Safari/537.36"
157.55.39.79 - - [12/Feb/2023:00:03:11 +0100] "GET /media/catalog/product/cache/e3eea890e9d6464767f54ecb20b6faef/i/w/iwppa01731bk-1.jpg HTTP/1.1" 200 5240 "-" "Mozilla/5.0 AppleWebKit/537.36 (KHTML, like Gecko; compatible; bingbot/2.0; +http://www.bing.com/bingbot.htm) Chrome/103.0.5060.134 Safari/537.36"
172.31.44.91 - - [12/Feb/2023:00:03:11 +0100] "GET /healthcheck HTTP/1.1" 200 0 "-" "ELB-HealthChecker/2.0"
157.55.39.79 - - [12/Feb/2023:00:03:13 +0100] "GET /fr/men/chaqueta-de-fibra-azul-para-hombre-ampriu-m.html HTTP/1.1" 301 5 "-" "Mozilla/5.0 AppleWebKit/537.36 (KHTML, like Gecko; compatible; bingbot/2.0; +http://www.bing.com/bingbot.htm) Chrome/103.0.5060.134 Safari/537.36"
