212.102.54.136 - - [12/Feb/2023:00:05:47 +0100] "GET /en/customer/account/ HTTP/1.1" 302 20 "https://www.izas-outdoor.com/en/customer/account/" "Mozilla/5.0 (Windows NT 10.0; WOW64) AppleWebKit/537.36 (KHTML, like Gecko) Chrome/90.0.4430.72 Safari/537.36"
212.102.54.136 - - [12/Feb/2023:00:05:47 +0100] "GET /en/customer/account/login/referer/aHR0cHM6Ly93d3cuaXphcy1vdXRkb29yLmNvbS9lbi9jdXN0b21lci9hY2NvdW50L2luZGV4Lw%2C%2C/ HTTP/1.1" 200 21206 "https://www.izas-outdoor.com/en/customer/account/login/referer/aHR0cHM6Ly93d3cuaXphcy1vdXRkb29yLmNvbS9lbi9jdXN0b21lci9hY2NvdW50L2luZGV4Lw%2C%2C/" "Mozilla/5.0 (Windows NT 10.0; WOW64) AppleWebKit/537.36 (KHTML, like Gecko) Chrome/90.0.4430.72 Safari/537.36"
212.102.54.136 - - [12/Feb/2023:00:05:47 +0100] "GET /en/customer/account/login/referer/aHR0cHM6Ly93d3cuaXphcy1vdXRkb29yLmNvbS9lbi9jdXN0b21lci9hY2NvdW50L2luZGV4Lw%2C%2C/ HTTP/1.1" 200 21587 "https://www.izas-outdoor.com/en/customer/account/login/referer/aHR0cHM6Ly93d3cuaXphcy1vdXRkb29yLmNvbS9lbi9jdXN0b21lci9hY2NvdW50L2luZGV4Lw%2C%2C/" "Mozilla/5.0 (Windows NT 10.0; WOW64) AppleWebKit/537.36 (KHTML, like Gecko) Chrome/90.0.4430.72 Safari/537.36"
186.78.188.116 - - [12/Feb/2023:00:05:47 +0100] "GET /media/contentmanager/content/ HTTP/1.1" 403 177 "https://ch.izas-outdoor.com/?gclid=EAIaIQobChMI18DEjcqO_QIVk_v9BR3H-AOhEAEYASAAEgJk-vD_BwE" "Mozilla/5.0 (Linux; Android 11; 220233L2G) AppleWebKit/537.36 (KHTML, like Gecko) Chrome/110.0.0.0 Mobile Safari/537.36"
79.148.43.146 - - [12/Feb/2023:00:05:48 +0100] "POST /rest/es/V1/carts/mine/estimate-shipping-methods HTTP/1.1" 200 184 "https://www.izas-outdoor.com/checkout/" "Mozilla/5.0 (Macintosh; Intel Mac OS X 10_15_7) AppleWebKit/605.1.15 (KHTML, like Gecko) Version/16.2 Safari/605.1.15"
79.148.43.146 - - [12/Feb/2023:00:05:48 +0100] "POST /rest/es/V1/carts/mine/estimate-shipping-methods HTTP/1.1" 200 184 "https://www.izas-outdoor.com/checkout/" "Mozilla/5.0 (Macintosh; Intel Mac OS X 10_15_7) AppleWebKit/605.1.15 (KHTML, like Gecko) Version/16.2 Safari/605.1.15"
167.250.55.180 - - [12/Feb/2023:00:05:49 +0100] "GET /customer/section/load/?sections=cart&force_new_section_timestamp=false&_=1676156738862 HTTP/1.1" 200 286 "https://ch.izas-outdoor.com/?gclid=EAIaIQobChMI0dP34-GJ_QIVE42VAh0ttw_aEAEYASAAEgIS6fD_BwE" "Mozilla/5.0 (Linux; Android 9; SAMSUNG SM-J701M) AppleWebKit/537.36 (KHTML, like Gecko) SamsungBrowser/18.0 Chrome/99.0.4844.88 Mobile Safari/537.36"
66.249.70.165 - - [12/Feb/2023:00:05:49 +0100] "GET /fr/rp-1/toalla-microfibra-unisex-amarillo-brema-l.html HTTP/1.1" 200 24798 "-" "Mozilla/5.0 (Linux; Android 6.0.1; Nexus 5X Build/MMB29P) AppleWebKit/537.36 (KHTML, like Gecko) Chrome/109.0.5414.101 Mobile Safari/537.36 (compatible; Googlebot/2.1; +http://www.google.com/bot.html)"
201.214.219.70 - - [12/Feb/2023:00:05:50 +0100] "GET /?gclid=EAIaIQobChMI16u1qsqO_QIV-ruVAh2DNw-REAEYASAAEgJRY_D_BwE HTTP/1.1" 200 21507 "-" "Mozilla/5.0 (Linux; Android 12; moto g(50) 5G) AppleWebKit/537.36 (KHTML, like Gecko) Chrome/110.0.0.0 Mobile Safari/537.36"
212.102.54.136 - - [12/Feb/2023:00:05:50 +0100] "POST /en/customer/account/createpost/ HTTP/1.1" 302 5 "https://www.izas-outdoor.com/en/customer/account/login/referer/aHR0cHM6Ly93d3cuaXphcy1vdXRkb29yLmNvbS9lbi9jdXN0b21lci9hY2NvdW50L2luZGV4Lw%2C%2C/" "Mozilla/5.0 (Windows NT 10.0; WOW64) AppleWebKit/537.36 (KHTML, like Gecko) Chrome/90.0.4430.72 Safari/537.36"
212.102.54.136 - - [12/Feb/2023:00:05:50 +0100] "POST /en/customer/account/createpost/ HTTP/1.1" 302 20 "https://www.izas-outdoor.com/en/customer/account/login/referer/aHR0cHM6Ly93d3cuaXphcy1vdXRkb29yLmNvbS9lbi9jdXN0b21lci9hY2NvdW50L2luZGV4Lw%2C%2C/" "Mozilla/5.0 (Windows NT 10.0; WOW64) AppleWebKit/537.36 (KHTML, like Gecko) Chrome/90.0.4430.72 Safari/537.36"
167.250.55.180 - - [12/Feb/2023:00:05:50 +0100] "GET /customer/section/load/?sections=cart&force_new_section_timestamp=false&_=1676156738863 HTTP/1.1" 200 285 "https://ch.izas-outdoor.com/?gclid=EAIaIQobChMI0dP34-GJ_QIVE42VAh0ttw_aEAEYASAAEgIS6fD_BwE" "Mozilla/5.0 (Linux; Android 9; SAMSUNG SM-J701M) AppleWebKit/537.36 (KHTML, like Gecko) SamsungBrowser/18.0 Chrome/99.0.4844.88 Mobile Safari/537.36"
172.31.18.245 - - [12/Feb/2023:00:05:50 +0100] "GET /healthcheck HTTP/1.1" 200 0 "-" "ELB-HealthChecker/2.0"
212.102.54.136 - - [12/Feb/2023:00:05:50 +0100] "GET /en/customer/account/ HTTP/1.1" 200 18050 "https://www.izas-outdoor.com/en/customer/account/" "Mozilla/5.0 (Windows NT 10.0; WOW64) AppleWebKit/537.36 (KHTML, like Gecko) Chrome/90.0.4430.72 Safari/537.36"
212.102.54.136 - - [12/Feb/2023:00:05:50 +0100] "GET /en/customer/account/ HTTP/1.1" 200 18386 "https://www.izas-outdoor.com/en/customer/account/" "Mozilla/5.0 (Windows NT 10.0; WOW64) AppleWebKit/537.36 (KHTML, like Gecko) Chrome/90.0.4430.72 Safari/537.36"
172.31.18.245 - - [12/Feb/2023:00:05:51 +0100] "GET /healthcheck HTTP/1.1" 200 0 "-" "ELB-HealthChecker/2.0"
201.214.219.70 - - [12/Feb/2023:00:05:51 +0100] "GET /media/contentmanager/content/ HTTP/1.1" 403 177 "https://ch.izas-outdoor.com/?gclid=EAIaIQobChMI16u1qsqO_QIV-ruVAh2DNw-REAEYASAAEgJRY_D_BwE" "Mozilla/5.0 (Linux; Android 12; moto g(50) 5G) AppleWebKit/537.36 (KHTML, like Gecko) Chrome/110.0.0.0 Mobile Safari/537.36"
66.249.70.165 - - [12/Feb/2023:00:05:51 +0100] "GET /en/women-39-s-blue-and-yellow-stretch-polar-vest-somka-vest.html HTTP/1.1" 200 24672 "-" "Mozilla/5.0 (Linux; Android 6.0.1; Nexus 5X Build/MMB29P) AppleWebKit/537.36 (KHTML, like Gecko) Chrome/109.0.5414.101 Mobile Safari/537.36 (compatible; Googlebot/2.1; +http://www.google.com/bot.html)"
172.31.44.91 - - [12/Feb/2023:00:05:51 +0100] "GET /healthcheck HTTP/1.1" 200 0 "-" "ELB-HealthChecker/2.0"
212.102.54.136 - - [12/Feb/2023:00:05:51 +0100] "GET /en/customer/account/ HTTP/1.1" 200 18050 "https://www.izas-outdoor.com/" "Mozilla/5.0 (Windows NT 10.0; WOW64) AppleWebKit/537.36 (KHTML, like Gecko) Chrome/90.0.4430.72 Safari/537.36"
212.102.54.136 - - [12/Feb/2023:00:05:51 +0100] "GET /en/customer/account/ HTTP/1.1" 200 18386 "https://www.izas-outdoor.com/" "Mozilla/5.0 (Windows NT 10.0; WOW64) AppleWebKit/537.36 (KHTML, like Gecko) Chrome/90.0.4430.72 Safari/537.36"
201.214.219.70 - - [12/Feb/2023:00:05:51 +0100] "GET /media/contentmanager/content/ HTTP/1.1" 403 177 "https://ch.izas-outdoor.com/?gclid=EAIaIQobChMI16u1qsqO_QIV-ruVAh2DNw-REAEYASAAEgJRY_D_BwE" "Mozilla/5.0 (Linux; Android 12; moto g(50) 5G) AppleWebKit/537.36 (KHTML, like Gecko) Chrome/110.0.0.0 Mobile Safari/537.36"
172.31.44.91 - - [12/Feb/2023:00:05:51 +0100] "GET /healthcheck HTTP/1.1" 200 0 "-" "ELB-HealthChecker/2.0"
66.249.70.165 - - [12/Feb/2023:00:05:52 +0100] "GET /it/giacca-in-pile-a-maglia-rossa-e-nera-da-uomo-noya-m.html HTTP/1.1" 200 25122 "-" "Mozilla/5.0 (Linux; Android 6.0.1; Nexus 5X Build/MMB29P) AppleWebKit/537.36 (KHTML, like Gecko) Chrome/109.0.5414.101 Mobile Safari/537.36 (compatible; Googlebot/2.1; +http://www.google.com/bot.html)"
172.31.18.245 - - [12/Feb/2023:00:06:00 +0100] "GET /healthcheck HTTP/1.1" 200 0 "-" "ELB-HealthChecker/2.0"
172.31.18.245 - - [12/Feb/2023:00:06:01 +0100] "GET /healthcheck HTTP/1.1" 200 0 "-" "ELB-HealthChecker/2.0"
172.31.44.91 - - [12/Feb/2023:00:06:01 +0100] "GET /healthcheck HTTP/1.1" 200 0 "-" "ELB-HealthChecker/2.0"
172.31.44.91 - - [12/Feb/2023:00:06:01 +0100] "GET /healthcheck HTTP/1.1" 200 0 "-" "ELB-HealthChecker/2.0"
77.228.76.37 - - [12/Feb/2023:00:06:02 +0100] "GET /checkout/onepage/success/ HTTP/1.1" 200 18495 "https://www.izas-outdoor.com/checkout/" "Mozilla/5.0 (iPhone; CPU iPhone OS 16_1 like Mac OS X) AppleWebKit/605.1.15 (KHTML, like Gecko) CriOS/110.0.5481.83 Mobile/15E148 Safari/604.1"
77.228.76.37 - - [12/Feb/2023:00:06:02 +0100] "GET /checkout/onepage/success/ HTTP/1.1" 200 18795 "https://www.izas-outdoor.com/checkout/" "Mozilla/5.0 (iPhone; CPU iPhone OS 16_1 like Mac OS X) AppleWebKit/605.1.15 (KHTML, like Gecko) CriOS/110.0.5481.83 Mobile/15E148 Safari/604.1"
186.172.159.172 - - [12/Feb/2023:00:06:04 +0100] "GET /?gclid=EAIaIQobChMIuqHXs8qO_QIVScD9BR3IAgkjEAEYASAAEgKV3_D_BwE HTTP/1.1" 200 21507 "-" "Mozilla/5.0 (Linux; Android 11; M2103K19G) AppleWebKit/537.36 (KHTML, like Gecko) Chrome/90.0.4430.210 Mobile Safari/537.36"
77.228.76.37 - - [12/Feb/2023:00:06:05 +0100] "GET /customer/section/load/?sections=cart&force_new_section_timestamp=false&_=1676156763741 HTTP/1.1" 200 616 "https://www.izas-outdoor.com/checkout/onepage/success/" "Mozilla/5.0 (iPhone; CPU iPhone OS 16_1 like Mac OS X) AppleWebKit/605.1.15 (KHTML, like Gecko) CriOS/110.0.5481.83 Mobile/15E148 Safari/604.1"
77.228.76.37 - - [12/Feb/2023:00:06:05 +0100] "GET /customer/section/load/?sections=cart&force_new_section_timestamp=false&_=1676156763741 HTTP/1.1" 200 604 "https://www.izas-outdoor.com/checkout/onepage/success/" "Mozilla/5.0 (iPhone; CPU iPhone OS 16_1 like Mac OS X) AppleWebKit/605.1.15 (KHTML, like Gecko) CriOS/110.0.5481.83 Mobile/15E148 Safari/604.1"
178.139.230.235 - - [12/Feb/2023:00:06:08 +0100] "GET /customer/section/load/?sections=cart&force_new_section_timestamp=false&_=1676156758925 HTTP/1.1" 200 616 "https://www.izas-outdoor.com/rp-1/chaqueta-de-fibra-amarilla-hombre-sindu-m.html?gclid=CjwKCAiAmuKbBhA2EiwAxQnt78qArZvN8s-nYgRqrA-J_fyogHCv-kcPJ4uQ2lcviC1KDSHx1AjaxRoCH4YQAvD_BwE" "Mozilla/5.0 (Linux; Android 12; CPH2211) AppleWebKit/537.36 (KHTML, like Gecko) Chrome/109.0.0.0 Mobile Safari/537.36"
178.139.230.235 - - [12/Feb/2023:00:06:08 +0100] "GET /customer/section/load/?sections=cart&force_new_section_timestamp=false&_=1676156758925 HTTP/1.1" 200 604 "https://www.izas-outdoor.com/rp-1/chaqueta-de-fibra-amarilla-hombre-sindu-m.html?gclid=CjwKCAiAmuKbBhA2EiwAxQnt78qArZvN8s-nYgRqrA-J_fyogHCv-kcPJ4uQ2lcviC1KDSHx1AjaxRoCH4YQAvD_BwE" "Mozilla/5.0 (Linux; Android 12; CPH2211) AppleWebKit/537.36 (KHTML, like Gecko) Chrome/109.0.0.0 Mobile Safari/537.36"
66.249.70.165 - - [12/Feb/2023:00:06:10 +0100] "GET /media/catalog/product/p/a/pantalones-mujer-es_68.png HTTP/1.0" 404 619 "-" "Googlebot-Image/1.0"
66.249.70.165 - - [12/Feb/2023:00:06:10 +0100] "GET /media/catalog/product/p/a/pantalones-mujer-es_68.png HTTP/1.1" 404 354 "-" "Googlebot-Image/1.0"
172.31.18.245 - - [12/Feb/2023:00:06:10 +0100] "GET /healthcheck HTTP/1.1" 200 0 "-" "ELB-HealthChecker/2.0"
172.31.18.245 - - [12/Feb/2023:00:06:11 +0100] "GET /healthcheck HTTP/1.1" 200 0 "-" "ELB-HealthChecker/2.0"
172.31.44.91 - - [12/Feb/2023:00:06:11 +0100] "GET /healthcheck HTTP/1.1" 200 0 "-" "ELB-HealthChecker/2.0"
172.31.44.91 - - [12/Feb/2023:00:06:11 +0100] "GET /healthcheck HTTP/1.1" 200 0 "-" "ELB-HealthChecker/2.0"
103.233.254.136 - - [12/Feb/2023:00:06:18 +0100] "GET /it/customer/account/create/ HTTP/1.1" 403 177 "-" "Mozilla/5.0 (Windows NT 10.0; Win64; x64) AppleWebKit/537.36 (KHTML, like Gecko) Chrome/78.0.3904.108 Safari/537.36"
103.233.254.136 - - [12/Feb/2023:00:06:18 +0100] "POST /it/customer/account/createpost/ HTTP/1.1" 403 177 "https://it.izas-outdoor.com/customer/account/create/" "Mozilla/5.0 (Windows NT 6.3; Win64; x64) AppleWebKit/537.36 (KHTML, like Gecko) Chrome/66.0.3359.181 Safari/537.36"
172.31.18.245 - - [12/Feb/2023:00:06:20 +0100] "GET /healthcheck HTTP/1.1" 200 0 "-" "ELB-HealthChecker/2.0"
172.31.18.245 - - [12/Feb/2023:00:06:21 +0100] "GET /healthcheck HTTP/1.1" 200 0 "-" "ELB-HealthChecker/2.0"
172.31.44.91 - - [12/Feb/2023:00:06:21 +0100] "GET /healthcheck HTTP/1.1" 200 0 "-" "ELB-HealthChecker/2.0"
172.31.44.91 - - [12/Feb/2023:00:06:21 +0100] "GET /healthcheck HTTP/1.1" 200 0 "-" "ELB-HealthChecker/2.0"
46.6.164.75 - - [12/Feb/2023:00:06:21 +0100] "GET /nueva-coleccion/hombre/accesorios.html?p=2&_=1676156759970 HTTP/1.1" 200 23154 "https://www.izas-outdoor.com/nueva-coleccion/hombre/accesorios.html" "Mozilla/5.0 (Linux; Android 10; moto g(7) power) AppleWebKit/537.36 (KHTML, like Gecko) Chrome/109.0.0.0 Mobile Safari/537.36"
212.102.54.136 - - [12/Feb/2023:00:06:23 +0100] "GET / HTTP/1.1" 200 21831 "https://www.izas-outdoor.com/" "Mozilla/5.0 (Windows NT 6.1; Win64; x64) AppleWebKit/537.36 (KHTML, like Gecko) Chrome/90.0.4430.72 Safari/537.36"
212.102.54.136 - - [12/Feb/2023:00:06:23 +0100] "GET /en/customer/account/ HTTP/1.1" 302 5 "https://www.izas-outdoor.com/en/customer/account/" "Mozilla/5.0 (Windows NT 6.1; Win64; x64) AppleWebKit/537.36 (KHTML, like Gecko) Chrome/90.0.4430.72 Safari/537.36"
212.102.54.136 - - [12/Feb/2023:00:06:23 +0100] "GET /en/customer/account/ HTTP/1.1" 302 20 "https://www.izas-outdoor.com/en/customer/account/" "Mozilla/5.0 (Windows NT 6.1; Win64; x64) AppleWebKit/537.36 (KHTML, like Gecko) Chrome/90.0.4430.72 Safari/537.36"
212.102.54.136 - - [12/Feb/2023:00:06:24 +0100] "GET /en/customer/account/login/referer/aHR0cHM6Ly93d3cuaXphcy1vdXRkb29yLmNvbS9lbi9jdXN0b21lci9hY2NvdW50L2luZGV4Lw%2C%2C/ HTTP/1.1" 200 21206 "https://www.izas-outdoor.com/en/customer/account/login/referer/aHR0cHM6Ly93d3cuaXphcy1vdXRkb29yLmNvbS9lbi9jdXN0b21lci9hY2NvdW50L2luZGV4Lw%2C%2C/" "Mozilla/5.0 (Windows NT 6.1; Win64; x64) AppleWebKit/537.36 (KHTML, like Gecko) Chrome/90.0.4430.72 Safari/537.36"
212.102.54.136 - - [12/Feb/2023:00:06:24 +0100] "GET /en/customer/account/login/referer/aHR0cHM6Ly93d3cuaXphcy1vdXRkb29yLmNvbS9lbi9jdXN0b21lci9hY2NvdW50L2luZGV4Lw%2C%2C/ HTTP/1.1" 200 21586 "https://www.izas-outdoor.com/en/customer/account/login/referer/aHR0cHM6Ly93d3cuaXphcy1vdXRkb29yLmNvbS9lbi9jdXN0b21lci9hY2NvdW50L2luZGV4Lw%2C%2C/" "Mozilla/5.0 (Windows NT 6.1; Win64; x64) AppleWebKit/537.36 (KHTML, like Gecko) Chrome/90.0.4430.72 Safari/537.36"
212.102.54.136 - - [12/Feb/2023:00:06:26 +0100] "POST /en/customer/account/createpost/ HTTP/1.1" 302 5 "https://www.izas-outdoor.com/en/customer/account/login/referer/aHR0cHM6Ly93d3cuaXphcy1vdXRkb29yLmNvbS9lbi9jdXN0b21lci9hY2NvdW50L2luZGV4Lw%2C%2C/" "Mozilla/5.0 (Windows NT 6.1; Win64; x64) AppleWebKit/537.36 (KHTML, like Gecko) Chrome/90.0.4430.72 Safari/537.36"
212.102.54.136 - - [12/Feb/2023:00:06:26 +0100] "POST /en/customer/account/createpost/ HTTP/1.1" 302 20 "https://www.izas-outdoor.com/en/customer/account/login/referer/aHR0cHM6Ly93d3cuaXphcy1vdXRkb29yLmNvbS9lbi9jdXN0b21lci9hY2NvdW50L2luZGV4Lw%2C%2C/" "Mozilla/5.0 (Windows NT 6.1; Win64; x64) AppleWebKit/537.36 (KHTML, like Gecko) Chrome/90.0.4430.72 Safari/537.36"
212.102.54.136 - - [12/Feb/2023:00:06:27 +0100] "GET /en/customer/account/ HTTP/1.1" 200 18086 "https://www.izas-outdoor.com/en/customer/account/" "Mozilla/5.0 (Windows NT 6.1; Win64; x64) AppleWebKit/537.36 (KHTML, like Gecko) Chrome/90.0.4430.72 Safari/537.36"
212.102.54.136 - - [12/Feb/2023:00:06:27 +0100] "GET /en/customer/account/ HTTP/1.1" 200 18422 "https://www.izas-outdoor.com/en/customer/account/" "Mozilla/5.0 (Windows NT 6.1; Win64; x64) AppleWebKit/537.36 (KHTML, like Gecko) Chrome/90.0.4430.72 Safari/537.36"
212.102.54.136 - - [12/Feb/2023:00:06:27 +0100] "GET /en/customer/account/ HTTP/1.1" 200 18086 "https://www.izas-outdoor.com/" "Mozilla/5.0 (Windows NT 6.1; Win64; x64) AppleWebKit/537.36 (KHTML, like Gecko) Chrome/90.0.4430.72 Safari/537.36"
212.102.54.136 - - [12/Feb/2023:00:06:27 +0100] "GET /en/customer/account/ HTTP/1.1" 200 18422 "https://www.izas-outdoor.com/" "Mozilla/5.0 (Windows NT 6.1; Win64; x64) AppleWebKit/537.36 (KHTML, like Gecko) Chrome/90.0.4430.72 Safari/537.36"
181.203.135.66 - - [12/Feb/2023:00:06:28 +0100] "GET /?gclid=EAIaIQobChMI-d2I6cmO_QIVs-X9BR1HWwj0EAEYASAAEgIOxPD_BwE HTTP/1.1" 200 21507 "-" "Mozilla/5.0 (Linux; Android 11; moto g51 5G) AppleWebKit/537.36 (KHTML, like Gecko) Chrome/108.0.0.0 Mobile Safari/537.36"
95.127.1.119 - - [12/Feb/2023:00:06:28 +0100] "GET /?fbclid=IwAR3eV69my-IUhxGcSUIWpIqnNGWXAdUQ8opa8yv4AHVLhRtFHk8i0mXhggU_aem_AfJqzx4MOUn0EvUaVypsiw42BwhbHiIFcWDx1j77-VIP2tnjD-2YeU3Ss-suKB4WgRXnmEuUzQMUiTpuUSlyv_GxkfqzLJa0-Zg_0iMwW8zjRI_5-5VxuyyQ-ndRiHA5b-M HTTP/1.1" 200 22579 "-" "Mozilla/5.0 (iPhone; CPU iPhone OS 15_3_1 like Mac OS X) AppleWebKit/605.1.15 (KHTML, like Gecko) Version/15.3 Mobile/15E148 Safari/604.1"
172.31.18.245 - - [12/Feb/2023:00:06:30 +0100] "GET /healthcheck HTTP/1.1" 200 0 "-" "ELB-HealthChecker/2.0"
181.203.135.66 - - [12/Feb/2023:00:06:30 +0100] "GET /media/contentmanager/content/ HTTP/1.1" 403 177 "https://ch.izas-outdoor.com/?gclid=EAIaIQobChMI-d2I6cmO_QIVs-X9BR1HWwj0EAEYASAAEgIOxPD_BwE" "Mozilla/5.0 (Linux; Android 11; moto g51 5G) AppleWebKit/537.36 (KHTML, like Gecko) Chrome/108.0.0.0 Mobile Safari/537.36"
172.31.18.245 - - [12/Feb/2023:00:06:31 +0100] "GET /healthcheck HTTP/1.1" 200 0 "-" "ELB-HealthChecker/2.0"
172.31.44.91 - - [12/Feb/2023:00:06:31 +0100] "GET /healthcheck HTTP/1.1" 200 0 "-" "ELB-HealthChecker/2.0"
172.31.44.91 - - [12/Feb/2023:00:06:31 +0100] "GET /healthcheck HTTP/1.1" 200 0 "-" "ELB-HealthChecker/2.0"
95.127.1.119 - - [12/Feb/2023:00:06:31 +0100] "GET /customer/section/load/?sections=cart&force_new_section_timestamp=false&_=1676156790396 HTTP/1.1" 200 617 "https://www.izas-outdoor.com/?fbclid=IwAR3eV69my-IUhxGcSUIWpIqnNGWXAdUQ8opa8yv4AHVLhRtFHk8i0mXhggU_aem_AfJqzx4MOUn0EvUaVypsiw42BwhbHiIFcWDx1j77-VIP2tnjD-2YeU3Ss-suKB4WgRXnmEuUzQMUiTpuUSlyv_GxkfqzLJa0-Zg_0iMwW8zjRI_5-5VxuyyQ-ndRiHA5b-M" "Mozilla/5.0 (iPhone; CPU iPhone OS 15_3_1 like Mac OS X) AppleWebKit/605.1.15 (KHTML, like Gecko) Version/15.3 Mobile/15E148 Safari/604.1"
95.127.1.119 - - [12/Feb/2023:00:06:31 +0100] "GET /customer/section/load/?sections=cart&force_new_section_timestamp=false&_=1676156790396 HTTP/1.1" 200 605 "https://www.izas-outdoor.com/?fbclid=IwAR3eV69my-IUhxGcSUIWpIqnNGWXAdUQ8opa8yv4AHVLhRtFHk8i0mXhggU_aem_AfJqzx4MOUn0EvUaVypsiw42BwhbHiIFcWDx1j77-VIP2tnjD-2YeU3Ss-suKB4WgRXnmEuUzQMUiTpuUSlyv_GxkfqzLJa0-Zg_0iMwW8zjRI_5-5VxuyyQ-ndRiHA5b-M" "Mozilla/5.0 (iPhone; CPU iPhone OS 15_3_1 like Mac OS X) AppleWebKit/605.1.15 (KHTML, like Gecko) Version/15.3 Mobile/15E148 Safari/604.1"
95.127.1.119 - - [12/Feb/2023:00:06:32 +0100] "GET /customer/section/load/?sections=cart&force_new_section_timestamp=false&_=1676156790395 HTTP/1.1" 200 617 "https://www.izas-outdoor.com/?fbclid=IwAR3eV69my-IUhxGcSUIWpIqnNGWXAdUQ8opa8yv4AHVLhRtFHk8i0mXhggU_aem_AfJqzx4MOUn0EvUaVypsiw42BwhbHiIFcWDx1j77-VIP2tnjD-2YeU3Ss-suKB4WgRXnmEuUzQMUiTpuUSlyv_GxkfqzLJa0-Zg_0iMwW8zjRI_5-5VxuyyQ-ndRiHA5b-M" "Mozilla/5.0 (iPhone; CPU iPhone OS 15_3_1 like Mac OS X) AppleWebKit/605.1.15 (KHTML, like Gecko) Version/15.3 Mobile/15E148 Safari/604.1"
95.127.1.119 - - [12/Feb/2023:00:06:32 +0100] "GET /customer/section/load/?sections=cart&force_new_section_timestamp=false&_=1676156790395 HTTP/1.1" 200 617 "https://www.izas-outdoor.com/?fbclid=IwAR3eV69my-IUhxGcSUIWpIqnNGWXAdUQ8opa8yv4AHVLhRtFHk8i0mXhggU_aem_AfJqzx4MOUn0EvUaVypsiw42BwhbHiIFcWDx1j77-VIP2tnjD-2YeU3Ss-suKB4WgRXnmEuUzQMUiTpuUSlyv_GxkfqzLJa0-Zg_0iMwW8zjRI_5-5VxuyyQ-ndRiHA5b-M" "Mozilla/5.0 (iPhone; CPU iPhone OS 15_3_1 like Mac OS X) AppleWebKit/605.1.15 (KHTML, like Gecko) Version/15.3 Mobile/15E148 Safari/604.1"
79.159.233.69 - - [12/Feb/2023:00:06:32 +0100] "GET /es/ HTTP/1.1" 200 22580 "https://www.google.com/" "Mozilla/5.0 (Linux; Android 11; M2007J20CG) AppleWebKit/537.36 (KHTML, like Gecko) Chrome/107.0.0.0 Mobile Safari/537.36"
181.203.135.66 - - [12/Feb/2023:00:06:33 +0100] "GET /customer/section/load/?sections=cart&force_new_section_timestamp=false&_=1676156789877 HTTP/1.1" 200 285 "https://ch.izas-outdoor.com/?gclid=EAIaIQobChMI-d2I6cmO_QIVs-X9BR1HWwj0EAEYASAAEgIOxPD_BwE" "Mozilla/5.0 (Linux; Android 11; moto g51 5G) AppleWebKit/537.36 (KHTML, like Gecko) Chrome/108.0.0.0 Mobile Safari/537.36"
181.203.135.66 - - [12/Feb/2023:00:06:33 +0100] "GET /customer/section/load/?sections=cart&force_new_section_timestamp=false&_=1676156789878 HTTP/1.1" 200 285 "https://ch.izas-outdoor.com/?gclid=EAIaIQobChMI-d2I6cmO_QIVs-X9BR1HWwj0EAEYASAAEgIOxPD_BwE" "Mozilla/5.0 (Linux; Android 11; moto g51 5G) AppleWebKit/537.36 (KHTML, like Gecko) Chrome/108.0.0.0 Mobile Safari/537.36"
114.119.145.100 - - [12/Feb/2023:00:06:35 +0100] "GET /rp-1/camiseta-manga-larga-amarillo-y-azul-hombre-taku-m.html HTTP/1.1" 403 117 "-" "Mozilla/5.0 (Linux; Android 7.0;) AppleWebKit/537.36 (KHTML, like Gecko) Mobile Safari/537.36 (compatible; PetalBot;+https://webmaster.petalsearch.com/site/petalbot)"
79.159.233.69 - - [12/Feb/2023:00:06:35 +0100] "GET /customer/section/load/?sections=cart&force_new_section_timestamp=false&_=1676156791910 HTTP/1.1" 200 617 "https://www.izas-outdoor.com/es/" "Mozilla/5.0 (Linux; Android 11; M2007J20CG) AppleWebKit/537.36 (KHTML, like Gecko) Chrome/107.0.0.0 Mobile Safari/537.36"
79.159.233.69 - - [12/Feb/2023:00:06:35 +0100] "GET /customer/section/load/?sections=cart&force_new_section_timestamp=false&_=1676156791909 HTTP/1.1" 200 617 "https://www.izas-outdoor.com/es/" "Mozilla/5.0 (Linux; Android 11; M2007J20CG) AppleWebKit/537.36 (KHTML, like Gecko) Chrome/107.0.0.0 Mobile Safari/537.36"
79.159.233.69 - - [12/Feb/2023:00:06:35 +0100] "GET /customer/section/load/?sections=cart&force_new_section_timestamp=false&_=1676156791910 HTTP/1.1" 200 605 "https://www.izas-outdoor.com/es/" "Mozilla/5.0 (Linux; Android 11; M2007J20CG) AppleWebKit/537.36 (KHTML, like Gecko) Chrome/107.0.0.0 Mobile Safari/537.36"
79.159.233.69 - - [12/Feb/2023:00:06:35 +0100] "GET /customer/section/load/?sections=cart&force_new_section_timestamp=false&_=1676156791909 HTTP/1.1" 200 605 "https://www.izas-outdoor.com/es/" "Mozilla/5.0 (Linux; Android 11; M2007J20CG) AppleWebKit/537.36 (KHTML, like Gecko) Chrome/107.0.0.0 Mobile Safari/537.36"
172.31.18.245 - - [12/Feb/2023:00:06:40 +0100] "GET /healthcheck HTTP/1.1" 200 0 "-" "ELB-HealthChecker/2.0"
172.31.18.245 - - [12/Feb/2023:00:06:41 +0100] "GET /healthcheck HTTP/1.1" 200 0 "-" "ELB-HealthChecker/2.0"
172.31.44.91 - - [12/Feb/2023:00:06:41 +0100] "GET /healthcheck HTTP/1.1" 200 0 "-" "ELB-HealthChecker/2.0"
172.31.44.91 - - [12/Feb/2023:00:06:41 +0100] "GET /healthcheck HTTP/1.1" 200 0 "-" "ELB-HealthChecker/2.0"
95.127.1.119 - - [12/Feb/2023:00:06:43 +0100] "GET /customer/section/load/?sections=cart&force_new_section_timestamp=false&_=1676156802910 HTTP/1.1" 200 618 "https://www.izas-outdoor.com/hombre.html" "Mozilla/5.0 (iPhone; CPU iPhone OS 15_3_1 like Mac OS X) AppleWebKit/605.1.15 (KHTML, like Gecko) Version/15.3 Mobile/15E148 Safari/604.1"
95.127.1.119 - - [12/Feb/2023:00:06:43 +0100] "GET /customer/section/load/?sections=cart&force_new_section_timestamp=false&_=1676156802910 HTTP/1.1" 200 618 "https://www.izas-outdoor.com/hombre.html" "Mozilla/5.0 (iPhone; CPU iPhone OS 15_3_1 like Mac OS X) AppleWebKit/605.1.15 (KHTML, like Gecko) Version/15.3 Mobile/15E148 Safari/604.1"
95.127.1.119 - - [12/Feb/2023:00:06:49 +0100] "GET /hombre.html?p=2&_=1676156802911 HTTP/1.1" 200 26890 "https://www.izas-outdoor.com/hombre.html" "Mozilla/5.0 (iPhone; CPU iPhone OS 15_3_1 like Mac OS X) AppleWebKit/605.1.15 (KHTML, like Gecko) Version/15.3 Mobile/15E148 Safari/604.1"
54.236.1.13 - - [12/Feb/2023:00:06:49 +0100] "GET /chaqueta-polar-stretch-gris-y-naranja-hombre-kanjut.html?color=gris HTTP/1.1" 200 25587 "-" "Mozilla/5.0 (compatible; Pinterestbot/1.0; +http://www.pinterest.com/bot.html)"
172.31.18.245 - - [12/Feb/2023:00:06:50 +0100] "GET /healthcheck HTTP/1.1" 200 0 "-" "ELB-HealthChecker/2.0"
172.31.18.245 - - [12/Feb/2023:00:06:51 +0100] "GET /healthcheck HTTP/1.1" 200 0 "-" "ELB-HealthChecker/2.0"
172.31.44.91 - - [12/Feb/2023:00:06:51 +0100] "GET /healthcheck HTTP/1.1" 200 0 "-" "ELB-HealthChecker/2.0"
172.31.44.91 - - [12/Feb/2023:00:06:51 +0100] "GET /healthcheck HTTP/1.1" 200 0 "-" "ELB-HealthChecker/2.0"
84.78.253.13 - - [12/Feb/2023:00:06:55 +0100] "GET / HTTP/1.1" 200 22579 "https://www.google.com/" "Mozilla/5.0 (Linux; Android 11; CPH2021) AppleWebKit/537.36 (KHTML, like Gecko) Chrome/109.0.0.0 Mobile Safari/537.36"
66.249.70.175 - - [12/Feb/2023:00:07:00 +0100] "GET /media/catalog/product/i/m/imppa00386dg_bk-2.jpg HTTP/1.0" 200 547154 "-" "Googlebot-Image/1.0"
66.249.70.175 - - [12/Feb/2023:00:07:00 +0100] "GET /media/catalog/product/i/m/imppa00386dg_bk-2.jpg HTTP/1.1" 200 375048 "-" "Googlebot-Image/1.0"
172.31.18.245 - - [12/Feb/2023:00:07:00 +0100] "GET /healthcheck HTTP/1.1" 200 0 "-" "ELB-HealthChecker/2.0"
172.31.18.245 - - [12/Feb/2023:00:07:01 +0100] "GET /healthcheck HTTP/1.1" 200 0 "-" "ELB-HealthChecker/2.0"
186.107.153.215 - - [12/Feb/2023:00:07:01 +0100] "GET /?gclid=CjwKCAiAlp2fBhBPEiwA2Q10D8FzL4QzW2eQK2ysJeMMEsX8MBllNj0HVGy5kif8xChGU0ZGFBdn4RoCqMwQAvD_BwE HTTP/1.1" 200 21507 "-" "Mozilla/5.0 (Linux; Android 11; moto e20) AppleWebKit/537.36 (KHTML, like Gecko) Chrome/109.0.0.0 Mobile Safari/537.36"
172.31.44.91 - - [12/Feb/2023:00:07:01 +0100] "GET /healthcheck HTTP/1.1" 200 0 "-" "ELB-HealthChecker/2.0"
186.107.153.215 - - [12/Feb/2023:00:07:01 +0100] "GET /?gclid=CjwKCAiAlp2fBhBPEiwA2Q10D8FzL4QzW2eQK2ysJeMMEsX8MBllNj0HVGy5kif8xChGU0ZGFBdn4RoCqMwQAvD_BwE HTTP/1.1" 200 21507 "-" "Mozilla/5.0 (Linux; Android 11; moto e20) AppleWebKit/537.36 (KHTML, like Gecko) Chrome/109.0.0.0 Mobile Safari/537.36"
172.31.44.91 - - [12/Feb/2023:00:07:01 +0100] "GET /healthcheck HTTP/1.1" 200 0 "-" "ELB-HealthChecker/2.0"
186.107.153.215 - - [12/Feb/2023:00:07:03 +0100] "GET /media/contentmanager/content/ HTTP/1.1" 403 177 "https://ch.izas-outdoor.com/?gclid=CjwKCAiAlp2fBhBPEiwA2Q10D8FzL4QzW2eQK2ysJeMMEsX8MBllNj0HVGy5kif8xChGU0ZGFBdn4RoCqMwQAvD_BwE" "Mozilla/5.0 (Linux; Android 11; moto e20) AppleWebKit/537.36 (KHTML, like Gecko) Chrome/109.0.0.0 Mobile Safari/537.36"
31.4.149.13 - - [12/Feb/2023:00:07:03 +0100] "GET /hombre.html?p=2&_=1676156451211 HTTP/1.1" 200 26891 "https://www.izas-outdoor.com/hombre.html" "Mozilla/5.0 (Linux; Android 12; 21061119DG) AppleWebKit/537.36 (KHTML, like Gecko) Chrome/109.0.0.0 Mobile Safari/537.36"
186.107.153.215 - - [12/Feb/2023:00:07:04 +0100] "GET /media/contentmanager/content/ HTTP/1.1" 403 177 "https://ch.izas-outdoor.com/?gclid=CjwKCAiAlp2fBhBPEiwA2Q10D8FzL4QzW2eQK2ysJeMMEsX8MBllNj0HVGy5kif8xChGU0ZGFBdn4RoCqMwQAvD_BwE" "Mozilla/5.0 (Linux; Android 11; moto e20) AppleWebKit/537.36 (KHTML, like Gecko) Chrome/109.0.0.0 Mobile Safari/537.36"
186.107.153.215 - - [12/Feb/2023:00:07:04 +0100] "GET /media/contentmanager/content/ HTTP/1.1" 403 177 "https://ch.izas-outdoor.com/?gclid=CjwKCAiAlp2fBhBPEiwA2Q10D8FzL4QzW2eQK2ysJeMMEsX8MBllNj0HVGy5kif8xChGU0ZGFBdn4RoCqMwQAvD_BwE" "Mozilla/5.0 (Linux; Android 11; moto e20) AppleWebKit/537.36 (KHTML, like Gecko) Chrome/109.0.0.0 Mobile Safari/537.36"
186.107.153.215 - - [12/Feb/2023:00:07:05 +0100] "GET /media/contentmanager/content/ HTTP/1.1" 403 177 "https://ch.izas-outdoor.com/?gclid=CjwKCAiAlp2fBhBPEiwA2Q10D8FzL4QzW2eQK2ysJeMMEsX8MBllNj0HVGy5kif8xChGU0ZGFBdn4RoCqMwQAvD_BwE" "Mozilla/5.0 (Linux; Android 11; moto e20) AppleWebKit/537.36 (KHTML, like Gecko) Chrome/109.0.0.0 Mobile Safari/537.36"
2a0c:5a80:2109:4b00:8c6b:2c98:a810:b08c - - [12/Feb/2023:00:07:05 +0100] "GET /?query=Gorra&scroll=5449 HTTP/1.1" 200 22624 "https://www.google.com/" "Mozilla/5.0 (iPhone; CPU iPhone OS 16_2 like Mac OS X) AppleWebKit/605.1.15 (KHTML, like Gecko) Version/16.2 Mobile/15E148 Safari/604.1"
186.107.153.215 - - [12/Feb/2023:00:07:07 +0100] "GET /media/contentmanager/content/ HTTP/1.1" 403 177 "https://ch.izas-outdoor.com/?gclid=CjwKCAiAlp2fBhBPEiwA2Q10D8FzL4QzW2eQK2ysJeMMEsX8MBllNj0HVGy5kif8xChGU0ZGFBdn4RoCqMwQAvD_BwE" "Mozilla/5.0 (Linux; Android 11; moto e20) AppleWebKit/537.36 (KHTML, like Gecko) Chrome/109.0.0.0 Mobile Safari/537.36"
172.31.18.245 - - [12/Feb/2023:00:07:10 +0100] "GET /healthcheck HTTP/1.1" 200 0 "-" "ELB-HealthChecker/2.0"
172.31.18.245 - - [12/Feb/2023:00:07:11 +0100] "GET /healthcheck HTTP/1.1" 200 0 "-" "ELB-HealthChecker/2.0"
172.31.44.91 - - [12/Feb/2023:00:07:11 +0100] "GET /healthcheck HTTP/1.1" 200 0 "-" "ELB-HealthChecker/2.0"
172.31.44.91 - - [12/Feb/2023:00:07:11 +0100] "GET /healthcheck HTTP/1.1" 200 0 "-" "ELB-HealthChecker/2.0"
186.173.22.173 - - [12/Feb/2023:00:07:11 +0100] "GET /customer/section/load/?sections=cart&force_new_section_timestamp=false&_=1676156604308 HTTP/1.1" 200 285 "https://ch.izas-outdoor.com/?gclid=EAIaIQobChMIic7K38mO_QIVJlC4BB2ZKw3sEAEYASAAEgLLf_D_BwE" "Mozilla/5.0 (Linux; Android 11; 22031116BG) AppleWebKit/537.36 (KHTML, like Gecko) Chrome/109.0.0.0 Mobile Safari/537.36"
186.173.22.173 - - [12/Feb/2023:00:07:12 +0100] "GET /customer/section/load/?sections=cart&force_new_section_timestamp=false&_=1676156604309 HTTP/1.1" 200 286 "https://ch.izas-outdoor.com/?gclid=EAIaIQobChMIic7K38mO_QIVJlC4BB2ZKw3sEAEYASAAEgLLf_D_BwE" "Mozilla/5.0 (Linux; Android 11; 22031116BG) AppleWebKit/537.36 (KHTML, like Gecko) Chrome/109.0.0.0 Mobile Safari/537.36"
89.141.13.28 - - [12/Feb/2023:00:07:14 +0100] "GET /?fbclid=IwAR327aJurA9aG5XKj86eTmUGgV8ZQ5oqkuBSc3DVqrl1BaVn3hiSo5wl7yo HTTP/1.1" 200 22579 "https://lm.facebook.com/" "Mozilla/5.0 (Linux; Android 12; SM-A336B Build/SP1A.210812.016; wv) AppleWebKit/537.36 (KHTML, like Gecko) Version/4.0 Chrome/109.0.5414.117 Mobile Safari/537.36 [FB_IAB/FB4A;FBAV/401.0.0.24.77;]"
186.107.153.215 - - [12/Feb/2023:00:07:15 +0100] "GET /customer/section/load/?sections=cart&force_new_section_timestamp=false&_=1676156822288 HTTP/1.1" 200 286 "https://ch.izas-outdoor.com/?gclid=CjwKCAiAlp2fBhBPEiwA2Q10D8FzL4QzW2eQK2ysJeMMEsX8MBllNj0HVGy5kif8xChGU0ZGFBdn4RoCqMwQAvD_BwE" "Mozilla/5.0 (Linux; Android 11; moto e20) AppleWebKit/537.36 (KHTML, like Gecko) Chrome/109.0.0.0 Mobile Safari/537.36"
186.107.153.215 - - [12/Feb/2023:00:07:15 +0100] "GET /customer/section/load/?sections=cart&force_new_section_timestamp=false&_=1676156822289 HTTP/1.1" 200 284 "https://ch.izas-outdoor.com/?gclid=CjwKCAiAlp2fBhBPEiwA2Q10D8FzL4QzW2eQK2ysJeMMEsX8MBllNj0HVGy5kif8xChGU0ZGFBdn4RoCqMwQAvD_BwE" "Mozilla/5.0 (Linux; Android 11; moto e20) AppleWebKit/537.36 (KHTML, like Gecko) Chrome/109.0.0.0 Mobile Safari/537.36"
89.141.13.28 - - [12/Feb/2023:00:07:18 +0100] "GET /customer/section/load/?sections=cart&force_new_section_timestamp=false&_=1676156834936 HTTP/1.1" 200 618 "https://www.izas-outdoor.com/?fbclid=IwAR327aJurA9aG5XKj86eTmUGgV8ZQ5oqkuBSc3DVqrl1BaVn3hiSo5wl7yo" "Mozilla/5.0 (Linux; Android 12; SM-A336B Build/SP1A.210812.016; wv) AppleWebKit/537.36 (KHTML, like Gecko) Version/4.0 Chrome/109.0.5414.117 Mobile Safari/537.36 [FB_IAB/FB4A;FBAV/401.0.0.24.77;]"
89.141.13.28 - - [12/Feb/2023:00:07:18 +0100] "GET /customer/section/load/?sections=cart&force_new_section_timestamp=false&_=1676156834936 HTTP/1.1" 200 606 "https://www.izas-outdoor.com/?fbclid=IwAR327aJurA9aG5XKj86eTmUGgV8ZQ5oqkuBSc3DVqrl1BaVn3hiSo5wl7yo" "Mozilla/5.0 (Linux; Android 12; SM-A336B Build/SP1A.210812.016; wv) AppleWebKit/537.36 (KHTML, like Gecko) Version/4.0 Chrome/109.0.5414.117 Mobile Safari/537.36 [FB_IAB/FB4A;FBAV/401.0.0.24.77;]"
89.141.13.28 - - [12/Feb/2023:00:07:18 +0100] "GET /customer/section/load/?sections=cart&force_new_section_timestamp=false&_=1676156834937 HTTP/1.1" 200 618 "https://www.izas-outdoor.com/?fbclid=IwAR327aJurA9aG5XKj86eTmUGgV8ZQ5oqkuBSc3DVqrl1BaVn3hiSo5wl7yo" "Mozilla/5.0 (Linux; Android 12; SM-A336B Build/SP1A.210812.016; wv) AppleWebKit/537.36 (KHTML, like Gecko) Version/4.0 Chrome/109.0.5414.117 Mobile Safari/537.36 [FB_IAB/FB4A;FBAV/401.0.0.24.77;]"
89.141.13.28 - - [12/Feb/2023:00:07:18 +0100] "GET /customer/section/load/?sections=cart&force_new_section_timestamp=false&_=1676156834937 HTTP/1.1" 200 618 "https://www.izas-outdoor.com/?fbclid=IwAR327aJurA9aG5XKj86eTmUGgV8ZQ5oqkuBSc3DVqrl1BaVn3hiSo5wl7yo" "Mozilla/5.0 (Linux; Android 12; SM-A336B Build/SP1A.210812.016; wv) AppleWebKit/537.36 (KHTML, like Gecko) Version/4.0 Chrome/109.0.5414.117 Mobile Safari/537.36 [FB_IAB/FB4A;FBAV/401.0.0.24.77;]"
206.0.48.232 - - [12/Feb/2023:00:07:20 +0100] "GET /?gclid=EAIaIQobChMIjbWb28mO_QIVVAS5Bh193gy-EAEYASAAEgLJqPD_BwE HTTP/1.1" 200 21507 "-" "Mozilla/5.0 (Linux; Android 10; M2004J19C) AppleWebKit/537.36 (KHTML, like Gecko) Chrome/109.0.0.0 Mobile Safari/537.36"
172.31.18.245 - - [12/Feb/2023:00:07:20 +0100] "GET /healthcheck HTTP/1.1" 200 0 "-" "ELB-HealthChecker/2.0"
172.31.18.245 - - [12/Feb/2023:00:07:21 +0100] "GET /healthcheck HTTP/1.1" 200 0 "-" "ELB-HealthChecker/2.0"
172.31.44.91 - - [12/Feb/2023:00:07:21 +0100] "GET /healthcheck HTTP/1.1" 200 0 "-" "ELB-HealthChecker/2.0"
172.31.44.91 - - [12/Feb/2023:00:07:21 +0100] "GET /healthcheck HTTP/1.1" 200 0 "-" "ELB-HealthChecker/2.0"
89.141.13.28 - - [12/Feb/2023:00:07:28 +0100] "GET /customer/section/load/?sections=cart&force_new_section_timestamp=false&_=1676156847202 HTTP/1.1" 200 617 "https://www.izas-outdoor.com/hombre.html" "Mozilla/5.0 (Linux; Android 12; SM-A336B Build/SP1A.210812.016; wv) AppleWebKit/537.36 (KHTML, like Gecko) Version/4.0 Chrome/109.0.5414.117 Mobile Safari/537.36 [FB_IAB/FB4A;FBAV/401.0.0.24.77;]"
89.141.13.28 - - [12/Feb/2023:00:07:28 +0100] "GET /customer/section/load/?sections=cart&force_new_section_timestamp=false&_=1676156847202 HTTP/1.1" 200 617 "https://www.izas-outdoor.com/hombre.html" "Mozilla/5.0 (Linux; Android 12; SM-A336B Build/SP1A.210812.016; wv) AppleWebKit/537.36 (KHTML, like Gecko) Version/4.0 Chrome/109.0.5414.117 Mobile Safari/537.36 [FB_IAB/FB4A;FBAV/401.0.0.24.77;]"
206.0.48.232 - - [12/Feb/2023:00:07:30 +0100] "GET /media/contentmanager/content/ HTTP/1.1" 403 177 "https://ch.izas-outdoor.com/?gclid=EAIaIQobChMIjbWb28mO_QIVVAS5Bh193gy-EAEYASAAEgLJqPD_BwE" "Mozilla/5.0 (Linux; Android 10; M2004J19C) AppleWebKit/537.36 (KHTML, like Gecko) Chrome/109.0.0.0 Mobile Safari/537.36"
172.31.18.245 - - [12/Feb/2023:00:07:30 +0100] "GET /healthcheck HTTP/1.1" 200 0 "-" "ELB-HealthChecker/2.0"
172.31.18.245 - - [12/Feb/2023:00:07:31 +0100] "GET /healthcheck HTTP/1.1" 200 0 "-" "ELB-HealthChecker/2.0"
172.31.44.91 - - [12/Feb/2023:00:07:31 +0100] "GET /healthcheck HTTP/1.1" 200 0 "-" "ELB-HealthChecker/2.0"
172.31.44.91 - - [12/Feb/2023:00:07:31 +0100] "GET /healthcheck HTTP/1.1" 200 0 "-" "ELB-HealthChecker/2.0"
181.203.207.8 - - [12/Feb/2023:00:07:38 +0100] "GET /?gclid=EAIaIQobChMI7oP-18qO_QIVFrqVAh1CQwzTEAEYASAAEgKUKPD_BwE HTTP/1.1" 200 21507 "-" "Mozilla/5.0 (Linux; Android 11; CPH2269) AppleWebKit/537.36 (KHTML, like Gecko) Chrome/109.0.0.0 Mobile Safari/537.36"
113.24.224.54 - - [12/Feb/2023:00:07:38 +0100] "GET /pub/media/catalog/product/cache/2c814ea0ef5c8fc16ee3f615f3a37e6c/i/m/imupo01602ch-1.jpg HTTP/1.1" 403 117 "-" "Mozilla/5.0 (X11; Ubuntu; Linux x86_64; rv:72.0) Gecko/20100101 Firefox/72.0"
89.141.13.28 - - [12/Feb/2023:00:07:39 +0100] "GET /hombre.html?p=2&_=1676156847203 HTTP/1.1" 200 26892 "https://www.izas-outdoor.com/hombre.html" "Mozilla/5.0 (Linux; Android 12; SM-A336B Build/SP1A.210812.016; wv) AppleWebKit/537.36 (KHTML, like Gecko) Version/4.0 Chrome/109.0.5414.117 Mobile Safari/537.36 [FB_IAB/FB4A;FBAV/401.0.0.24.77;]"
113.24.224.142 - - [12/Feb/2023:00:07:40 +0100] "GET /pub/media/catalog/product/cache/2c814ea0ef5c8fc16ee3f615f3a37e6c/i/m/imupo01602ch-1.jpg HTTP/1.1" 403 117 "-" "Mozilla/5.0 (X11; Ubuntu; Linux x86_64; rv:72.0) Gecko/20100101 Firefox/72.0"
172.31.18.245 - - [12/Feb/2023:00:07:40 +0100] "GET /healthcheck HTTP/1.1" 200 0 "-" "ELB-HealthChecker/2.0"
46.6.164.75 - - [12/Feb/2023:00:07:40 +0100] "GET /nueva-coleccion/chaqueta-polar-gris-hombre-alder-m.html HTTP/1.1" 200 25502 "https://www.izas-outdoor.com/hombre/camisetas-capas-intermedias/polares.html" "Mozilla/5.0 (Linux; Android 10; moto g(7) power) AppleWebKit/537.36 (KHTML, like Gecko) Chrome/109.0.0.0 Mobile Safari/537.36"
172.31.18.245 - - [12/Feb/2023:00:07:41 +0100] "GET /healthcheck HTTP/1.1" 200 0 "-" "ELB-HealthChecker/2.0"
172.31.44.91 - - [12/Feb/2023:00:07:41 +0100] "GET /healthcheck HTTP/1.1" 200 0 "-" "ELB-HealthChecker/2.0"
46.6.164.75 - - [12/Feb/2023:00:07:41 +0100] "GET /media/catalog/product/i/m/imjlw01670sm-2_1.jpg HTTP/1.0" 200 432649 "https://www.izas-outdoor.com/nueva-coleccion/chaqueta-polar-gris-hombre-alder-m.html" "Mozilla/5.0 (Linux; Android 10; moto g(7) power) AppleWebKit/537.36 (KHTML, like Gecko) Chrome/109.0.0.0 Mobile Safari/537.36"
46.6.164.75 - - [12/Feb/2023:00:07:41 +0100] "GET /media/catalog/product/i/m/imjlw01670sm-2_1.jpg HTTP/1.1" 200 409610 "https://www.izas-outdoor.com/nueva-coleccion/chaqueta-polar-gris-hombre-alder-m.html" "Mozilla/5.0 (Linux; Android 10; moto g(7) power) AppleWebKit/537.36 (KHTML, like Gecko) Chrome/109.0.0.0 Mobile Safari/537.36"
46.6.164.75 - - [12/Feb/2023:00:07:41 +0100] "GET /media/catalog/product/i/m/imjlw01670sm-3_1.jpg HTTP/1.0" 200 208737 "https://www.izas-outdoor.com/nueva-coleccion/chaqueta-polar-gris-hombre-alder-m.html" "Mozilla/5.0 (Linux; Android 10; moto g(7) power) AppleWebKit/537.36 (KHTML, like Gecko) Chrome/109.0.0.0 Mobile Safari/537.36"
46.6.164.75 - - [12/Feb/2023:00:07:41 +0100] "GET /media/catalog/product/i/m/imjlw01670sm-3_1.jpg HTTP/1.1" 200 189872 "https://www.izas-outdoor.com/nueva-coleccion/chaqueta-polar-gris-hombre-alder-m.html" "Mozilla/5.0 (Linux; Android 10; moto g(7) power) AppleWebKit/537.36 (KHTML, like Gecko) Chrome/109.0.0.0 Mobile Safari/537.36"
172.31.44.91 - - [12/Feb/2023:00:07:41 +0100] "GET /healthcheck HTTP/1.1" 200 0 "-" "ELB-HealthChecker/2.0"
31.4.149.13 - - [12/Feb/2023:00:07:41 +0100] "GET /hombre.html?_=1676156451212&p=3 HTTP/1.1" 200 27074 "https://www.izas-outdoor.com/hombre.html" "Mozilla/5.0 (Linux; Android 12; 21061119DG) AppleWebKit/537.36 (KHTML, like Gecko) Chrome/109.0.0.0 Mobile Safari/537.36"
212.102.54.136 - - [12/Feb/2023:00:07:41 +0100] "GET / HTTP/1.1" 200 21831 "https://www.izas-outdoor.com/" "Mozilla/5.0 (Windows NT 10.0; WOW64) AppleWebKit/537.36 (KHTML, like Gecko) Chrome/90.0.4430.93 Safari/537.36"
113.24.224.172 - - [12/Feb/2023:00:07:42 +0100] "GET /pub/media/catalog/product/cache/2c814ea0ef5c8fc16ee3f615f3a37e6c/i/m/imupo01602ch-1.jpg HTTP/1.1" 403 117 "-" "Mozilla/5.0 (X11; Ubuntu; Linux x86_64; rv:72.0) Gecko/20100101 Firefox/72.0"
212.102.54.136 - - [12/Feb/2023:00:07:42 +0100] "GET /en/customer/account/ HTTP/1.1" 302 5 "https://www.izas-outdoor.com/en/customer/account/" "Mozilla/5.0 (Windows NT 10.0; WOW64) AppleWebKit/537.36 (KHTML, like Gecko) Chrome/90.0.4430.93 Safari/537.36"
212.102.54.136 - - [12/Feb/2023:00:07:42 +0100] "GET /en/customer/account/ HTTP/1.1" 302 20 "https://www.izas-outdoor.com/en/customer/account/" "Mozilla/5.0 (Windows NT 10.0; WOW64) AppleWebKit/537.36 (KHTML, like Gecko) Chrome/90.0.4430.93 Safari/537.36"
212.102.54.136 - - [12/Feb/2023:00:07:42 +0100] "GET /en/customer/account/login/referer/aHR0cHM6Ly93d3cuaXphcy1vdXRkb29yLmNvbS9lbi9jdXN0b21lci9hY2NvdW50L2luZGV4Lw%2C%2C/ HTTP/1.1" 200 21205 "https://www.izas-outdoor.com/en/customer/account/login/referer/aHR0cHM6Ly93d3cuaXphcy1vdXRkb29yLmNvbS9lbi9jdXN0b21lci9hY2NvdW50L2luZGV4Lw%2C%2C/" "Mozilla/5.0 (Windows NT 10.0; WOW64) AppleWebKit/537.36 (KHTML, like Gecko) Chrome/90.0.4430.93 Safari/537.36"
212.102.54.136 - - [12/Feb/2023:00:07:42 +0100] "GET /en/customer/account/login/referer/aHR0cHM6Ly93d3cuaXphcy1vdXRkb29yLmNvbS9lbi9jdXN0b21lci9hY2NvdW50L2luZGV4Lw%2C%2C/ HTTP/1.1" 200 21585 "https://www.izas-outdoor.com/en/customer/account/login/referer/aHR0cHM6Ly93d3cuaXphcy1vdXRkb29yLmNvbS9lbi9jdXN0b21lci9hY2NvdW50L2luZGV4Lw%2C%2C/" "Mozilla/5.0 (Windows NT 10.0; WOW64) AppleWebKit/537.36 (KHTML, like Gecko) Chrome/90.0.4430.93 Safari/537.36"
46.6.164.75 - - [12/Feb/2023:00:07:44 +0100] "GET /media/catalog/product/i/m/imjlw01670sm-6_1.jpg HTTP/1.0" 200 225809 "https://www.izas-outdoor.com/nueva-coleccion/chaqueta-polar-gris-hombre-alder-m.html" "Mozilla/5.0 (Linux; Android 10; moto g(7) power) AppleWebKit/537.36 (KHTML, like Gecko) Chrome/109.0.0.0 Mobile Safari/537.36"
46.6.164.75 - - [12/Feb/2023:00:07:44 +0100] "GET /media/catalog/product/i/m/imjlw01670sm-6_1.jpg HTTP/1.1" 200 202807 "https://www.izas-outdoor.com/nueva-coleccion/chaqueta-polar-gris-hombre-alder-m.html" "Mozilla/5.0 (Linux; Android 10; moto g(7) power) AppleWebKit/537.36 (KHTML, like Gecko) Chrome/109.0.0.0 Mobile Safari/537.36"
46.6.164.75 - - [12/Feb/2023:00:07:44 +0100] "GET /media/catalog/product/i/m/imjlw01670sm-4_1.jpg HTTP/1.0" 200 1295610 "https://www.izas-outdoor.com/nueva-coleccion/chaqueta-polar-gris-hombre-alder-m.html" "Mozilla/5.0 (Linux; Android 10; moto g(7) power) AppleWebKit/537.36 (KHTML, like Gecko) Chrome/109.0.0.0 Mobile Safari/537.36"
46.6.164.75 - - [12/Feb/2023:00:07:44 +0100] "GET /media/catalog/product/i/m/imjlw01670sm-4_1.jpg HTTP/1.1" 200 1283997 "https://www.izas-outdoor.com/nueva-coleccion/chaqueta-polar-gris-hombre-alder-m.html" "Mozilla/5.0 (Linux; Android 10; moto g(7) power) AppleWebKit/537.36 (KHTML, like Gecko) Chrome/109.0.0.0 Mobile Safari/537.36"
46.6.164.75 - - [12/Feb/2023:00:07:44 +0100] "GET /media/catalog/product/i/m/imjlw01670sm-5_1.jpg HTTP/1.0" 200 1380481 "https://www.izas-outdoor.com/nueva-coleccion/chaqueta-polar-gris-hombre-alder-m.html" "Mozilla/5.0 (Linux; Android 10; moto g(7) power) AppleWebKit/537.36 (KHTML, like Gecko) Chrome/109.0.0.0 Mobile Safari/537.36"
46.6.164.75 - - [12/Feb/2023:00:07:44 +0100] "GET /media/catalog/product/i/m/imjlw01670sm-5_1.jpg HTTP/1.1" 200 1372308 "https://www.izas-outdoor.com/nueva-coleccion/chaqueta-polar-gris-hombre-alder-m.html" "Mozilla/5.0 (Linux; Android 10; moto g(7) power) AppleWebKit/537.36 (KHTML, like Gecko) Chrome/109.0.0.0 Mobile Safari/537.36"
46.6.164.75 - - [12/Feb/2023:00:07:45 +0100] "GET /media/catalog/product/i/m/imjlw01670sm-7_1.jpg HTTP/1.0" 200 422597 "https://www.izas-outdoor.com/nueva-coleccion/chaqueta-polar-gris-hombre-alder-m.html" "Mozilla/5.0 (Linux; Android 10; moto g(7) power) AppleWebKit/537.36 (KHTML, like Gecko) Chrome/109.0.0.0 Mobile Safari/537.36"
46.6.164.75 - - [12/Feb/2023:00:07:45 +0100] "GET /media/catalog/product/i/m/imjlw01670sm-7_1.jpg HTTP/1.1" 200 403455 "https://www.izas-outdoor.com/nueva-coleccion/chaqueta-polar-gris-hombre-alder-m.html" "Mozilla/5.0 (Linux; Android 10; moto g(7) power) AppleWebKit/537.36 (KHTML, like Gecko) Chrome/109.0.0.0 Mobile Safari/537.36"
212.102.54.136 - - [12/Feb/2023:00:07:45 +0100] "POST /en/customer/account/createpost/ HTTP/1.1" 302 5 "https://www.izas-outdoor.com/en/customer/account/login/referer/aHR0cHM6Ly93d3cuaXphcy1vdXRkb29yLmNvbS9lbi9jdXN0b21lci9hY2NvdW50L2luZGV4Lw%2C%2C/" "Mozilla/5.0 (Windows NT 10.0; WOW64) AppleWebKit/537.36 (KHTML, like Gecko) Chrome/90.0.4430.93 Safari/537.36"
212.102.54.136 - - [12/Feb/2023:00:07:45 +0100] "POST /en/customer/account/createpost/ HTTP/1.1" 302 20 "https://www.izas-outdoor.com/en/customer/account/login/referer/aHR0cHM6Ly93d3cuaXphcy1vdXRkb29yLmNvbS9lbi9jdXN0b21lci9hY2NvdW50L2luZGV4Lw%2C%2C/" "Mozilla/5.0 (Windows NT 10.0; WOW64) AppleWebKit/537.36 (KHTML, like Gecko) Chrome/90.0.4430.93 Safari/537.36"
212.102.54.136 - - [12/Feb/2023:00:07:45 +0100] "GET /en/customer/account/ HTTP/1.1" 200 18067 "https://www.izas-outdoor.com/en/customer/account/" "Mozilla/5.0 (Windows NT 10.0; WOW64) AppleWebKit/537.36 (KHTML, like Gecko) Chrome/90.0.4430.93 Safari/537.36"
212.102.54.136 - - [12/Feb/2023:00:07:45 +0100] "GET /en/customer/account/ HTTP/1.1" 200 18404 "https://www.izas-outdoor.com/en/customer/account/" "Mozilla/5.0 (Windows NT 10.0; WOW64) AppleWebKit/537.36 (KHTML, like Gecko) Chrome/90.0.4430.93 Safari/537.36"
212.102.54.136 - - [12/Feb/2023:00:07:46 +0100] "GET /en/customer/account/ HTTP/1.1" 200 18067 "https://www.izas-outdoor.com/" "Mozilla/5.0 (Windows NT 10.0; WOW64) AppleWebKit/537.36 (KHTML, like Gecko) Chrome/90.0.4430.93 Safari/537.36"
212.102.54.136 - - [12/Feb/2023:00:07:46 +0100] "GET /en/customer/account/ HTTP/1.1" 200 18404 "https://www.izas-outdoor.com/" "Mozilla/5.0 (Windows NT 10.0; WOW64) AppleWebKit/537.36 (KHTML, like Gecko) Chrome/90.0.4430.93 Safari/537.36"
113.24.224.48 - - [12/Feb/2023:00:07:47 +0100] "GET /pub/media/catalog/product/cache/2c814ea0ef5c8fc16ee3f615f3a37e6c/i/m/imupo01602ch-1.jpg HTTP/1.1" 403 117 "-" "Mozilla/5.0 (X11; Ubuntu; Linux x86_64; rv:72.0) Gecko/20100101 Firefox/72.0"
46.6.164.75 - - [12/Feb/2023:00:07:47 +0100] "GET /media/catalog/product/i/m/imjlw01670sm-8_1.jpg HTTP/1.0" 200 427570 "https://www.izas-outdoor.com/nueva-coleccion/chaqueta-polar-gris-hombre-alder-m.html" "Mozilla/5.0 (Linux; Android 10; moto g(7) power) AppleWebKit/537.36 (KHTML, like Gecko) Chrome/109.0.0.0 Mobile Safari/537.36"
46.6.164.75 - - [12/Feb/2023:00:07:47 +0100] "GET /media/catalog/product/i/m/imjlw01670sm-8_1.jpg HTTP/1.1" 200 406885 "https://www.izas-outdoor.com/nueva-coleccion/chaqueta-polar-gris-hombre-alder-m.html" "Mozilla/5.0 (Linux; Android 10; moto g(7) power) AppleWebKit/537.36 (KHTML, like Gecko) Chrome/109.0.0.0 Mobile Safari/537.36"
31.4.149.13 - - [12/Feb/2023:00:07:48 +0100] "GET /?gclid=CjwKCAiAlp2fBhBPEiwA2Q10D0zt1q1eR4RDjaELq3pyUf9TCLpmliq9-Mu1pxzeNo0_WOYTqrOPHBoCPJ0QAvD_BwE HTTP/1.1" 200 22579 "android-app://com.google.android.googlequicksearchbox/" "Mozilla/5.0 (Linux; Android 12; 21061119DG) AppleWebKit/537.36 (KHTML, like Gecko) Chrome/109.0.0.0 Mobile Safari/537.36"
113.24.224.141 - - [12/Feb/2023:00:07:49 +0100] "GET /pub/media/catalog/product/cache/2c814ea0ef5c8fc16ee3f615f3a37e6c/i/m/imupo01602ch-1.jpg HTTP/1.1" 403 117 "-" "Mozilla/5.0 (X11; Ubuntu; Linux x86_64; rv:72.0) Gecko/20100101 Firefox/72.0"
172.31.18.245 - - [12/Feb/2023:00:07:50 +0100] "GET /healthcheck HTTP/1.1" 200 0 "-" "ELB-HealthChecker/2.0"
113.24.224.173 - - [12/Feb/2023:00:07:51 +0100] "GET /pub/media/catalog/product/cache/2c814ea0ef5c8fc16ee3f615f3a37e6c/i/m/imupo01602ch-1.jpg HTTP/1.1" 403 117 "-" "Mozilla/5.0 (X11; Ubuntu; Linux x86_64; rv:72.0) Gecko/20100101 Firefox/72.0"
172.31.18.245 - - [12/Feb/2023:00:07:51 +0100] "GET /healthcheck HTTP/1.1" 200 0 "-" "ELB-HealthChecker/2.0"
172.31.44.91 - - [12/Feb/2023:00:07:51 +0100] "GET /healthcheck HTTP/1.1" 200 0 "-" "ELB-HealthChecker/2.0"
172.31.44.91 - - [12/Feb/2023:00:07:51 +0100] "GET /healthcheck HTTP/1.1" 200 0 "-" "ELB-HealthChecker/2.0"
40.77.167.175 - - [12/Feb/2023:00:07:53 +0100] "GET /media/catalog/product/i/w/iwrrp02433bk-1_1.jpg HTTP/1.0" 200 98178 "-" "Mozilla/5.0 AppleWebKit/537.36 (KHTML, like Gecko; compatible; bingbot/2.0; +http://www.bing.com/bingbot.htm) Chrome/103.0.5060.134 Safari/537.36"
40.77.167.175 - - [12/Feb/2023:00:07:53 +0100] "GET /media/catalog/product/i/w/iwrrp02433bk-1_1.jpg HTTP/1.1" 200 82816 "-" "Mozilla/5.0 AppleWebKit/537.36 (KHTML, like Gecko; compatible; bingbot/2.0; +http://www.bing.com/bingbot.htm) Chrome/103.0.5060.134 Safari/537.36"
79.151.55.126 - - [12/Feb/2023:00:07:53 +0100] "GET /customer/section/load/?sections=cart&force_new_section_timestamp=false&_=1676156870957 HTTP/1.1" 200 618 "https://www.izas-outdoor.com/actividad/hombre/rainwear.html" "Mozilla/5.0 (iPhone; CPU iPhone OS 16_3 like Mac OS X) AppleWebKit/605.1.15 (KHTML, like Gecko) Version/16.3 Mobile/15E148 Safari/604.1"
79.151.55.126 - - [12/Feb/2023:00:07:53 +0100] "GET /customer/section/load/?sections=cart&force_new_section_timestamp=false&_=1676156870957 HTTP/1.1" 200 618 "https://www.izas-outdoor.com/actividad/hombre/rainwear.html" "Mozilla/5.0 (iPhone; CPU iPhone OS 16_3 like Mac OS X) AppleWebKit/605.1.15 (KHTML, like Gecko) Version/16.3 Mobile/15E148 Safari/604.1"
40.77.167.175 - - [12/Feb/2023:00:07:54 +0100] "GET /en/men/black-man-trousers-eu-indo.html HTTP/1.1" 200 24776 "-" "Mozilla/5.0 AppleWebKit/537.36 (KHTML, like Gecko; compatible; bingbot/2.0; +http://www.bing.com/bingbot.htm) Chrome/103.0.5060.134 Safari/537.36"
181.203.207.8 - - [12/Feb/2023:00:07:56 +0100] "GET /media/contentmanager/content/ HTTP/1.1" 403 177 "https://ch.izas-outdoor.com/?gclid=EAIaIQobChMI7oP-18qO_QIVFrqVAh1CQwzTEAEYASAAEgKUKPD_BwE" "Mozilla/5.0 (Linux; Android 11; CPH2269) AppleWebKit/537.36 (KHTML, like Gecko) Chrome/109.0.0.0 Mobile Safari/537.36"
172.31.18.245 - - [12/Feb/2023:00:08:00 +0100] "GET /healthcheck HTTP/1.1" 200 0 "-" "ELB-HealthChecker/2.0"
172.31.18.245 - - [12/Feb/2023:00:08:01 +0100] "GET /healthcheck HTTP/1.1" 200 0 "-" "ELB-HealthChecker/2.0"
172.31.44.91 - - [12/Feb/2023:00:08:01 +0100] "GET /healthcheck HTTP/1.1" 200 0 "-" "ELB-HealthChecker/2.0"
172.31.44.91 - - [12/Feb/2023:00:08:01 +0100] "GET /healthcheck HTTP/1.1" 200 0 "-" "ELB-HealthChecker/2.0"
89.141.13.28 - - [12/Feb/2023:00:08:02 +0100] "GET /hombre.html?_=1676156847204&p=3 HTTP/1.1" 200 27075 "https://www.izas-outdoor.com/hombre.html" "Mozilla/5.0 (Linux; Android 12; SM-A336B Build/SP1A.210812.016; wv) AppleWebKit/537.36 (KHTML, like Gecko) Version/4.0 Chrome/109.0.5414.117 Mobile Safari/537.36 [FB_IAB/FB4A;FBAV/401.0.0.24.77;]"
46.222.153.174 - - [12/Feb/2023:00:08:04 +0100] "GET /?gclid=CjwKCAiAlp2fBhBPEiwA2Q10D4njsRSzuyyE3atCtUVzkMjXbP1QsRh8ZCPAGn9RbCYhM6H4mn1ZKRoC3JQQAvD_BwE HTTP/1.1" 200 22579 "https://youtube.com/" "Mozilla/5.0 (Linux; Android 12; M2101K9G) AppleWebKit/537.36 (KHTML, like Gecko) Chrome/109.0.0.0 Mobile Safari/537.36"
172.31.18.245 - - [12/Feb/2023:00:08:10 +0100] "GET /healthcheck HTTP/1.1" 200 0 "-" "ELB-HealthChecker/2.0"
172.31.18.245 - - [12/Feb/2023:00:08:11 +0100] "GET /healthcheck HTTP/1.1" 200 0 "-" "ELB-HealthChecker/2.0"
172.31.44.91 - - [12/Feb/2023:00:08:11 +0100] "GET /healthcheck HTTP/1.1" 200 0 "-" "ELB-HealthChecker/2.0"
172.31.44.91 - - [12/Feb/2023:00:08:11 +0100] "GET /healthcheck HTTP/1.1" 200 0 "-" "ELB-HealthChecker/2.0"
157.55.39.0 - - [12/Feb/2023:00:08:12 +0100] "GET /it/pantaloni-da-trekking-inverno-asgard-blu-verde-verde-1.html HTTP/1.1" 404 16952 "-" "Mozilla/5.0 AppleWebKit/537.36 (KHTML, like Gecko; compatible; bingbot/2.0; +http://www.bing.com/bingbot.htm) Chrome/103.0.5060.134 Safari/537.36"
181.203.207.8 - - [12/Feb/2023:00:08:12 +0100] "GET /media/contentmanager/content/ HTTP/1.1" 403 177 "https://ch.izas-outdoor.com/?gclid=EAIaIQobChMI7oP-18qO_QIVFrqVAh1CQwzTEAEYASAAEgKUKPD_BwE" "Mozilla/5.0 (Linux; Android 11; CPH2269) AppleWebKit/537.36 (KHTML, like Gecko) Chrome/109.0.0.0 Mobile Safari/537.36"
157.55.39.0 - - [12/Feb/2023:00:08:13 +0100] "GET /men/mochila-de-trekking-gris-y-rosa-25-l-novax-m.html HTTP/1.1" 301 5 "-" "Mozilla/5.0 AppleWebKit/537.36 (KHTML, like Gecko; compatible; bingbot/2.0; +http://www.bing.com/bingbot.htm) Chrome/103.0.5060.134 Safari/537.36"
